Archive member included to satisfy reference by file (symbol)

c:/program files (x86)/atollic/truestudio for stm32 9.0.0/armtools/bin/../lib/gcc/arm-atollic-eabi/6.3.1/../../../../arm-atollic-eabi/lib/armv7e-m/fpu\libc_nano.a(lib_a-init.o)
                              startup\startup_stm32f411xe.o (__libc_init_array)
c:/program files (x86)/atollic/truestudio for stm32 9.0.0/armtools/bin/../lib/gcc/arm-atollic-eabi/6.3.1/../../../../arm-atollic-eabi/lib/armv7e-m/fpu\libc_nano.a(lib_a-malloc.o)
                              Middlewares\ST\STM32_USB_Device_Library\Class\RNDIS\Src\usbd_rndis.o (malloc)
c:/program files (x86)/atollic/truestudio for stm32 9.0.0/armtools/bin/../lib/gcc/arm-atollic-eabi/6.3.1/../../../../arm-atollic-eabi/lib/armv7e-m/fpu\libc_nano.a(lib_a-memcmp.o)
                              Middlewares\Third_Party\FreeRTOS-Plus-TCP\FreeRTOS_ARP.o (memcmp)
c:/program files (x86)/atollic/truestudio for stm32 9.0.0/armtools/bin/../lib/gcc/arm-atollic-eabi/6.3.1/../../../../arm-atollic-eabi/lib/armv7e-m/fpu\libc_nano.a(lib_a-memcpy-stub.o)
                              Middlewares\ST\STM32_USB_Device_Library\App\Src\usbd_rndis_if.o (memcpy)
c:/program files (x86)/atollic/truestudio for stm32 9.0.0/armtools/bin/../lib/gcc/arm-atollic-eabi/6.3.1/../../../../arm-atollic-eabi/lib/armv7e-m/fpu\libc_nano.a(lib_a-memmove.o)
                              Middlewares\Third_Party\FreeRTOS-Plus-TCP\FreeRTOS_IP.o (memmove)
c:/program files (x86)/atollic/truestudio for stm32 9.0.0/armtools/bin/../lib/gcc/arm-atollic-eabi/6.3.1/../../../../arm-atollic-eabi/lib/armv7e-m/fpu\libc_nano.a(lib_a-memset.o)
                              Middlewares\Third_Party\FreeRTOS\Source\CMSIS_RTOS\cmsis_os.o (memset)
c:/program files (x86)/atollic/truestudio for stm32 9.0.0/armtools/bin/../lib/gcc/arm-atollic-eabi/6.3.1/../../../../arm-atollic-eabi/lib/armv7e-m/fpu\libc_nano.a(lib_a-nano-freer.o)
                              c:/program files (x86)/atollic/truestudio for stm32 9.0.0/armtools/bin/../lib/gcc/arm-atollic-eabi/6.3.1/../../../../arm-atollic-eabi/lib/armv7e-m/fpu\libc_nano.a(lib_a-malloc.o) (_free_r)
c:/program files (x86)/atollic/truestudio for stm32 9.0.0/armtools/bin/../lib/gcc/arm-atollic-eabi/6.3.1/../../../../arm-atollic-eabi/lib/armv7e-m/fpu\libc_nano.a(lib_a-nano-mallocr.o)
                              c:/program files (x86)/atollic/truestudio for stm32 9.0.0/armtools/bin/../lib/gcc/arm-atollic-eabi/6.3.1/../../../../arm-atollic-eabi/lib/armv7e-m/fpu\libc_nano.a(lib_a-malloc.o) (_malloc_r)
c:/program files (x86)/atollic/truestudio for stm32 9.0.0/armtools/bin/../lib/gcc/arm-atollic-eabi/6.3.1/../../../../arm-atollic-eabi/lib/armv7e-m/fpu\libc_nano.a(lib_a-rand.o)
                              Middlewares\Third_Party\FreeRTOS-Plus-TCP\FreeRTOS_DNS.o (rand)
c:/program files (x86)/atollic/truestudio for stm32 9.0.0/armtools/bin/../lib/gcc/arm-atollic-eabi/6.3.1/../../../../arm-atollic-eabi/lib/armv7e-m/fpu\libc_nano.a(lib_a-sbrkr.o)
                              c:/program files (x86)/atollic/truestudio for stm32 9.0.0/armtools/bin/../lib/gcc/arm-atollic-eabi/6.3.1/../../../../arm-atollic-eabi/lib/armv7e-m/fpu\libc_nano.a(lib_a-nano-mallocr.o) (_sbrk_r)
c:/program files (x86)/atollic/truestudio for stm32 9.0.0/armtools/bin/../lib/gcc/arm-atollic-eabi/6.3.1/../../../../arm-atollic-eabi/lib/armv7e-m/fpu\libc_nano.a(lib_a-strcasecmp.o)
                              Src\main.o (strcasecmp)
c:/program files (x86)/atollic/truestudio for stm32 9.0.0/armtools/bin/../lib/gcc/arm-atollic-eabi/6.3.1/../../../../arm-atollic-eabi/lib/armv7e-m/fpu\libc_nano.a(lib_a-strcmp.o)
                              Middlewares\Third_Party\FreeRTOS-Plus-TCP\FreeRTOS_DNS.o (strcmp)
c:/program files (x86)/atollic/truestudio for stm32 9.0.0/armtools/bin/../lib/gcc/arm-atollic-eabi/6.3.1/../../../../arm-atollic-eabi/lib/armv7e-m/fpu\libc_nano.a(lib_a-strcpy.o)
                              Middlewares\Third_Party\FreeRTOS-Plus-TCP\FreeRTOS_DNS.o (strcpy)
c:/program files (x86)/atollic/truestudio for stm32 9.0.0/armtools/bin/../lib/gcc/arm-atollic-eabi/6.3.1/../../../../arm-atollic-eabi/lib/armv7e-m/fpu\libc_nano.a(lib_a-strlen.o)
                              Middlewares\Third_Party\FreeRTOS-Plus-TCP\FreeRTOS_DNS.o (strlen)
c:/program files (x86)/atollic/truestudio for stm32 9.0.0/armtools/bin/../lib/gcc/arm-atollic-eabi/6.3.1/../../../../arm-atollic-eabi/lib/armv7e-m/fpu\libc_nano.a(lib_a-impure.o)
                              c:/program files (x86)/atollic/truestudio for stm32 9.0.0/armtools/bin/../lib/gcc/arm-atollic-eabi/6.3.1/../../../../arm-atollic-eabi/lib/armv7e-m/fpu\libc_nano.a(lib_a-malloc.o) (_impure_ptr)
c:/program files (x86)/atollic/truestudio for stm32 9.0.0/armtools/bin/../lib/gcc/arm-atollic-eabi/6.3.1/../../../../arm-atollic-eabi/lib/armv7e-m/fpu\libc_nano.a(lib_a-locale.o)
[...]
Memory Configuration

Name             Origin             Length             Attributes
RAM              0x20000000         0x00020000         xrw
FLASH            0x08000000         0x00080000         xr
*default*        0x00000000         0xffffffff

Linker script and memory map

LOAD c:/program files (x86)/atollic/truestudio for stm32 9.0.0/armtools/bin/../lib/gcc/arm-atollic-eabi/6.3.1/armv7e-m/fpu/crti.o
LOAD c:/program files (x86)/atollic/truestudio for stm32 9.0.0/armtools/bin/../lib/gcc/arm-atollic-eabi/6.3.1/armv7e-m/fpu/crtbegin.o
LOAD Drivers\STM32F4xx_HAL_Driver\Src\stm32f4xx_hal.o
LOAD Drivers\STM32F4xx_HAL_Driver\Src\stm32f4xx_hal_cortex.o
LOAD Drivers\STM32F4xx_HAL_Driver\Src\stm32f4xx_hal_dma.o
LOAD Drivers\STM32F4xx_HAL_Driver\Src\stm32f4xx_hal_dma_ex.o
LOAD Drivers\STM32F4xx_HAL_Driver\Src\stm32f4xx_hal_flash.o
LOAD Drivers\STM32F4xx_HAL_Driver\Src\stm32f4xx_hal_flash_ex.o
LOAD Drivers\STM32F4xx_HAL_Driver\Src\stm32f4xx_hal_flash_ramfunc.o
LOAD Drivers\STM32F4xx_HAL_Driver\Src\stm32f4xx_hal_gpio.o
LOAD Drivers\STM32F4xx_HAL_Driver\Src\stm32f4xx_hal_pcd.o
LOAD Drivers\STM32F4xx_HAL_Driver\Src\stm32f4xx_hal_pcd_ex.o
LOAD Drivers\STM32F4xx_HAL_Driver\Src\stm32f4xx_hal_pwr.o
LOAD Drivers\STM32F4xx_HAL_Driver\Src\stm32f4xx_hal_pwr_ex.o
LOAD Drivers\STM32F4xx_HAL_Driver\Src\stm32f4xx_hal_rcc.o
LOAD Drivers\STM32F4xx_HAL_Driver\Src\stm32f4xx_hal_rcc_ex.o
LOAD Drivers\STM32F4xx_HAL_Driver\Src\stm32f4xx_hal_tim.o
LOAD Drivers\STM32F4xx_HAL_Driver\Src\stm32f4xx_hal_tim_ex.o
LOAD Drivers\STM32F4xx_HAL_Driver\Src\stm32f4xx_ll_usb.o
LOAD Middlewares\ST\STM32_USB_Device_Library\App\Src\usb_device.o
LOAD Middlewares\ST\STM32_USB_Device_Library\App\Src\usbd_conf.o
LOAD Middlewares\ST\STM32_USB_Device_Library\App\Src\usbd_desc.o
LOAD Middlewares\ST\STM32_USB_Device_Library\App\Src\usbd_rndis_if.o
LOAD Middlewares\ST\STM32_USB_Device_Library\Class\Composite\Src\usbd_composite.o
LOAD Middlewares\ST\STM32_USB_Device_Library\Class\RNDIS\Src\usbd_rndis.o
LOAD Middlewares\ST\STM32_USB_Device_Library\Core\Src\usbd_core.o
LOAD Middlewares\ST\STM32_USB_Device_Library\Core\Src\usbd_ctlreq.o
LOAD Middlewares\ST\STM32_USB_Device_Library\Core\Src\usbd_ioreq.o
LOAD Middlewares\Third_Party\FreeRTOS\Source\CMSIS_RTOS\cmsis_os.o
LOAD Middlewares\Third_Party\FreeRTOS\Source\croutine.o
LOAD Middlewares\Third_Party\FreeRTOS\Source\event_groups.o
LOAD Middlewares\Third_Party\FreeRTOS\Source\list.o
LOAD Middlewares\Third_Party\FreeRTOS\Source\portable\GCC\ARM_CM4F\port.o
LOAD Middlewares\Third_Party\FreeRTOS\Source\portable\MemMang\heap_4.o
LOAD Middlewares\Third_Party\FreeRTOS\Source\queue.o
LOAD Middlewares\Third_Party\FreeRTOS\Source\tasks.o
LOAD Middlewares\Third_Party\FreeRTOS\Source\timers.o
LOAD Middlewares\Third_Party\FreeRTOS-Plus-TCP\FreeRTOS_ARP.o
LOAD Middlewares\Third_Party\FreeRTOS-Plus-TCP\FreeRTOS_DHCP.o
LOAD Middlewares\Third_Party\FreeRTOS-Plus-TCP\FreeRTOS_DNS.o
LOAD Middlewares\Third_Party\FreeRTOS-Plus-TCP\FreeRTOS_IP.o
LOAD Middlewares\Third_Party\FreeRTOS-Plus-TCP\FreeRTOS_Sockets.o
LOAD Middlewares\Third_Party\FreeRTOS-Plus-TCP\FreeRTOS_Stream_Buffer.o
LOAD Middlewares\Third_Party\FreeRTOS-Plus-TCP\FreeRTOS_TCP_IP.o
LOAD Middlewares\Third_Party\FreeRTOS-Plus-TCP\FreeRTOS_TCP_WIN.o
LOAD Middlewares\Third_Party\FreeRTOS-Plus-TCP\FreeRTOS_UDP_IP.o
LOAD Middlewares\Third_Party\FreeRTOS-Plus-TCP\portable\BufferManagement\BufferAllocation_2.o
LOAD Src\freertos.o
LOAD Src\main.o
LOAD Src\stm32f4xx_hal_msp.o
LOAD Src\stm32f4xx_hal_timebase_TIM.o
LOAD Src\stm32f4xx_it.o
LOAD Src\system_stm32f4xx.o
LOAD startup\startup_stm32f411xe.o
                0x00000080                malloc_getpagesize_P = 0x80
START GROUP
LOAD c:/program files (x86)/atollic/truestudio for stm32 9.0.0/armtools/bin/../lib/gcc/arm-atollic-eabi/6.3.1/../../../../arm-atollic-eabi/lib/armv7e-m/fpu\libc_nano.a
LOAD c:/program files (x86)/atollic/truestudio for stm32 9.0.0/armtools/bin/../lib/gcc/arm-atollic-eabi/6.3.1/../../../../arm-atollic-eabi/lib/armv7e-m/fpu\libm.a
END GROUP
START GROUP
LOAD c:/program files (x86)/atollic/truestudio for stm32 9.0.0/armtools/bin/../lib/gcc/arm-atollic-eabi/6.3.1/armv7e-m/fpu\libgcc.a
LOAD c:/program files (x86)/atollic/truestudio for stm32 9.0.0/armtools/bin/../lib/gcc/arm-atollic-eabi/6.3.1/../../../../arm-atollic-eabi/lib/armv7e-m/fpu\libc_nano.a
END GROUP
START GROUP
LOAD c:/program files (x86)/atollic/truestudio for stm32 9.0.0/armtools/bin/../lib/gcc/arm-atollic-eabi/6.3.1/armv7e-m/fpu\libgcc.a
LOAD c:/program files (x86)/atollic/truestudio for stm32 9.0.0/armtools/bin/../lib/gcc/arm-atollic-eabi/6.3.1/../../../../arm-atollic-eabi/lib/armv7e-m/fpu\libc_nano.a
LOAD c:/program files (x86)/atollic/truestudio for stm32 9.0.0/armtools/bin/../lib/gcc/arm-atollic-eabi/6.3.1/../../../../arm-atollic-eabi/lib/armv7e-m/fpu\libnosys.a
END GROUP
START GROUP
LOAD c:/program files (x86)/atollic/truestudio for stm32 9.0.0/armtools/bin/../lib/gcc/arm-atollic-eabi/6.3.1/armv7e-m/fpu\libgcc.a
LOAD c:/program files (x86)/atollic/truestudio for stm32 9.0.0/armtools/bin/../lib/gcc/arm-atollic-eabi/6.3.1/../../../../arm-atollic-eabi/lib/armv7e-m/fpu\libc_nano.a
LOAD c:/program files (x86)/atollic/truestudio for stm32 9.0.0/armtools/bin/../lib/gcc/arm-atollic-eabi/6.3.1/../../../../arm-atollic-eabi/lib/armv7e-m/fpu\libnosys.a
END GROUP
LOAD c:/program files (x86)/atollic/truestudio for stm32 9.0.0/armtools/bin/../lib/gcc/arm-atollic-eabi/6.3.1/armv7e-m/fpu/crtend.o
LOAD c:/program files (x86)/atollic/truestudio for stm32 9.0.0/armtools/bin/../lib/gcc/arm-atollic-eabi/6.3.1/armv7e-m/fpu/crtn.o
                0x20020000                _estack = 0x20020000
                0x00000200                _Min_Heap_Size = 0x200
                0x00000400                _Min_Stack_Size = 0x400

.isr_vector     0x08000000      0x198
                0x08000000                . = ALIGN (0x4)
 *(.isr_vector)
 .isr_vector    0x08000000      0x198 startup\startup_stm32f411xe.o
                0x08000000                g_pfnVectors
                0x08000198                . = ALIGN (0x4)

.text           0x080001a0    0x1211c
                0x080001a0                . = ALIGN (0x4)
 *(.text)
 .text          0x080001a0       0x40 c:/program files (x86)/atollic/truestudio for stm32 9.0.0/armtools/bin/../lib/gcc/arm-atollic-eabi/6.3.1/armv7e-m/fpu/crtbegin.o
 .text          0x080001e0       0x14 c:/program files (x86)/atollic/truestudio for stm32 9.0.0/armtools/bin/../lib/gcc/arm-atollic-eabi/6.3.1/../../../../arm-atollic-eabi/lib/armv7e-m/fpu\libc_nano.a(lib_a-strcmp.o)
                0x080001e0                strcmp
 .text          0x080001f4       0x10 c:/program files (x86)/atollic/truestudio for stm32 9.0.0/armtools/bin/../lib/gcc/arm-atollic-eabi/6.3.1/../../../../arm-atollic-eabi/lib/armv7e-m/fpu\libc_nano.a(lib_a-strlen.o)
                0x080001f4                strlen
 .text          0x08000204       0x30 c:/program files (x86)/atollic/truestudio for stm32 9.0.0/armtools/bin/../lib/gcc/arm-atollic-eabi/6.3.1/armv7e-m/fpu\libgcc.a(_aeabi_uldivmod.o)
                0x08000204                __aeabi_uldivmod
 .text          0x08000234      0x2dc c:/program files (x86)/atollic/truestudio for stm32 9.0.0/armtools/bin/../lib/gcc/arm-atollic-eabi/6.3.1/armv7e-m/fpu\libgcc.a(_udivmoddi4.o)
                0x08000234                __udivmoddi4
 .text          0x08000510        0x4 c:/program files (x86)/atollic/truestudio for stm32 9.0.0/armtools/bin/../lib/gcc/arm-atollic-eabi/6.3.1/armv7e-m/fpu\libgcc.a(_dvmd_tls.o)
                0x08000510                __aeabi_idiv0
                0x08000510                __aeabi_ldiv0
 *(.text*)
 .text.HAL_Init
                0x08000514       0x44 Drivers\STM32F4xx_HAL_Driver\Src\stm32f4xx_hal.o
                0x08000514                HAL_Init
 .text.HAL_IncTick
                0x08000558       0x28 Drivers\STM32F4xx_HAL_Driver\Src\stm32f4xx_hal.o
                0x08000558                HAL_IncTick
 .text.HAL_GetTick
                0x08000580       0x18 Drivers\STM32F4xx_HAL_Driver\Src\stm32f4xx_hal.o
                0x08000580                HAL_GetTick
 .text.HAL_Delay
                0x08000598       0x44 Drivers\STM32F4xx_HAL_Driver\Src\stm32f4xx_hal.o
                0x08000598                HAL_Delay
 .text.NVIC_SetPriorityGrouping
                0x080005dc       0x48 Drivers\STM32F4xx_HAL_Driver\Src\stm32f4xx_hal_cortex.o
 .text.NVIC_GetPriorityGrouping
                0x08000624       0x1c Drivers\STM32F4xx_HAL_Driver\Src\stm32f4xx_hal_cortex.o
 .text.NVIC_EnableIRQ
                0x08000640       0x34 Drivers\STM32F4xx_HAL_Driver\Src\stm32f4xx_hal_cortex.o
 .text.NVIC_SetPriority
                0x08000674       0x54 Drivers\STM32F4xx_HAL_Driver\Src\stm32f4xx_hal_cortex.o
 .text.NVIC_EncodePriority
                0x080006c8       0x62 Drivers\STM32F4xx_HAL_Driver\Src\stm32f4xx_hal_cortex.o
 *fill*         0x0800072a        0x2 
 .text.SysTick_Config
                0x0800072c       0x44 Drivers\STM32F4xx_HAL_Driver\Src\stm32f4xx_hal_cortex.o
 .text.HAL_NVIC_SetPriorityGrouping
                0x08000770       0x16 Drivers\STM32F4xx_HAL_Driver\Src\stm32f4xx_hal_cortex.o
                0x08000770                HAL_NVIC_SetPriorityGrouping
 .text.HAL_NVIC_SetPriority
                0x08000786       0x38 Drivers\STM32F4xx_HAL_Driver\Src\stm32f4xx_hal_cortex.o
                0x08000786                HAL_NVIC_SetPriority
 .text.HAL_NVIC_EnableIRQ
                0x080007be       0x1c Drivers\STM32F4xx_HAL_Driver\Src\stm32f4xx_hal_cortex.o
                0x080007be                HAL_NVIC_EnableIRQ
 .text.HAL_SYSTICK_Config
                0x080007da       0x18 Drivers\STM32F4xx_HAL_Driver\Src\stm32f4xx_hal_cortex.o
                0x080007da                HAL_SYSTICK_Config
 *fill*         0x080007f2        0x2 
 .text.HAL_SYSTICK_CLKSourceConfig
                0x080007f4       0x38 Drivers\STM32F4xx_HAL_Driver\Src\stm32f4xx_hal_cortex.o
                0x080007f4                HAL_SYSTICK_CLKSourceConfig
 .text.HAL_GPIO_Init
                0x0800082c      0x304 Drivers\STM32F4xx_HAL_Driver\Src\stm32f4xx_hal_gpio.o
                0x0800082c                HAL_GPIO_Init
 .text.HAL_GPIO_WritePin
                0x08000b30       0x32 Drivers\STM32F4xx_HAL_Driver\Src\stm32f4xx_hal_gpio.o
                0x08000b30                HAL_GPIO_WritePin
 .text.HAL_GPIO_TogglePin
                0x08000b62       0x24 Drivers\STM32F4xx_HAL_Driver\Src\stm32f4xx_hal_gpio.o
                0x08000b62                HAL_GPIO_TogglePin
 .text.HAL_PCD_Init
                0x08000b86      0x20e Drivers\STM32F4xx_HAL_Driver\Src\stm32f4xx_hal_pcd.o
                0x08000b86                HAL_PCD_Init
 .text.HAL_PCD_Start
                0x08000d94       0x44 Drivers\STM32F4xx_HAL_Driver\Src\stm32f4xx_hal_pcd.o
                0x08000d94                HAL_PCD_Start
 .text.HAL_PCD_IRQHandler
                0x08000dd8      0x914 Drivers\STM32F4xx_HAL_Driver\Src\stm32f4xx_hal_pcd.o
                0x08000dd8                HAL_PCD_IRQHandler
 .text.HAL_PCD_SetAddress
                0x080016ec       0x42 Drivers\STM32F4xx_HAL_Driver\Src\stm32f4xx_hal_pcd.o
                0x080016ec                HAL_PCD_SetAddress
 .text.HAL_PCD_EP_Open
                0x0800172e       0xd0 Drivers\STM32F4xx_HAL_Driver\Src\stm32f4xx_hal_pcd.o
                0x0800172e                HAL_PCD_EP_Open
 .text.HAL_PCD_EP_Close
                0x080017fe       0x94 Drivers\STM32F4xx_HAL_Driver\Src\stm32f4xx_hal_pcd.o
                0x080017fe                HAL_PCD_EP_Close
 .text.HAL_PCD_EP_Receive
                0x08001892       0x94 Drivers\STM32F4xx_HAL_Driver\Src\stm32f4xx_hal_pcd.o
                0x08001892                HAL_PCD_EP_Receive
 .text.HAL_PCD_EP_GetRxCount
                0x08001926       0x32 Drivers\STM32F4xx_HAL_Driver\Src\stm32f4xx_hal_pcd.o
                0x08001926                HAL_PCD_EP_GetRxCount
 .text.HAL_PCD_EP_Transmit
                0x08001958       0x92 Drivers\STM32F4xx_HAL_Driver\Src\stm32f4xx_hal_pcd.o
                0x08001958                HAL_PCD_EP_Transmit
 .text.HAL_PCD_EP_SetStall
                0x080019ea       0xb6 Drivers\STM32F4xx_HAL_Driver\Src\stm32f4xx_hal_pcd.o
                0x080019ea                HAL_PCD_EP_SetStall
 .text.HAL_PCD_EP_ClrStall
                0x08001aa0       0x96 Drivers\STM32F4xx_HAL_Driver\Src\stm32f4xx_hal_pcd.o
                0x08001aa0                HAL_PCD_EP_ClrStall
 .text.PCD_WriteEmptyTxFifo
                0x08001b36      0x104 Drivers\STM32F4xx_HAL_Driver\Src\stm32f4xx_hal_pcd.o
 .text.HAL_PCDEx_SetTxFiFo
                0x08001c3a       0x96 Drivers\STM32F4xx_HAL_Driver\Src\stm32f4xx_hal_pcd_ex.o
                0x08001c3a                HAL_PCDEx_SetTxFiFo
 .text.HAL_PCDEx_SetRxFiFo
                0x08001cd0       0x22 Drivers\STM32F4xx_HAL_Driver\Src\stm32f4xx_hal_pcd_ex.o
                0x08001cd0                HAL_PCDEx_SetRxFiFo
 *fill*         0x08001cf2        0x2 
 .text.HAL_RCC_OscConfig
                0x08001cf4      0x484 Drivers\STM32F4xx_HAL_Driver\Src\stm32f4xx_hal_rcc.o
                0x08001cf4                HAL_RCC_OscConfig
 .text.HAL_RCC_ClockConfig
                0x08002178      0x1c4 Drivers\STM32F4xx_HAL_Driver\Src\stm32f4xx_hal_rcc.o
                0x08002178                HAL_RCC_ClockConfig
 .text.HAL_RCC_GetSysClockFreq
                0x0800233c      0x1b0 Drivers\STM32F4xx_HAL_Driver\Src\stm32f4xx_hal_rcc.o
                0x0800233c                HAL_RCC_GetSysClockFreq
 .text.HAL_RCC_GetHCLKFreq
                0x080024ec       0x18 Drivers\STM32F4xx_HAL_Driver\Src\stm32f4xx_hal_rcc.o
                0x080024ec                HAL_RCC_GetHCLKFreq
 .text.HAL_RCC_GetPCLK2Freq
                0x08002504       0x28 Drivers\STM32F4xx_HAL_Driver\Src\stm32f4xx_hal_rcc.o
                0x08002504                HAL_RCC_GetPCLK2Freq
 .text.HAL_RCC_GetClockConfig
                0x0800252c       0x64 Drivers\STM32F4xx_HAL_Driver\Src\stm32f4xx_hal_rcc.o
                0x0800252c                HAL_RCC_GetClockConfig
 .text.HAL_TIM_Base_Init
                0x08002590       0x56 Drivers\STM32F4xx_HAL_Driver\Src\stm32f4xx_hal_tim.o
                0x08002590                HAL_TIM_Base_Init
 .text.HAL_TIM_Base_MspInit
                0x080025e6       0x14 Drivers\STM32F4xx_HAL_Driver\Src\stm32f4xx_hal_tim.o
                0x080025e6                HAL_TIM_Base_MspInit
 .text.HAL_TIM_Base_Start_IT
                0x080025fa       0x36 Drivers\STM32F4xx_HAL_Driver\Src\stm32f4xx_hal_tim.o
                0x080025fa                HAL_TIM_Base_Start_IT
 .text.HAL_TIM_IRQHandler
                0x08002630      0x210 Drivers\STM32F4xx_HAL_Driver\Src\stm32f4xx_hal_tim.o
                0x08002630                HAL_TIM_IRQHandler
 .text.HAL_TIM_OC_DelayElapsedCallback
                0x08002840       0x14 Drivers\STM32F4xx_HAL_Driver\Src\stm32f4xx_hal_tim.o
                0x08002840                HAL_TIM_OC_DelayElapsedCallback
 .text.HAL_TIM_IC_CaptureCallback
                0x08002854       0x14 Drivers\STM32F4xx_HAL_Driver\Src\stm32f4xx_hal_tim.o
                0x08002854                HAL_TIM_IC_CaptureCallback
 .text.HAL_TIM_PWM_PulseFinishedCallback
                0x08002868       0x14 Drivers\STM32F4xx_HAL_Driver\Src\stm32f4xx_hal_tim.o
                0x08002868                HAL_TIM_PWM_PulseFinishedCallback
 .text.HAL_TIM_TriggerCallback
                0x0800287c       0x14 Drivers\STM32F4xx_HAL_Driver\Src\stm32f4xx_hal_tim.o
                0x0800287c                HAL_TIM_TriggerCallback
 .text.TIM_Base_SetConfig
                0x08002890      0x108 Drivers\STM32F4xx_HAL_Driver\Src\stm32f4xx_hal_tim.o
                0x08002890                TIM_Base_SetConfig
 .text.HAL_TIMEx_CommutationCallback
                0x08002998       0x14 Drivers\STM32F4xx_HAL_Driver\Src\stm32f4xx_hal_tim_ex.o
                0x08002998                HAL_TIMEx_CommutationCallback
 .text.HAL_TIMEx_BreakCallback
                0x080029ac       0x14 Drivers\STM32F4xx_HAL_Driver\Src\stm32f4xx_hal_tim_ex.o
                0x080029ac                HAL_TIMEx_BreakCallback
 .text.USB_CoreInit
                0x080029c0       0xa2 Drivers\STM32F4xx_HAL_Driver\Src\stm32f4xx_ll_usb.o
                0x080029c0                USB_CoreInit
 .text.USB_EnableGlobalInt
                0x08002a62       0x22 Drivers\STM32F4xx_HAL_Driver\Src\stm32f4xx_ll_usb.o
                0x08002a62                USB_EnableGlobalInt
 .text.USB_DisableGlobalInt
                0x08002a84       0x22 Drivers\STM32F4xx_HAL_Driver\Src\stm32f4xx_ll_usb.o
                0x08002a84                USB_DisableGlobalInt
 .text.USB_SetCurrentMode
                0x08002aa6       0x4e Drivers\STM32F4xx_HAL_Driver\Src\stm32f4xx_ll_usb.o
                0x08002aa6                USB_SetCurrentMode
 .text.USB_DevInit
                0x08002af4      0x264 Drivers\STM32F4xx_HAL_Driver\Src\stm32f4xx_ll_usb.o
                0x08002af4                USB_DevInit
 .text.USB_FlushTxFifo
                0x08002d58       0x4c Drivers\STM32F4xx_HAL_Driver\Src\stm32f4xx_ll_usb.o
                0x08002d58                USB_FlushTxFifo
 .text.USB_FlushRxFifo
                0x08002da4       0x44 Drivers\STM32F4xx_HAL_Driver\Src\stm32f4xx_ll_usb.o
                0x08002da4                USB_FlushRxFifo
 .text.USB_SetDevSpeed
                0x08002de8       0x30 Drivers\STM32F4xx_HAL_Driver\Src\stm32f4xx_ll_usb.o
                0x08002de8                USB_SetDevSpeed
 .text.USB_GetDevSpeed
                0x08002e18       0x6a Drivers\STM32F4xx_HAL_Driver\Src\stm32f4xx_ll_usb.o
                0x08002e18                USB_GetDevSpeed
 .text.USB_ActivateEndpoint
                0x08002e82      0x112 Drivers\STM32F4xx_HAL_Driver\Src\stm32f4xx_ll_usb.o
                0x08002e82                USB_ActivateEndpoint
 .text.USB_DeactivateEndpoint
                0x08002f94      0x184 Drivers\STM32F4xx_HAL_Driver\Src\stm32f4xx_ll_usb.o
                0x08002f94                USB_DeactivateEndpoint
 .text.USB_EPStartXfer
                0x08003118      0x484 Drivers\STM32F4xx_HAL_Driver\Src\stm32f4xx_ll_usb.o
                0x08003118                USB_EPStartXfer
 .text.USB_EP0StartXfer
                0x0800359c      0x2be Drivers\STM32F4xx_HAL_Driver\Src\stm32f4xx_ll_usb.o
                0x0800359c                USB_EP0StartXfer
 .text.USB_WritePacket
                0x0800385a       0x6a Drivers\STM32F4xx_HAL_Driver\Src\stm32f4xx_ll_usb.o
                0x0800385a                USB_WritePacket
 .text.USB_ReadPacket
                0x080038c4       0x4e Drivers\STM32F4xx_HAL_Driver\Src\stm32f4xx_ll_usb.o
                0x080038c4                USB_ReadPacket
 .text.USB_EPSetStall
                0x08003912       0xe2 Drivers\STM32F4xx_HAL_Driver\Src\stm32f4xx_ll_usb.o
                0x08003912                USB_EPSetStall
 .text.USB_EPClearStall
                0x080039f4       0xda Drivers\STM32F4xx_HAL_Driver\Src\stm32f4xx_ll_usb.o
                0x080039f4                USB_EPClearStall
 .text.USB_SetDevAddress
                0x08003ace       0x4c Drivers\STM32F4xx_HAL_Driver\Src\stm32f4xx_ll_usb.o
                0x08003ace                USB_SetDevAddress
 .text.USB_DevConnect
                0x08003b1a       0x2e Drivers\STM32F4xx_HAL_Driver\Src\stm32f4xx_ll_usb.o
                0x08003b1a                USB_DevConnect
 .text.USB_DevDisconnect
                0x08003b48       0x2e Drivers\STM32F4xx_HAL_Driver\Src\stm32f4xx_ll_usb.o
                0x08003b48                USB_DevDisconnect
 .text.USB_ReadInterrupts
                0x08003b76       0x2a Drivers\STM32F4xx_HAL_Driver\Src\stm32f4xx_ll_usb.o
                0x08003b76                USB_ReadInterrupts
 .text.USB_ReadDevAllOutEpInterrupt
                0x08003ba0       0x30 Drivers\STM32F4xx_HAL_Driver\Src\stm32f4xx_ll_usb.o
                0x08003ba0                USB_ReadDevAllOutEpInterrupt
 .text.USB_ReadDevAllInEpInterrupt
                0x08003bd0       0x30 Drivers\STM32F4xx_HAL_Driver\Src\stm32f4xx_ll_usb.o
                0x08003bd0                USB_ReadDevAllInEpInterrupt
 .text.USB_ReadDevOutEPInterrupt
                0x08003c00       0x38 Drivers\STM32F4xx_HAL_Driver\Src\stm32f4xx_ll_usb.o
                0x08003c00                USB_ReadDevOutEPInterrupt
 .text.USB_ReadDevInEPInterrupt
                0x08003c38       0x54 Drivers\STM32F4xx_HAL_Driver\Src\stm32f4xx_ll_usb.o
                0x08003c38                USB_ReadDevInEPInterrupt
 .text.USB_GetMode
                0x08003c8c       0x1c Drivers\STM32F4xx_HAL_Driver\Src\stm32f4xx_ll_usb.o
                0x08003c8c                USB_GetMode
 .text.USB_ActivateSetup
                0x08003ca8       0x6c Drivers\STM32F4xx_HAL_Driver\Src\stm32f4xx_ll_usb.o
                0x08003ca8                USB_ActivateSetup
 .text.USB_EP0_OutStart
                0x08003d14       0x8a Drivers\STM32F4xx_HAL_Driver\Src\stm32f4xx_ll_usb.o
                0x08003d14                USB_EP0_OutStart
 *fill*         0x08003d9e        0x2 
 .text.USB_CoreReset
                0x08003da0       0x68 Drivers\STM32F4xx_HAL_Driver\Src\stm32f4xx_ll_usb.o
 .text.MX_USB_DEVICE_Init
                0x08003e08       0x44 Middlewares\ST\STM32_USB_Device_Library\App\Src\usb_device.o
                0x08003e08                MX_USB_DEVICE_Init
 .text.HAL_PCD_MspInit
                0x08003e4c       0x98 Middlewares\ST\STM32_USB_Device_Library\App\Src\usbd_conf.o
                0x08003e4c                HAL_PCD_MspInit
 .text.HAL_PCD_SetupStageCallback
                0x08003ee4       0x24 Middlewares\ST\STM32_USB_Device_Library\App\Src\usbd_conf.o
                0x08003ee4                HAL_PCD_SetupStageCallback
 .text.HAL_PCD_DataOutStageCallback
                0x08003f08       0x36 Middlewares\ST\STM32_USB_Device_Library\App\Src\usbd_conf.o
                0x08003f08                HAL_PCD_DataOutStageCallback
 .text.HAL_PCD_DataInStageCallback
                0x08003f3e       0x34 Middlewares\ST\STM32_USB_Device_Library\App\Src\usbd_conf.o
                0x08003f3e                HAL_PCD_DataInStageCallback
 .text.HAL_PCD_SOFCallback
                0x08003f72       0x1c Middlewares\ST\STM32_USB_Device_Library\App\Src\usbd_conf.o
                0x08003f72                HAL_PCD_SOFCallback
 .text.HAL_PCD_ResetCallback
                0x08003f8e       0x50 Middlewares\ST\STM32_USB_Device_Library\App\Src\usbd_conf.o
                0x08003f8e                HAL_PCD_ResetCallback
 *fill*         0x08003fde        0x2 
 .text.HAL_PCD_SuspendCallback
                0x08003fe0       0x50 Middlewares\ST\STM32_USB_Device_Library\App\Src\usbd_conf.o
                0x08003fe0                HAL_PCD_SuspendCallback
 .text.HAL_PCD_ResumeCallback
                0x08004030       0x1c Middlewares\ST\STM32_USB_Device_Library\App\Src\usbd_conf.o
                0x08004030                HAL_PCD_ResumeCallback
 .text.HAL_PCD_ISOOUTIncompleteCallback
                0x0800404c       0x24 Middlewares\ST\STM32_USB_Device_Library\App\Src\usbd_conf.o
                0x0800404c                HAL_PCD_ISOOUTIncompleteCallback
 .text.HAL_PCD_ISOINIncompleteCallback
                0x08004070       0x24 Middlewares\ST\STM32_USB_Device_Library\App\Src\usbd_conf.o
                0x08004070                HAL_PCD_ISOINIncompleteCallback
 .text.HAL_PCD_ConnectCallback
                0x08004094       0x1c Middlewares\ST\STM32_USB_Device_Library\App\Src\usbd_conf.o
                0x08004094                HAL_PCD_ConnectCallback
 .text.HAL_PCD_DisconnectCallback
                0x080040b0       0x1c Middlewares\ST\STM32_USB_Device_Library\App\Src\usbd_conf.o
                0x080040b0                HAL_PCD_DisconnectCallback
 .text.USBD_LL_Init
                0x080040cc       0xbc Middlewares\ST\STM32_USB_Device_Library\App\Src\usbd_conf.o
                0x080040cc                USBD_LL_Init
 .text.USBD_LL_Start
                0x08004188       0x64 Middlewares\ST\STM32_USB_Device_Library\App\Src\usbd_conf.o
                0x08004188                USBD_LL_Start
 .text.USBD_LL_OpenEP
                0x080041ec       0x88 Middlewares\ST\STM32_USB_Device_Library\App\Src\usbd_conf.o
                0x080041ec                USBD_LL_OpenEP
 .text.USBD_LL_CloseEP
                0x08004274       0x7c Middlewares\ST\STM32_USB_Device_Library\App\Src\usbd_conf.o
                0x08004274                USBD_LL_CloseEP
 .text.USBD_LL_StallEP
                0x080042f0       0x6c Middlewares\ST\STM32_USB_Device_Library\App\Src\usbd_conf.o
                0x080042f0                USBD_LL_StallEP
 .text.USBD_LL_ClearStallEP
                0x0800435c       0x6c Middlewares\ST\STM32_USB_Device_Library\App\Src\usbd_conf.o
                0x0800435c                USBD_LL_ClearStallEP
 .text.USBD_LL_IsStallEP
                0x080043c8       0x58 Middlewares\ST\STM32_USB_Device_Library\App\Src\usbd_conf.o
                0x080043c8                USBD_LL_IsStallEP
 .text.USBD_LL_SetUSBAddress
                0x08004420       0x6c Middlewares\ST\STM32_USB_Device_Library\App\Src\usbd_conf.o
                0x08004420                USBD_LL_SetUSBAddress
 .text.USBD_LL_Transmit
                0x0800448c       0x84 Middlewares\ST\STM32_USB_Device_Library\App\Src\usbd_conf.o
                0x0800448c                USBD_LL_Transmit
 .text.USBD_LL_PrepareReceive
                0x08004510       0x84 Middlewares\ST\STM32_USB_Device_Library\App\Src\usbd_conf.o
                0x08004510                USBD_LL_PrepareReceive
 .text.USBD_LL_GetRxDataSize
                0x08004594       0x34 Middlewares\ST\STM32_USB_Device_Library\App\Src\usbd_conf.o
                0x08004594                USBD_LL_GetRxDataSize
 .text.OTG_FS_IRQHandler
                0x080045c8       0x14 Middlewares\ST\STM32_USB_Device_Library\App\Src\usbd_conf.o
                0x080045c8                OTG_FS_IRQHandler
 .text.USBD_FS_DeviceDescriptor
                0x080045dc       0x24 Middlewares\ST\STM32_USB_Device_Library\App\Src\usbd_desc.o
                0x080045dc                USBD_FS_DeviceDescriptor
 .text.USBD_FS_LangIDStrDescriptor
                0x08004600       0x24 Middlewares\ST\STM32_USB_Device_Library\App\Src\usbd_desc.o
                0x08004600                USBD_FS_LangIDStrDescriptor
 .text.USBD_FS_ProductStrDescriptor
                0x08004624       0x3c Middlewares\ST\STM32_USB_Device_Library\App\Src\usbd_desc.o
                0x08004624                USBD_FS_ProductStrDescriptor
 .text.USBD_FS_ManufacturerStrDescriptor
                0x08004660       0x28 Middlewares\ST\STM32_USB_Device_Library\App\Src\usbd_desc.o
                0x08004660                USBD_FS_ManufacturerStrDescriptor
 .text.USBD_FS_SerialStrDescriptor
                0x08004688       0x3c Middlewares\ST\STM32_USB_Device_Library\App\Src\usbd_desc.o
                0x08004688                USBD_FS_SerialStrDescriptor
 .text.USBD_FS_ConfigStrDescriptor
                0x080046c4       0x3c Middlewares\ST\STM32_USB_Device_Library\App\Src\usbd_desc.o
                0x080046c4                USBD_FS_ConfigStrDescriptor
 .text.USBD_FS_InterfaceStrDescriptor
                0x08004700       0x3c Middlewares\ST\STM32_USB_Device_Library\App\Src\usbd_desc.o
                0x08004700                USBD_FS_InterfaceStrDescriptor
 .text.RNDIS_Disconnect
                0x0800473c       0x3c Middlewares\ST\STM32_USB_Device_Library\App\Src\usbd_rndis_if.o
                0x0800473c                RNDIS_Disconnect
 .text.RNDIS_Init_FS
                0x08004778       0x28 Middlewares\ST\STM32_USB_Device_Library\App\Src\usbd_rndis_if.o
 .text.RNDIS_DeInit_FS
                0x080047a0        0xe Middlewares\ST\STM32_USB_Device_Library\App\Src\usbd_rndis_if.o
 *fill*         0x080047ae        0x2 
 .text.RNDIS_Control_FS
                0x080047b0      0x858 Middlewares\ST\STM32_USB_Device_Library\App\Src\usbd_rndis_if.o
 .text.RNDIS_Receive_FS
                0x08005008       0xe8 Middlewares\ST\STM32_USB_Device_Library\App\Src\usbd_rndis_if.o
 .text.RNDIS_Transmit_FS
                0x080050f0       0xec Middlewares\ST\STM32_USB_Device_Library\App\Src\usbd_rndis_if.o
                0x080050f0                RNDIS_Transmit_FS
 .text.xNetworkInterfaceInitialise
                0x080051dc       0x44 Middlewares\ST\STM32_USB_Device_Library\App\Src\usbd_rndis_if.o
                0x080051dc                xNetworkInterfaceInitialise
 .text.xNetworkInterfaceOutput
                0x08005220       0x36 Middlewares\ST\STM32_USB_Device_Library\App\Src\usbd_rndis_if.o
                0x08005220                xNetworkInterfaceOutput
 *fill*         0x08005256        0x2 
 .text.prvEMACHandlerTask
                0x08005258       0xa0 Middlewares\ST\STM32_USB_Device_Library\App\Src\usbd_rndis_if.o
 .text.USBD_COMPOSITE_Init
                0x080052f8       0xc4 Middlewares\ST\STM32_USB_Device_Library\Class\Composite\Src\usbd_composite.o
 .text.USBD_COMPOSITE_DeInit
                0x080053bc       0xc4 Middlewares\ST\STM32_USB_Device_Library\Class\Composite\Src\usbd_composite.o
 .text.USBD_COMPOSITE_Setup
                0x08005480      0x1f4 Middlewares\ST\STM32_USB_Device_Library\Class\Composite\Src\usbd_composite.o
 .text.USBD_COMPOSITE_DataIn
                0x08005674      0x138 Middlewares\ST\STM32_USB_Device_Library\Class\Composite\Src\usbd_composite.o
 .text.USBD_COMPOSITE_DataOut
                0x080057ac      0x138 Middlewares\ST\STM32_USB_Device_Library\Class\Composite\Src\usbd_composite.o
 .text.USBD_COMPOSITE_EP0_RxReady
                0x080058e4       0xd0 Middlewares\ST\STM32_USB_Device_Library\Class\Composite\Src\usbd_composite.o
 .text.USBD_COMPOSITE_EP0_TxReady
                0x080059b4       0xd0 Middlewares\ST\STM32_USB_Device_Library\Class\Composite\Src\usbd_composite.o
 .text.USBD_COMPOSITE_SOF
                0x08005a84       0xd0 Middlewares\ST\STM32_USB_Device_Library\Class\Composite\Src\usbd_composite.o
 .text.USBD_COMPOSITE_IsoINIncomplete
                0x08005b54      0x138 Middlewares\ST\STM32_USB_Device_Library\Class\Composite\Src\usbd_composite.o
 .text.USBD_COMPOSITE_IsoOutIncomplete
                0x08005c8c      0x138 Middlewares\ST\STM32_USB_Device_Library\Class\Composite\Src\usbd_composite.o
 .text.USBD_COMPOSITE_GetFSCfgDesc
                0x08005dc4       0x28 Middlewares\ST\STM32_USB_Device_Library\Class\Composite\Src\usbd_composite.o
 .text.USBD_COMPOSITE_GetHSCfgDesc
                0x08005dec       0x18 Middlewares\ST\STM32_USB_Device_Library\Class\Composite\Src\usbd_composite.o
 .text.USBD_COMPOSITE_GetOtherSpeedCfgDesc
                0x08005e04       0x18 Middlewares\ST\STM32_USB_Device_Library\Class\Composite\Src\usbd_composite.o
 .text.USBD_COMPOSITE_GetDeviceQualifierDescriptor
                0x08005e1c       0x20 Middlewares\ST\STM32_USB_Device_Library\Class\Composite\Src\usbd_composite.o
                0x08005e1c                USBD_COMPOSITE_GetDeviceQualifierDescriptor
 .text.USBD_COMPOSITE_RegisterClass
                0x08005e3c      0x514 Middlewares\ST\STM32_USB_Device_Library\Class\Composite\Src\usbd_composite.o
                0x08005e3c                USBD_COMPOSITE_RegisterClass
 .text.USBD_COMPOSITE_LL_EP_Conversion
                0x08006350      0x150 Middlewares\ST\STM32_USB_Device_Library\Class\Composite\Src\usbd_composite.o
                0x08006350                USBD_COMPOSITE_LL_EP_Conversion
 .text.USBD_RNDIS_Init
                0x080064a0       0xd4 Middlewares\ST\STM32_USB_Device_Library\Class\RNDIS\Src\usbd_rndis.o
 .text.USBD_RNDIS_DeInit
                0x08006574       0x5a Middlewares\ST\STM32_USB_Device_Library\Class\RNDIS\Src\usbd_rndis.o
 *fill*         0x080065ce        0x2 
 .text.USBD_RNDIS_Setup
                0x080065d0       0xb0 Middlewares\ST\STM32_USB_Device_Library\Class\RNDIS\Src\usbd_rndis.o
 .text.USBD_RNDIS_DataIn
                0x08006680       0x38 Middlewares\ST\STM32_USB_Device_Library\Class\RNDIS\Src\usbd_rndis.o
 .text.USBD_RNDIS_DataOut
                0x080066b8       0x56 Middlewares\ST\STM32_USB_Device_Library\Class\RNDIS\Src\usbd_rndis.o
 .text.USBD_RNDIS_EP0_RxReady
                0x0800670e       0x50 Middlewares\ST\STM32_USB_Device_Library\Class\RNDIS\Src\usbd_rndis.o
 *fill*         0x0800675e        0x2 
 .text.USBD_RNDIS_GetFSCfgDesc
                0x08006760       0x20 Middlewares\ST\STM32_USB_Device_Library\Class\RNDIS\Src\usbd_rndis.o
 .text.USBD_RNDIS_GetHSCfgDesc
                0x08006780       0x20 Middlewares\ST\STM32_USB_Device_Library\Class\RNDIS\Src\usbd_rndis.o
 .text.USBD_RNDIS_GetOtherSpeedCfgDesc
                0x080067a0       0x20 Middlewares\ST\STM32_USB_Device_Library\Class\RNDIS\Src\usbd_rndis.o
 .text.USBD_RNDIS_GetDeviceQualifierDescriptor
                0x080067c0       0x20 Middlewares\ST\STM32_USB_Device_Library\Class\RNDIS\Src\usbd_rndis.o
                0x080067c0                USBD_RNDIS_GetDeviceQualifierDescriptor
 .text.USBD_RNDIS_RegisterInterface
                0x080067e0       0x2e Middlewares\ST\STM32_USB_Device_Library\Class\RNDIS\Src\usbd_rndis.o
                0x080067e0                USBD_RNDIS_RegisterInterface
 .text.USBD_RNDIS_SetTxBuffer
                0x0800680e       0x34 Middlewares\ST\STM32_USB_Device_Library\Class\RNDIS\Src\usbd_rndis.o
                0x0800680e                USBD_RNDIS_SetTxBuffer
 .text.USBD_RNDIS_SetRxBuffer
                0x08006842       0x28 Middlewares\ST\STM32_USB_Device_Library\Class\RNDIS\Src\usbd_rndis.o
                0x08006842                USBD_RNDIS_SetRxBuffer
 .text.USBD_RNDIS_TransmitPacket
                0x0800686a       0x54 Middlewares\ST\STM32_USB_Device_Library\Class\RNDIS\Src\usbd_rndis.o
                0x0800686a                USBD_RNDIS_TransmitPacket
 .text.USBD_RNDIS_ReceivePacket
                0x080068be       0x54 Middlewares\ST\STM32_USB_Device_Library\Class\RNDIS\Src\usbd_rndis.o
                0x080068be                USBD_RNDIS_ReceivePacket
 .text.USBD_RNDIS_TransmitControl
                0x08006912       0x24 Middlewares\ST\STM32_USB_Device_Library\Class\RNDIS\Src\usbd_rndis.o
                0x08006912                USBD_RNDIS_TransmitControl
 .text.USBD_Init
                0x08006936       0x56 Middlewares\ST\STM32_USB_Device_Library\Core\Src\usbd_core.o
                0x08006936                USBD_Init
 .text.USBD_RegisterClass
                0x0800698c       0x34 Middlewares\ST\STM32_USB_Device_Library\Core\Src\usbd_core.o
                0x0800698c                USBD_RegisterClass
 .text.USBD_Start
                0x080069c0       0x18 Middlewares\ST\STM32_USB_Device_Library\Core\Src\usbd_core.o
                0x080069c0                USBD_Start
 .text.USBD_RunTestMode
                0x080069d8       0x16 Middlewares\ST\STM32_USB_Device_Library\Core\Src\usbd_core.o
                0x080069d8                USBD_RunTestMode
 .text.USBD_SetClassConfig
                0x080069ee       0x3e Middlewares\ST\STM32_USB_Device_Library\Core\Src\usbd_core.o
                0x080069ee                USBD_SetClassConfig
 .text.USBD_ClrClassConfig
                0x08006a2c       0x26 Middlewares\ST\STM32_USB_Device_Library\Core\Src\usbd_core.o
                0x08006a2c                USBD_ClrClassConfig
 .text.USBD_LL_SetupStage
                0x08006a52       0x94 Middlewares\ST\STM32_USB_Device_Library\Core\Src\usbd_core.o
                0x08006a52                USBD_LL_SetupStage
 .text.USBD_LL_DataOutStage
                0x08006ae6       0xb6 Middlewares\ST\STM32_USB_Device_Library\Core\Src\usbd_core.o
                0x08006ae6                USBD_LL_DataOutStage
 .text.USBD_LL_DataInStage
                0x08006b9c      0x11e Middlewares\ST\STM32_USB_Device_Library\Core\Src\usbd_core.o
                0x08006b9c                USBD_LL_DataInStage
 .text.USBD_LL_Reset
                0x08006cba       0x5e Middlewares\ST\STM32_USB_Device_Library\Core\Src\usbd_core.o
                0x08006cba                USBD_LL_Reset
 .text.USBD_LL_SetSpeed
                0x08006d18       0x20 Middlewares\ST\STM32_USB_Device_Library\Core\Src\usbd_core.o
                0x08006d18                USBD_LL_SetSpeed
 .text.USBD_LL_Suspend
                0x08006d38       0x2a Middlewares\ST\STM32_USB_Device_Library\Core\Src\usbd_core.o
                0x08006d38                USBD_LL_Suspend
 .text.USBD_LL_Resume
                0x08006d62       0x22 Middlewares\ST\STM32_USB_Device_Library\Core\Src\usbd_core.o
                0x08006d62                USBD_LL_Resume
 .text.USBD_LL_SOF
                0x08006d84       0x34 Middlewares\ST\STM32_USB_Device_Library\Core\Src\usbd_core.o
                0x08006d84                USBD_LL_SOF
 .text.USBD_LL_IsoINIncomplete
                0x08006db8       0x1a Middlewares\ST\STM32_USB_Device_Library\Core\Src\usbd_core.o
                0x08006db8                USBD_LL_IsoINIncomplete
 .text.USBD_LL_IsoOUTIncomplete
                0x08006dd2       0x1a Middlewares\ST\STM32_USB_Device_Library\Core\Src\usbd_core.o
                0x08006dd2                USBD_LL_IsoOUTIncomplete
 .text.USBD_LL_DevConnected
                0x08006dec       0x16 Middlewares\ST\STM32_USB_Device_Library\Core\Src\usbd_core.o
                0x08006dec                USBD_LL_DevConnected
 .text.USBD_LL_DevDisconnected
                0x08006e02       0x2e Middlewares\ST\STM32_USB_Device_Library\Core\Src\usbd_core.o
                0x08006e02                USBD_LL_DevDisconnected
 .text.USBD_StdDevReq
                0x08006e30       0xa0 Middlewares\ST\STM32_USB_Device_Library\Core\Src\usbd_ctlreq.o
                0x08006e30                USBD_StdDevReq
 .text.USBD_StdItfReq
                0x08006ed0       0x66 Middlewares\ST\STM32_USB_Device_Library\Core\Src\usbd_ctlreq.o
                0x08006ed0                USBD_StdItfReq
 .text.USBD_StdEPReq
                0x08006f36      0x1b0 Middlewares\ST\STM32_USB_Device_Library\Core\Src\usbd_ctlreq.o
                0x08006f36                USBD_StdEPReq
 *fill*         0x080070e6        0x2 
 .text.USBD_GetDescriptor
                0x080070e8      0x1e8 Middlewares\ST\STM32_USB_Device_Library\Core\Src\usbd_ctlreq.o
 .text.USBD_SetAddress
                0x080072d0       0x7c Middlewares\ST\STM32_USB_Device_Library\Core\Src\usbd_ctlreq.o
 .text.USBD_SetConfig
                0x0800734c      0x110 Middlewares\ST\STM32_USB_Device_Library\Core\Src\usbd_ctlreq.o
 .text.USBD_GetConfig
                0x0800745c       0x64 Middlewares\ST\STM32_USB_Device_Library\Core\Src\usbd_ctlreq.o
 .text.USBD_GetStatus
                0x080074c0       0x54 Middlewares\ST\STM32_USB_Device_Library\Core\Src\usbd_ctlreq.o
 .text.USBD_SetFeature
                0x08007514       0x36 Middlewares\ST\STM32_USB_Device_Library\Core\Src\usbd_ctlreq.o
 .text.USBD_ClrFeature
                0x0800754a       0x50 Middlewares\ST\STM32_USB_Device_Library\Core\Src\usbd_ctlreq.o
 .text.USBD_ParseSetupRequest
                0x0800759a       0x7a Middlewares\ST\STM32_USB_Device_Library\Core\Src\usbd_ctlreq.o
                0x0800759a                USBD_ParseSetupRequest
 .text.USBD_CtlError
                0x08007614       0x22 Middlewares\ST\STM32_USB_Device_Library\Core\Src\usbd_ctlreq.o
                0x08007614                USBD_CtlError
 .text.USBD_GetString
                0x08007636       0x86 Middlewares\ST\STM32_USB_Device_Library\Core\Src\usbd_ctlreq.o
                0x08007636                USBD_GetString
 .text.USBD_GetLen
                0x080076bc       0x30 Middlewares\ST\STM32_USB_Device_Library\Core\Src\usbd_ctlreq.o
 .text.USBD_CtlSendData
                0x080076ec       0x38 Middlewares\ST\STM32_USB_Device_Library\Core\Src\usbd_ioreq.o
                0x080076ec                USBD_CtlSendData
 .text.USBD_CtlContinueSendData
                0x08007724       0x24 Middlewares\ST\STM32_USB_Device_Library\Core\Src\usbd_ioreq.o
                0x08007724                USBD_CtlContinueSendData
 .text.USBD_CtlPrepareRx
                0x08007748       0x3c Middlewares\ST\STM32_USB_Device_Library\Core\Src\usbd_ioreq.o
                0x08007748                USBD_CtlPrepareRx
 .text.USBD_CtlContinueRx
                0x08007784       0x24 Middlewares\ST\STM32_USB_Device_Library\Core\Src\usbd_ioreq.o
                0x08007784                USBD_CtlContinueRx
 .text.USBD_CtlSendStatus
                0x080077a8       0x26 Middlewares\ST\STM32_USB_Device_Library\Core\Src\usbd_ioreq.o
                0x080077a8                USBD_CtlSendStatus
 .text.USBD_CtlReceiveStatus
                0x080077ce       0x26 Middlewares\ST\STM32_USB_Device_Library\Core\Src\usbd_ioreq.o
                0x080077ce                USBD_CtlReceiveStatus
 .text.makeFreeRtosPriority
                0x080077f4       0x30 Middlewares\Third_Party\FreeRTOS\Source\CMSIS_RTOS\cmsis_os.o
 .text.osKernelStart
                0x08007824        0xe Middlewares\Third_Party\FreeRTOS\Source\CMSIS_RTOS\cmsis_os.o
                0x08007824                osKernelStart
 .text.osThreadCreate
                0x08007832       0x4e Middlewares\Third_Party\FreeRTOS\Source\CMSIS_RTOS\cmsis_os.o
                0x08007832                osThreadCreate
 .text.osDelay  0x08007880       0x28 Middlewares\Third_Party\FreeRTOS\Source\CMSIS_RTOS\cmsis_os.o
                0x08007880                osDelay
 .text.osSystickHandler
                0x080078a8       0x16 Middlewares\Third_Party\FreeRTOS\Source\CMSIS_RTOS\cmsis_os.o
                0x080078a8                osSystickHandler
 .text.xEventGroupCreate
                0x080078be       0x2e Middlewares\Third_Party\FreeRTOS\Source\event_groups.o
                0x080078be                xEventGroupCreate
 .text.xEventGroupWaitBits
                0x080078ec      0x190 Middlewares\Third_Party\FreeRTOS\Source\event_groups.o
                0x080078ec                xEventGroupWaitBits
 .text.xEventGroupClearBits
                0x08007a7c       0x6c Middlewares\Third_Party\FreeRTOS\Source\event_groups.o
                0x08007a7c                xEventGroupClearBits
 .text.xEventGroupSetBits
                0x08007ae8      0x112 Middlewares\Third_Party\FreeRTOS\Source\event_groups.o
                0x08007ae8                xEventGroupSetBits
 .text.vEventGroupDelete
                0x08007bfa       0x60 Middlewares\Third_Party\FreeRTOS\Source\event_groups.o
                0x08007bfa                vEventGroupDelete
 .text.prvTestWaitCondition
                0x08007c5a       0x44 Middlewares\Third_Party\FreeRTOS\Source\event_groups.o
 .text.vListInitialise
                0x08007c9e       0x40 Middlewares\Third_Party\FreeRTOS\Source\list.o
                0x08007c9e                vListInitialise
 .text.vListInitialiseItem
                0x08007cde       0x1a Middlewares\Third_Party\FreeRTOS\Source\list.o
                0x08007cde                vListInitialiseItem
 .text.vListInsertEnd
                0x08007cf8       0x48 Middlewares\Third_Party\FreeRTOS\Source\list.o
                0x08007cf8                vListInsertEnd
 .text.vListInsert
                0x08007d40       0x72 Middlewares\Third_Party\FreeRTOS\Source\list.o
                0x08007d40                vListInsert
 .text.uxListRemove
                0x08007db2       0x54 Middlewares\Third_Party\FreeRTOS\Source\list.o
                0x08007db2                uxListRemove
 *fill*         0x08007e06        0x2 
 .text.pxPortInitialiseStack
                0x08007e08       0x68 Middlewares\Third_Party\FreeRTOS\Source\portable\GCC\ARM_CM4F\port.o
                0x08007e08                pxPortInitialiseStack
 .text.prvTaskExitError
                0x08007e70       0x3c Middlewares\Third_Party\FreeRTOS\Source\portable\GCC\ARM_CM4F\port.o
 *fill*         0x08007eac        0x4 
 .text.SVC_Handler
                0x08007eb0       0x28 Middlewares\Third_Party\FreeRTOS\Source\portable\GCC\ARM_CM4F\port.o
                0x08007eb0                SVC_Handler
 .text.prvPortStartFirstTask
                0x08007ed8       0x20 Middlewares\Third_Party\FreeRTOS\Source\portable\GCC\ARM_CM4F\port.o
 .text.xPortStartScheduler
                0x08007ef8      0x118 Middlewares\Third_Party\FreeRTOS\Source\portable\GCC\ARM_CM4F\port.o
                0x08007ef8                xPortStartScheduler
 .text.vPortEnterCritical
                0x08008010       0x5c Middlewares\Third_Party\FreeRTOS\Source\portable\GCC\ARM_CM4F\port.o
                0x08008010                vPortEnterCritical
 .text.vPortExitCritical
                0x0800806c       0x50 Middlewares\Third_Party\FreeRTOS\Source\portable\GCC\ARM_CM4F\port.o
                0x0800806c                vPortExitCritical
 *fill*         0x080080bc        0x4 
 .text.PendSV_Handler
                0x080080c0       0x68 Middlewares\Third_Party\FreeRTOS\Source\portable\GCC\ARM_CM4F\port.o
                0x080080c0                PendSV_Handler
 .text.xPortSysTickHandler
                0x08008128       0x40 Middlewares\Third_Party\FreeRTOS\Source\portable\GCC\ARM_CM4F\port.o
                0x08008128                xPortSysTickHandler
 .text.vPortSetupTimerInterrupt
                0x08008168       0x38 Middlewares\Third_Party\FreeRTOS\Source\portable\GCC\ARM_CM4F\port.o
                0x08008168                vPortSetupTimerInterrupt
 .text.vPortEnableVFP
                0x080081a0       0x14 Middlewares\Third_Party\FreeRTOS\Source\portable\GCC\ARM_CM4F\port.o
 .text.vPortValidateInterruptPriority
                0x080081b4       0x7c Middlewares\Third_Party\FreeRTOS\Source\portable\GCC\ARM_CM4F\port.o
                0x080081b4                vPortValidateInterruptPriority
 .text.pvPortMalloc
                0x08008230      0x184 Middlewares\Third_Party\FreeRTOS\Source\portable\MemMang\heap_4.o
                0x08008230                pvPortMalloc
 .text.vPortFree
                0x080083b4       0xb0 Middlewares\Third_Party\FreeRTOS\Source\portable\MemMang\heap_4.o
                0x080083b4                vPortFree
 .text.prvHeapInit
                0x08008464       0xc4 Middlewares\Third_Party\FreeRTOS\Source\portable\MemMang\heap_4.o
 .text.prvInsertBlockIntoFreeList
                0x08008528       0xb4 Middlewares\Third_Party\FreeRTOS\Source\portable\MemMang\heap_4.o
 .text.xQueueGenericReset
                0x080085dc       0xd0 Middlewares\Third_Party\FreeRTOS\Source\queue.o
                0x080085dc                xQueueGenericReset
 .text.xQueueGenericCreate
                0x080086ac       0x72 Middlewares\Third_Party\FreeRTOS\Source\queue.o
                0x080086ac                xQueueGenericCreate
 .text.prvInitialiseNewQueue
                0x0800871e       0x3e Middlewares\Third_Party\FreeRTOS\Source\queue.o
 .text.xQueueCreateCountingSemaphore
                0x0800875c       0x62 Middlewares\Third_Party\FreeRTOS\Source\queue.o
                0x0800875c                xQueueCreateCountingSemaphore
 *fill*         0x080087be        0x2 
 .text.xQueueGenericSend
                0x080087c0      0x1f4 Middlewares\Third_Party\FreeRTOS\Source\queue.o
                0x080087c0                xQueueGenericSend
 .text.xQueueGenericSendFromISR
                0x080089b4      0x128 Middlewares\Third_Party\FreeRTOS\Source\queue.o
                0x080089b4                xQueueGenericSendFromISR
 .text.xQueueGenericReceive
                0x08008adc      0x224 Middlewares\Third_Party\FreeRTOS\Source\queue.o
                0x08008adc                xQueueGenericReceive
 .text.uxQueueMessagesWaiting
                0x08008d00       0x3a Middlewares\Third_Party\FreeRTOS\Source\queue.o
                0x08008d00                uxQueueMessagesWaiting
 .text.vQueueDelete
                0x08008d3a       0x3a Middlewares\Third_Party\FreeRTOS\Source\queue.o
                0x08008d3a                vQueueDelete
 .text.prvCopyDataToQueue
                0x08008d74       0xd4 Middlewares\Third_Party\FreeRTOS\Source\queue.o
 .text.prvCopyDataFromQueue
                0x08008e48       0x4c Middlewares\Third_Party\FreeRTOS\Source\queue.o
 .text.prvUnlockQueue
                0x08008e94       0xa4 Middlewares\Third_Party\FreeRTOS\Source\queue.o
 .text.prvIsQueueEmpty
                0x08008f38       0x2c Middlewares\Third_Party\FreeRTOS\Source\queue.o
 .text.prvIsQueueFull
                0x08008f64       0x30 Middlewares\Third_Party\FreeRTOS\Source\queue.o
 .text.vQueueAddToRegistry
                0x08008f94       0x50 Middlewares\Third_Party\FreeRTOS\Source\queue.o
                0x08008f94                vQueueAddToRegistry
 .text.vQueueUnregisterQueue
                0x08008fe4       0x54 Middlewares\Third_Party\FreeRTOS\Source\queue.o
                0x08008fe4                vQueueUnregisterQueue
 .text.xTaskCreate
                0x08009038       0x82 Middlewares\Third_Party\FreeRTOS\Source\tasks.o
                0x08009038                xTaskCreate
 .text.prvInitialiseNewTask
                0x080090ba      0x10c Middlewares\Third_Party\FreeRTOS\Source\tasks.o
 *fill*         0x080091c6        0x2 
 .text.prvAddNewTaskToReadyList
                0x080091c8       0xd4 Middlewares\Third_Party\FreeRTOS\Source\tasks.o
 .text.vTaskDelay
                0x0800929c       0x68 Middlewares\Third_Party\FreeRTOS\Source\tasks.o
                0x0800929c                vTaskDelay
 .text.vTaskStartScheduler
                0x08009304       0x8c Middlewares\Third_Party\FreeRTOS\Source\tasks.o
                0x08009304                vTaskStartScheduler
 .text.vTaskSuspendAll
                0x08009390       0x1c Middlewares\Third_Party\FreeRTOS\Source\tasks.o
                0x08009390                vTaskSuspendAll
 .text.xTaskResumeAll
                0x080093ac      0x138 Middlewares\Third_Party\FreeRTOS\Source\tasks.o
                0x080093ac                xTaskResumeAll
 .text.xTaskGetTickCount
                0x080094e4       0x20 Middlewares\Third_Party\FreeRTOS\Source\tasks.o
                0x080094e4                xTaskGetTickCount
 .text.xTaskIncrementTick
                0x08009504      0x178 Middlewares\Third_Party\FreeRTOS\Source\tasks.o
                0x08009504                xTaskIncrementTick
 .text.vTaskSwitchContext
                0x0800967c      0x100 Middlewares\Third_Party\FreeRTOS\Source\tasks.o
                0x0800967c                vTaskSwitchContext
 .text.vTaskPlaceOnEventList
                0x0800977c       0x48 Middlewares\Third_Party\FreeRTOS\Source\tasks.o
                0x0800977c                vTaskPlaceOnEventList
 .text.vTaskPlaceOnUnorderedEventList
                0x080097c4       0x74 Middlewares\Third_Party\FreeRTOS\Source\tasks.o
                0x080097c4                vTaskPlaceOnUnorderedEventList
 .text.xTaskRemoveFromEventList
                0x08009838       0xc4 Middlewares\Third_Party\FreeRTOS\Source\tasks.o
                0x08009838                xTaskRemoveFromEventList
 .text.xTaskRemoveFromUnorderedEventList
                0x080098fc       0xcc Middlewares\Third_Party\FreeRTOS\Source\tasks.o
                0x080098fc                xTaskRemoveFromUnorderedEventList
 .text.vTaskSetTimeOutState
                0x080099c8       0x48 Middlewares\Third_Party\FreeRTOS\Source\tasks.o
                0x080099c8                vTaskSetTimeOutState
 .text.xTaskCheckForTimeOut
                0x08009a10       0xbc Middlewares\Third_Party\FreeRTOS\Source\tasks.o
                0x08009a10                xTaskCheckForTimeOut
 .text.vTaskMissedYield
                0x08009acc       0x18 Middlewares\Third_Party\FreeRTOS\Source\tasks.o
                0x08009acc                vTaskMissedYield
 .text.prvIdleTask
                0x08009ae4       0x30 Middlewares\Third_Party\FreeRTOS\Source\tasks.o
 .text.prvInitialiseTaskLists
                0x08009b14       0x80 Middlewares\Third_Party\FreeRTOS\Source\tasks.o
 .text.prvCheckTasksWaitingTermination
                0x08009b94       0x78 Middlewares\Third_Party\FreeRTOS\Source\tasks.o
 .text.prvDeleteTCB
                0x08009c0c       0x20 Middlewares\Third_Party\FreeRTOS\Source\tasks.o
 .text.prvResetNextTaskUnblockTime
                0x08009c2c       0x4c Middlewares\Third_Party\FreeRTOS\Source\tasks.o
 .text.xTaskGetCurrentTaskHandle
                0x08009c78       0x20 Middlewares\Third_Party\FreeRTOS\Source\tasks.o
                0x08009c78                xTaskGetCurrentTaskHandle
 .text.xTaskGetSchedulerState
                0x08009c98       0x3c Middlewares\Third_Party\FreeRTOS\Source\tasks.o
                0x08009c98                xTaskGetSchedulerState
 .text.vTaskPriorityInherit
                0x08009cd4       0xec Middlewares\Third_Party\FreeRTOS\Source\tasks.o
                0x08009cd4                vTaskPriorityInherit
 .text.xTaskPriorityDisinherit
                0x08009dc0      0x108 Middlewares\Third_Party\FreeRTOS\Source\tasks.o
                0x08009dc0                xTaskPriorityDisinherit
 .text.uxTaskResetEventItemValue
                0x08009ec8       0x30 Middlewares\Third_Party\FreeRTOS\Source\tasks.o
                0x08009ec8                uxTaskResetEventItemValue
 .text.pvTaskIncrementMutexHeldCount
                0x08009ef8       0x28 Middlewares\Third_Party\FreeRTOS\Source\tasks.o
                0x08009ef8                pvTaskIncrementMutexHeldCount
 .text.ulTaskNotifyTake
                0x08009f20       0x90 Middlewares\Third_Party\FreeRTOS\Source\tasks.o
                0x08009f20                ulTaskNotifyTake
 .text.vTaskNotifyGiveFromISR
                0x08009fb0      0x120 Middlewares\Third_Party\FreeRTOS\Source\tasks.o
                0x08009fb0                vTaskNotifyGiveFromISR
 .text.prvAddCurrentTaskToDelayedList
                0x0800a0d0       0xcc Middlewares\Third_Party\FreeRTOS\Source\tasks.o
 .text.eARPProcessPacket
                0x0800a19c       0xf4 Middlewares\Third_Party\FreeRTOS-Plus-TCP\FreeRTOS_ARP.o
                0x0800a19c                eARPProcessPacket
 .text.vARPRefreshCacheEntry
                0x0800a290      0x1f4 Middlewares\Third_Party\FreeRTOS-Plus-TCP\FreeRTOS_ARP.o
                0x0800a290                vARPRefreshCacheEntry
 .text.eARPGetCacheEntry
                0x0800a484       0xdc Middlewares\Third_Party\FreeRTOS-Plus-TCP\FreeRTOS_ARP.o
                0x0800a484                eARPGetCacheEntry
 .text.prvCacheLookup
                0x0800a560       0x80 Middlewares\Third_Party\FreeRTOS-Plus-TCP\FreeRTOS_ARP.o
 .text.vARPAgeCache
                0x0800a5e0      0x11c Middlewares\Third_Party\FreeRTOS-Plus-TCP\FreeRTOS_ARP.o
                0x0800a5e0                vARPAgeCache
 .text.FreeRTOS_OutputARPRequest
                0x0800a6fc       0x34 Middlewares\Third_Party\FreeRTOS-Plus-TCP\FreeRTOS_ARP.o
                0x0800a6fc                FreeRTOS_OutputARPRequest
 .text.vARPGenerateRequestPacket
                0x0800a730       0x84 Middlewares\Third_Party\FreeRTOS-Plus-TCP\FreeRTOS_ARP.o
                0x0800a730                vARPGenerateRequestPacket
 .text.usChar2u16
                0x0800a7b4       0x2a Middlewares\Third_Party\FreeRTOS-Plus-TCP\FreeRTOS_DNS.o
 .text.prvReadNameField
                0x0800a7de       0xfa Middlewares\Third_Party\FreeRTOS-Plus-TCP\FreeRTOS_DNS.o
 .text.prvSkipNameField
                0x0800a8d8       0x92 Middlewares\Third_Party\FreeRTOS-Plus-TCP\FreeRTOS_DNS.o
 .text.ulDNSHandlePacket
                0x0800a96a       0x48 Middlewares\Third_Party\FreeRTOS-Plus-TCP\FreeRTOS_DNS.o
                0x0800a96a                ulDNSHandlePacket
 *fill*         0x0800a9b2        0x2 
 .text.prvParseDNSReply
                0x0800a9b4      0x470 Middlewares\Third_Party\FreeRTOS-Plus-TCP\FreeRTOS_DNS.o
 .text.prvReplyDNSMessage
                0x0800ae24      0x124 Middlewares\Third_Party\FreeRTOS-Plus-TCP\FreeRTOS_DNS.o
 .text.prvProcessDNSCache
                0x0800af48      0x208 Middlewares\Third_Party\FreeRTOS-Plus-TCP\FreeRTOS_DNS.o
 .text.prvIPTask
                0x0800b150      0x160 Middlewares\Third_Party\FreeRTOS-Plus-TCP\FreeRTOS_IP.o
 .text.xIsCallingFromIPTask
                0x0800b2b0       0x2c Middlewares\Third_Party\FreeRTOS-Plus-TCP\FreeRTOS_IP.o
                0x0800b2b0                xIsCallingFromIPTask
 .text.prvHandleEthernetPacket
                0x0800b2dc       0x16 Middlewares\Third_Party\FreeRTOS-Plus-TCP\FreeRTOS_IP.o
 *fill*         0x0800b2f2        0x2 
 .text.prvCalculateSleepTime
                0x0800b2f4       0x50 Middlewares\Third_Party\FreeRTOS-Plus-TCP\FreeRTOS_IP.o
 .text.prvCheckNetworkTimers
                0x0800b344       0x80 Middlewares\Third_Party\FreeRTOS-Plus-TCP\FreeRTOS_IP.o
 .text.prvIPTimerStart
                0x0800b3c4       0x48 Middlewares\Third_Party\FreeRTOS-Plus-TCP\FreeRTOS_IP.o
 .text.prvIPTimerReload
                0x0800b40c       0x20 Middlewares\Third_Party\FreeRTOS-Plus-TCP\FreeRTOS_IP.o
 .text.prvIPTimerCheck
                0x0800b42c       0x60 Middlewares\Third_Party\FreeRTOS-Plus-TCP\FreeRTOS_IP.o
 .text.FreeRTOS_NetworkDown
                0x0800b48c       0x38 Middlewares\Third_Party\FreeRTOS-Plus-TCP\FreeRTOS_IP.o
                0x0800b48c                FreeRTOS_NetworkDown
 .text.FreeRTOS_NetworkDownFromISR
                0x0800b4c4       0x44 Middlewares\Third_Party\FreeRTOS-Plus-TCP\FreeRTOS_IP.o
                0x0800b4c4                FreeRTOS_NetworkDownFromISR
 .text.pxDuplicateNetworkBufferWithDescriptor
                0x0800b508       0x56 Middlewares\Third_Party\FreeRTOS-Plus-TCP\FreeRTOS_IP.o
                0x0800b508                pxDuplicateNetworkBufferWithDescriptor
 .text.pxUDPPayloadBuffer_to_NetworkBuffer
                0x0800b55e       0x42 Middlewares\Third_Party\FreeRTOS-Plus-TCP\FreeRTOS_IP.o
                0x0800b55e                pxUDPPayloadBuffer_to_NetworkBuffer
 .text.FreeRTOS_IPInit
                0x0800b5a0      0x208 Middlewares\Third_Party\FreeRTOS-Plus-TCP\FreeRTOS_IP.o
                0x0800b5a0                FreeRTOS_IPInit
 .text.xSendEventToIPTask
                0x0800b7a8       0x2c Middlewares\Third_Party\FreeRTOS-Plus-TCP\FreeRTOS_IP.o
                0x0800b7a8                xSendEventToIPTask
 .text.xSendEventStructToIPTask
                0x0800b7d4       0x94 Middlewares\Third_Party\FreeRTOS-Plus-TCP\FreeRTOS_IP.o
                0x0800b7d4                xSendEventStructToIPTask
 .text.eConsiderFrameForProcessing
                0x0800b868       0xa0 Middlewares\Third_Party\FreeRTOS-Plus-TCP\FreeRTOS_IP.o
                0x0800b868                eConsiderFrameForProcessing
 .text.prvProcessNetworkDownEvent
                0x0800b908       0x4c Middlewares\Third_Party\FreeRTOS-Plus-TCP\FreeRTOS_IP.o
 .text.vIPNetworkUpCalls
                0x0800b954       0x28 Middlewares\Third_Party\FreeRTOS-Plus-TCP\FreeRTOS_IP.o
                0x0800b954                vIPNetworkUpCalls
 .text.prvProcessEthernetPacket
                0x0800b97c       0xba Middlewares\Third_Party\FreeRTOS-Plus-TCP\FreeRTOS_IP.o
 *fill*         0x0800ba36        0x2 
 .text.prvAllowIPPacket
                0x0800ba38       0x94 Middlewares\Third_Party\FreeRTOS-Plus-TCP\FreeRTOS_IP.o
 .text.prvProcessIPPacket
                0x0800bacc      0x1dc Middlewares\Third_Party\FreeRTOS-Plus-TCP\FreeRTOS_IP.o
 .text.prvProcessICMPEchoRequest
                0x0800bca8       0xb0 Middlewares\Third_Party\FreeRTOS-Plus-TCP\FreeRTOS_IP.o
 .text.prvProcessICMPPacket
                0x0800bd58       0x34 Middlewares\Third_Party\FreeRTOS-Plus-TCP\FreeRTOS_IP.o
 .text.usGenerateProtocolChecksum
                0x0800bd8c      0x1d0 Middlewares\Third_Party\FreeRTOS-Plus-TCP\FreeRTOS_IP.o
                0x0800bd8c                usGenerateProtocolChecksum
 .text.usGenerateChecksum
                0x0800bf5c      0x1a8 Middlewares\Third_Party\FreeRTOS-Plus-TCP\FreeRTOS_IP.o
                0x0800bf5c                usGenerateChecksum
 .text.vReturnEthernetFrame
                0x0800c104       0x40 Middlewares\Third_Party\FreeRTOS-Plus-TCP\FreeRTOS_IP.o
                0x0800c104                vReturnEthernetFrame
 .text.FreeRTOS_GetIPAddress
                0x0800c144       0x18 Middlewares\Third_Party\FreeRTOS-Plus-TCP\FreeRTOS_IP.o
                0x0800c144                FreeRTOS_GetIPAddress
 .text.xIPIsNetworkTaskReady
                0x0800c15c       0x18 Middlewares\Third_Party\FreeRTOS-Plus-TCP\FreeRTOS_IP.o
                0x0800c15c                xIPIsNetworkTaskReady
 .text.FreeRTOS_max_uint32
                0x0800c174       0x20 Middlewares\Third_Party\FreeRTOS-Plus-TCP\FreeRTOS_Sockets.o
 .text.FreeRTOS_min_int32
                0x0800c194       0x20 Middlewares\Third_Party\FreeRTOS-Plus-TCP\FreeRTOS_Sockets.o
 .text.FreeRTOS_min_uint32
                0x0800c1b4       0x20 Middlewares\Third_Party\FreeRTOS-Plus-TCP\FreeRTOS_Sockets.o
 .text.FreeRTOS_round_up
                0x0800c1d4       0x2a Middlewares\Third_Party\FreeRTOS-Plus-TCP\FreeRTOS_Sockets.o
 .text.vStreamBufferClear
                0x0800c1fe       0x2c Middlewares\Third_Party\FreeRTOS-Plus-TCP\FreeRTOS_Sockets.o
 .text.uxStreamBufferSpace
                0x0800c22a       0x3e Middlewares\Third_Party\FreeRTOS-Plus-TCP\FreeRTOS_Sockets.o
 .text.uxStreamBufferDistance
                0x0800c268       0x3c Middlewares\Third_Party\FreeRTOS-Plus-TCP\FreeRTOS_Sockets.o
 .text.uxStreamBufferGetSpace
                0x0800c2a4       0x28 Middlewares\Third_Party\FreeRTOS-Plus-TCP\FreeRTOS_Sockets.o
 .text.uxStreamBufferFrontSpace
                0x0800c2cc       0x28 Middlewares\Third_Party\FreeRTOS-Plus-TCP\FreeRTOS_Sockets.o
 .text.uxStreamBufferGetSize
                0x0800c2f4       0x28 Middlewares\Third_Party\FreeRTOS-Plus-TCP\FreeRTOS_Sockets.o
 .text.uxStreamBufferGetPtr
                0x0800c31c       0x40 Middlewares\Third_Party\FreeRTOS-Plus-TCP\FreeRTOS_Sockets.o
 .text.prvValidSocket
                0x0800c35c       0x58 Middlewares\Third_Party\FreeRTOS-Plus-TCP\FreeRTOS_Sockets.o
 .text.vNetworkSocketsInit
                0x0800c3b4       0x20 Middlewares\Third_Party\FreeRTOS-Plus-TCP\FreeRTOS_Sockets.o
                0x0800c3b4                vNetworkSocketsInit
 .text.prvDetermineSocketSize
                0x0800c3d4      0x110 Middlewares\Third_Party\FreeRTOS-Plus-TCP\FreeRTOS_Sockets.o
 .text.FreeRTOS_socket
                0x0800c4e4      0x130 Middlewares\Third_Party\FreeRTOS-Plus-TCP\FreeRTOS_Sockets.o
                0x0800c4e4                FreeRTOS_socket
 .text.FreeRTOS_bind
                0x0800c614       0xbe Middlewares\Third_Party\FreeRTOS-Plus-TCP\FreeRTOS_Sockets.o
                0x0800c614                FreeRTOS_bind
 *fill*         0x0800c6d2        0x2 
 .text.vSocketBind
                0x0800c6d4      0x130 Middlewares\Third_Party\FreeRTOS-Plus-TCP\FreeRTOS_Sockets.o
                0x0800c6d4                vSocketBind
 .text.FreeRTOS_closesocket
                0x0800c804       0x4c Middlewares\Third_Party\FreeRTOS-Plus-TCP\FreeRTOS_Sockets.o
                0x0800c804                FreeRTOS_closesocket
 .text.vSocketClose
                0x0800c850       0xc0 Middlewares\Third_Party\FreeRTOS-Plus-TCP\FreeRTOS_Sockets.o
                0x0800c850                vSocketClose
 .text.prvTCPSetSocketCount
                0x0800c910       0x70 Middlewares\Third_Party\FreeRTOS-Plus-TCP\FreeRTOS_Sockets.o
 .text.FreeRTOS_setsockopt
                0x0800c980      0x340 Middlewares\Third_Party\FreeRTOS-Plus-TCP\FreeRTOS_Sockets.o
                0x0800c980                FreeRTOS_setsockopt
 .text.prvGetPrivatePortNumber
                0x0800ccc0       0xc0 Middlewares\Third_Party\FreeRTOS-Plus-TCP\FreeRTOS_Sockets.o
 .text.pxListFindListItemWithValue
                0x0800cd80       0x54 Middlewares\Third_Party\FreeRTOS-Plus-TCP\FreeRTOS_Sockets.o
 .text.pxUDPSocketLookup
                0x0800cdd4       0x4c Middlewares\Third_Party\FreeRTOS-Plus-TCP\FreeRTOS_Sockets.o
                0x0800cdd4                pxUDPSocketLookup
 .text.vSocketWakeUpUser
                0x0800ce20       0x76 Middlewares\Third_Party\FreeRTOS-Plus-TCP\FreeRTOS_Sockets.o
                0x0800ce20                vSocketWakeUpUser
 .text.FreeRTOS_accept
                0x0800ce96      0x19c Middlewares\Third_Party\FreeRTOS-Plus-TCP\FreeRTOS_Sockets.o
                0x0800ce96                FreeRTOS_accept
 .text.FreeRTOS_recv
                0x0800d032      0x1a8 Middlewares\Third_Party\FreeRTOS-Plus-TCP\FreeRTOS_Sockets.o
                0x0800d032                FreeRTOS_recv
 .text.prvTCPSendCheck
                0x0800d1da       0x9a Middlewares\Third_Party\FreeRTOS-Plus-TCP\FreeRTOS_Sockets.o
 .text.FreeRTOS_send
                0x0800d274      0x180 Middlewares\Third_Party\FreeRTOS-Plus-TCP\FreeRTOS_Sockets.o
                0x0800d274                FreeRTOS_send
 .text.FreeRTOS_listen
                0x0800d3f4       0xd8 Middlewares\Third_Party\FreeRTOS-Plus-TCP\FreeRTOS_Sockets.o
                0x0800d3f4                FreeRTOS_listen
 .text.xTCPTimerCheck
                0x0800d4cc       0xe8 Middlewares\Third_Party\FreeRTOS-Plus-TCP\FreeRTOS_Sockets.o
                0x0800d4cc                xTCPTimerCheck
 .text.pxTCPSocketLookup
                0x0800d5b4       0x8c Middlewares\Third_Party\FreeRTOS-Plus-TCP\FreeRTOS_Sockets.o
                0x0800d5b4                pxTCPSocketLookup
 .text.prvTCPCreateStream
                0x0800d640       0xbc Middlewares\Third_Party\FreeRTOS-Plus-TCP\FreeRTOS_Sockets.o
 .text.lTCPAddRxdata
                0x0800d6fc       0xc4 Middlewares\Third_Party\FreeRTOS-Plus-TCP\FreeRTOS_Sockets.o
                0x0800d6fc                lTCPAddRxdata
 .text.FreeRTOS_tx_space
                0x0800d7c0       0x46 Middlewares\Third_Party\FreeRTOS-Plus-TCP\FreeRTOS_Sockets.o
                0x0800d7c0                FreeRTOS_tx_space
 .text.FreeRTOS_tx_size
                0x0800d806       0x44 Middlewares\Third_Party\FreeRTOS-Plus-TCP\FreeRTOS_Sockets.o
                0x0800d806                FreeRTOS_tx_size
 .text.FreeRTOS_rx_size
                0x0800d84a       0x44 Middlewares\Third_Party\FreeRTOS-Plus-TCP\FreeRTOS_Sockets.o
                0x0800d84a                FreeRTOS_rx_size
 *fill*         0x0800d88e        0x2 
 .text.vSocketSelect
                0x0800d890      0x23c Middlewares\Third_Party\FreeRTOS-Plus-TCP\FreeRTOS_Sockets.o
                0x0800d890                vSocketSelect
 .text.FreeRTOS_min_uint32
                0x0800dacc       0x20 Middlewares\Third_Party\FreeRTOS-Plus-TCP\FreeRTOS_Stream_Buffer.o
 .text.uxStreamBufferSpace
                0x0800daec       0x3e Middlewares\Third_Party\FreeRTOS-Plus-TCP\FreeRTOS_Stream_Buffer.o
 .text.uxStreamBufferDistance
                0x0800db2a       0x3c Middlewares\Third_Party\FreeRTOS-Plus-TCP\FreeRTOS_Stream_Buffer.o
 .text.uxStreamBufferGetSpace
                0x0800db66       0x28 Middlewares\Third_Party\FreeRTOS-Plus-TCP\FreeRTOS_Stream_Buffer.o
 .text.uxStreamBufferGetSize
                0x0800db8e       0x28 Middlewares\Third_Party\FreeRTOS-Plus-TCP\FreeRTOS_Stream_Buffer.o
 .text.xStreamBufferLessThenEqual
                0x0800dbb6       0x6a Middlewares\Third_Party\FreeRTOS-Plus-TCP\FreeRTOS_Stream_Buffer.o
 .text.uxStreamBufferAdd
                0x0800dc20       0xfc Middlewares\Third_Party\FreeRTOS-Plus-TCP\FreeRTOS_Stream_Buffer.o
                0x0800dc20                uxStreamBufferAdd
 .text.uxStreamBufferGet
                0x0800dd1c       0xe8 Middlewares\Third_Party\FreeRTOS-Plus-TCP\FreeRTOS_Stream_Buffer.o
                0x0800dd1c                uxStreamBufferGet
 .text.FreeRTOS_max_int32
                0x0800de04       0x20 Middlewares\Third_Party\FreeRTOS-Plus-TCP\FreeRTOS_TCP_IP.o
 .text.FreeRTOS_min_int32
                0x0800de24       0x20 Middlewares\Third_Party\FreeRTOS-Plus-TCP\FreeRTOS_TCP_IP.o
 .text.FreeRTOS_min_uint32
                0x0800de44       0x20 Middlewares\Third_Party\FreeRTOS-Plus-TCP\FreeRTOS_TCP_IP.o
 .text.uxStreamBufferSpace
                0x0800de64       0x3e Middlewares\Third_Party\FreeRTOS-Plus-TCP\FreeRTOS_TCP_IP.o
 .text.uxStreamBufferDistance
                0x0800dea2       0x3c Middlewares\Third_Party\FreeRTOS-Plus-TCP\FreeRTOS_TCP_IP.o
 .text.uxStreamBufferGetSpace
                0x0800dede       0x28 Middlewares\Third_Party\FreeRTOS-Plus-TCP\FreeRTOS_TCP_IP.o
 .text.uxStreamBufferFrontSpace
                0x0800df06       0x28 Middlewares\Third_Party\FreeRTOS-Plus-TCP\FreeRTOS_TCP_IP.o
 .text.uxStreamBufferMidSpace
                0x0800df2e       0x28 Middlewares\Third_Party\FreeRTOS-Plus-TCP\FreeRTOS_TCP_IP.o
 .text.vStreamBufferMoveMid
                0x0800df56       0x4c Middlewares\Third_Party\FreeRTOS-Plus-TCP\FreeRTOS_TCP_IP.o
 .text.ulChar2u32
                0x0800dfa2       0x36 Middlewares\Third_Party\FreeRTOS-Plus-TCP\FreeRTOS_TCP_IP.o
 .text.usChar2u16
                0x0800dfd8       0x2a Middlewares\Third_Party\FreeRTOS-Plus-TCP\FreeRTOS_TCP_IP.o
 *fill*         0x0800e002        0x2 
 .text.prvTCPSocketIsActive
                0x0800e004       0x58 Middlewares\Third_Party\FreeRTOS-Plus-TCP\FreeRTOS_TCP_IP.o
 .text.prvTCPStatusAgeCheck
                0x0800e05c       0xac Middlewares\Third_Party\FreeRTOS-Plus-TCP\FreeRTOS_TCP_IP.o
 .text.xTCPSocketCheck
                0x0800e108       0xc4 Middlewares\Third_Party\FreeRTOS-Plus-TCP\FreeRTOS_TCP_IP.o
                0x0800e108                xTCPSocketCheck
 .text.prvTCPSendPacket
                0x0800e1cc       0xb6 Middlewares\Third_Party\FreeRTOS-Plus-TCP\FreeRTOS_TCP_IP.o
 .text.prvTCPSendRepeated
                0x0800e282       0x5a Middlewares\Third_Party\FreeRTOS-Plus-TCP\FreeRTOS_TCP_IP.o
 .text.prvTCPReturnPacket
                0x0800e2dc      0x3c0 Middlewares\Third_Party\FreeRTOS-Plus-TCP\FreeRTOS_TCP_IP.o
 .text.prvTCPCreateWindow
                0x0800e69c       0x50 Middlewares\Third_Party\FreeRTOS-Plus-TCP\FreeRTOS_TCP_IP.o
 .text.prvTCPPrepareConnect
                0x0800e6ec      0x1b4 Middlewares\Third_Party\FreeRTOS-Plus-TCP\FreeRTOS_TCP_IP.o
 .text.prvCheckOptions
                0x0800e8a0      0x24c Middlewares\Third_Party\FreeRTOS-Plus-TCP\FreeRTOS_TCP_IP.o
 .text.prvWinScaleFactor
                0x0800eaec       0x42 Middlewares\Third_Party\FreeRTOS-Plus-TCP\FreeRTOS_TCP_IP.o
 .text.prvSetSynAckOptions
                0x0800eb2e       0xa8 Middlewares\Third_Party\FreeRTOS-Plus-TCP\FreeRTOS_TCP_IP.o
 .text.prvTCPTouchSocket
                0x0800ebd6       0x48 Middlewares\Third_Party\FreeRTOS-Plus-TCP\FreeRTOS_TCP_IP.o
 .text.vTCPStateChange
                0x0800ec1e      0x1b6 Middlewares\Third_Party\FreeRTOS-Plus-TCP\FreeRTOS_TCP_IP.o
                0x0800ec1e                vTCPStateChange
 .text.prvTCPBufferResize
                0x0800edd4       0xc8 Middlewares\Third_Party\FreeRTOS-Plus-TCP\FreeRTOS_TCP_IP.o
 .text.prvTCPPrepareSend
                0x0800ee9c      0x2ce Middlewares\Third_Party\FreeRTOS-Plus-TCP\FreeRTOS_TCP_IP.o
 *fill*         0x0800f16a        0x2 
 .text.prvTCPNextTimeout
                0x0800f16c      0x100 Middlewares\Third_Party\FreeRTOS-Plus-TCP\FreeRTOS_TCP_IP.o
 .text.prvTCPAddTxData
                0x0800f26c       0x54 Middlewares\Third_Party\FreeRTOS-Plus-TCP\FreeRTOS_TCP_IP.o
 .text.prvTCPHandleFin
                0x0800f2c0      0x14a Middlewares\Third_Party\FreeRTOS-Plus-TCP\FreeRTOS_TCP_IP.o
 .text.prvCheckRxData
                0x0800f40a       0xce Middlewares\Third_Party\FreeRTOS-Plus-TCP\FreeRTOS_TCP_IP.o
 .text.prvStoreRxData
                0x0800f4d8       0xe8 Middlewares\Third_Party\FreeRTOS-Plus-TCP\FreeRTOS_TCP_IP.o
 .text.prvSetOptions
                0x0800f5c0       0xbc Middlewares\Third_Party\FreeRTOS-Plus-TCP\FreeRTOS_TCP_IP.o
 .text.prvHandleSynReceived
                0x0800f67c      0x182 Middlewares\Third_Party\FreeRTOS-Plus-TCP\FreeRTOS_TCP_IP.o
 .text.prvHandleEstablished
                0x0800f7fe      0x22c Middlewares\Third_Party\FreeRTOS-Plus-TCP\FreeRTOS_TCP_IP.o
 *fill*         0x0800fa2a        0x2 
 .text.prvSendData
                0x0800fa2c      0x17c Middlewares\Third_Party\FreeRTOS-Plus-TCP\FreeRTOS_TCP_IP.o
 .text.prvTCPHandleState
                0x0800fba8      0x220 Middlewares\Third_Party\FreeRTOS-Plus-TCP\FreeRTOS_TCP_IP.o
 .text.prvTCPSendReset
                0x0800fdc8       0x38 Middlewares\Third_Party\FreeRTOS-Plus-TCP\FreeRTOS_TCP_IP.o
 .text.prvSocketSetMSS
                0x0800fe00       0x78 Middlewares\Third_Party\FreeRTOS-Plus-TCP\FreeRTOS_TCP_IP.o
 .text.xProcessReceivedTCPPacket
                0x0800fe78      0x242 Middlewares\Third_Party\FreeRTOS-Plus-TCP\FreeRTOS_TCP_IP.o
                0x0800fe78                xProcessReceivedTCPPacket
 .text.prvHandleListen
                0x080100ba      0x166 Middlewares\Third_Party\FreeRTOS-Plus-TCP\FreeRTOS_TCP_IP.o
 .text.prvTCPSocketCopy
                0x08010220       0xec Middlewares\Third_Party\FreeRTOS-Plus-TCP\FreeRTOS_TCP_IP.o
 .text.xTCPCheckNewClient
                0x0801030c       0x88 Middlewares\Third_Party\FreeRTOS-Plus-TCP\FreeRTOS_TCP_IP.o
                0x0801030c                xTCPCheckNewClient
 .text.FreeRTOS_min_int32
                0x08010394       0x20 Middlewares\Third_Party\FreeRTOS-Plus-TCP\FreeRTOS_TCP_WIN.o
 .text.FreeRTOS_min_uint32
                0x080103b4       0x20 Middlewares\Third_Party\FreeRTOS-Plus-TCP\FreeRTOS_TCP_WIN.o
 .text.xSequenceLessThanOrEqual
                0x080103d4       0x22 Middlewares\Third_Party\FreeRTOS-Plus-TCP\FreeRTOS_TCP_WIN.o
 .text.xSequenceLessThan
                0x080103f6       0x24 Middlewares\Third_Party\FreeRTOS-Plus-TCP\FreeRTOS_TCP_WIN.o
 .text.xSequenceGreaterThan
                0x0801041a       0x24 Middlewares\Third_Party\FreeRTOS-Plus-TCP\FreeRTOS_TCP_WIN.o
 .text.xSequenceGreaterThanOrEqual
                0x0801043e       0x22 Middlewares\Third_Party\FreeRTOS-Plus-TCP\FreeRTOS_TCP_WIN.o
 .text.vListInsertFifo
                0x08010460       0x20 Middlewares\Third_Party\FreeRTOS-Plus-TCP\FreeRTOS_TCP_WIN.o
 .text.vTCPTimerSet
                0x08010480       0x1a Middlewares\Third_Party\FreeRTOS-Plus-TCP\FreeRTOS_TCP_WIN.o
 .text.ulTimerGetAge
                0x0801049a       0x1c Middlewares\Third_Party\FreeRTOS-Plus-TCP\FreeRTOS_TCP_WIN.o
 .text.vListInsertGeneric
                0x080104b6       0x44 Middlewares\Third_Party\FreeRTOS-Plus-TCP\FreeRTOS_TCP_WIN.o
                0x080104b6                vListInsertGeneric
 *fill*         0x080104fa        0x2 
 .text.prvCreateSectors
                0x080104fc       0xa0 Middlewares\Third_Party\FreeRTOS-Plus-TCP\FreeRTOS_TCP_WIN.o
 .text.xTCPWindowRxFind
                0x0801059c       0x4e Middlewares\Third_Party\FreeRTOS-Plus-TCP\FreeRTOS_TCP_WIN.o
 *fill*         0x080105ea        0x2 
 .text.xTCPWindowNew
                0x080105ec       0xcc Middlewares\Third_Party\FreeRTOS-Plus-TCP\FreeRTOS_TCP_WIN.o
 .text.xTCPWindowRxEmpty
                0x080106b8       0x42 Middlewares\Third_Party\FreeRTOS-Plus-TCP\FreeRTOS_TCP_WIN.o
                0x080106b8                xTCPWindowRxEmpty
 .text.xTCPWindowGetHead
                0x080106fa       0x3c Middlewares\Third_Party\FreeRTOS-Plus-TCP\FreeRTOS_TCP_WIN.o
 .text.xTCPWindowPeekHead
                0x08010736       0x3a Middlewares\Third_Party\FreeRTOS-Plus-TCP\FreeRTOS_TCP_WIN.o
 .text.vTCPWindowFree
                0x08010770       0x58 Middlewares\Third_Party\FreeRTOS-Plus-TCP\FreeRTOS_TCP_WIN.o
 .text.vTCPWindowDestroy
                0x080107c8       0x62 Middlewares\Third_Party\FreeRTOS-Plus-TCP\FreeRTOS_TCP_WIN.o
                0x080107c8                vTCPWindowDestroy
 *fill*         0x0801082a        0x2 
 .text.vTCPWindowCreate
                0x0801082c       0x70 Middlewares\Third_Party\FreeRTOS-Plus-TCP\FreeRTOS_TCP_WIN.o
                0x0801082c                vTCPWindowCreate
 .text.vTCPWindowInit
                0x0801089c       0xb6 Middlewares\Third_Party\FreeRTOS-Plus-TCP\FreeRTOS_TCP_WIN.o
                0x0801089c                vTCPWindowInit
 .text.xTCPWindowRxConfirm
                0x08010952       0x96 Middlewares\Third_Party\FreeRTOS-Plus-TCP\FreeRTOS_TCP_WIN.o
 .text.lTCPWindowRxCheck
                0x080109e8      0x1b8 Middlewares\Third_Party\FreeRTOS-Plus-TCP\FreeRTOS_TCP_WIN.o
                0x080109e8                lTCPWindowRxCheck
 .text.lTCPIncrementTxPosition
                0x08010ba0       0x32 Middlewares\Third_Party\FreeRTOS-Plus-TCP\FreeRTOS_TCP_WIN.o
 *fill*         0x08010bd2        0x2 
 .text.lTCPWindowTxAdd
                0x08010bd4      0x168 Middlewares\Third_Party\FreeRTOS-Plus-TCP\FreeRTOS_TCP_WIN.o
                0x08010bd4                lTCPWindowTxAdd
 .text.xTCPWindowTxDone
                0x08010d3c       0x24 Middlewares\Third_Party\FreeRTOS-Plus-TCP\FreeRTOS_TCP_WIN.o
                0x08010d3c                xTCPWindowTxDone
 .text.prvTCPWindowTxHasSpace
                0x08010d60       0x8c Middlewares\Third_Party\FreeRTOS-Plus-TCP\FreeRTOS_TCP_WIN.o
 .text.xTCPWindowTxHasData
                0x08010dec       0xc0 Middlewares\Third_Party\FreeRTOS-Plus-TCP\FreeRTOS_TCP_WIN.o
                0x08010dec                xTCPWindowTxHasData
 .text.ulTCPWindowTxGet
                0x08010eac      0x1a8 Middlewares\Third_Party\FreeRTOS-Plus-TCP\FreeRTOS_TCP_WIN.o
                0x08010eac                ulTCPWindowTxGet
 .text.prvTCPWindowTxCheckAck
                0x08011054      0x188 Middlewares\Third_Party\FreeRTOS-Plus-TCP\FreeRTOS_TCP_WIN.o
 .text.prvTCPWindowFastRetransmit
                0x080111dc       0xac Middlewares\Third_Party\FreeRTOS-Plus-TCP\FreeRTOS_TCP_WIN.o
 .text.ulTCPWindowTxAck
                0x08011288       0x3a Middlewares\Third_Party\FreeRTOS-Plus-TCP\FreeRTOS_TCP_WIN.o
                0x08011288                ulTCPWindowTxAck
 *fill*         0x080112c2        0x2 
 .text.ulTCPWindowTxSack
                0x080112c4       0x48 Middlewares\Third_Party\FreeRTOS-Plus-TCP\FreeRTOS_TCP_WIN.o
                0x080112c4                ulTCPWindowTxSack
 .text.vProcessGeneratedUDPPacket
                0x0801130c      0x1c4 Middlewares\Third_Party\FreeRTOS-Plus-TCP\FreeRTOS_UDP_IP.o
                0x0801130c                vProcessGeneratedUDPPacket
 .text.xProcessReceivedUDPPacket
                0x080114d0       0xde Middlewares\Third_Party\FreeRTOS-Plus-TCP\FreeRTOS_UDP_IP.o
                0x080114d0                xProcessReceivedUDPPacket
 *fill*         0x080115ae        0x2 
 .text.xNetworkBuffersInitialise
                0x080115b0       0xf8 Middlewares\Third_Party\FreeRTOS-Plus-TCP\portable\BufferManagement\BufferAllocation_2.o
                0x080115b0                xNetworkBuffersInitialise
 .text.vReleaseNetworkBuffer
                0x080116a8       0x22 Middlewares\Third_Party\FreeRTOS-Plus-TCP\portable\BufferManagement\BufferAllocation_2.o
                0x080116a8                vReleaseNetworkBuffer
 *fill*         0x080116ca        0x2 
 .text.pxGetNetworkBufferWithDescriptor
                0x080116cc       0xf0 Middlewares\Third_Party\FreeRTOS-Plus-TCP\portable\BufferManagement\BufferAllocation_2.o
                0x080116cc                pxGetNetworkBufferWithDescriptor
 .text.vReleaseNetworkBufferAndDescriptor
                0x080117bc       0x68 Middlewares\Third_Party\FreeRTOS-Plus-TCP\portable\BufferManagement\BufferAllocation_2.o
                0x080117bc                vReleaseNetworkBufferAndDescriptor
 .text.main     0x08011824       0x64 Src\main.o
                0x08011824                main
 .text.SystemClock_Config
                0x08011888       0xf0 Src\main.o
                0x08011888                SystemClock_Config
 .text.MX_GPIO_Init
                0x08011978       0xb0 Src\main.o
 .text.vApplicationIPNetworkEventHook
                0x08011a28       0x4c Src\main.o
                0x08011a28                vApplicationIPNetworkEventHook
 .text.prvServerWorkTask
                0x08011a74      0x164 Src\main.o
 .text.pcApplicationHostnameHook
                0x08011bd8       0x14 Src\main.o
                0x08011bd8                pcApplicationHostnameHook
 .text.xApplicationDNSQueryHook
                0x08011bec       0x48 Src\main.o
                0x08011bec                xApplicationDNSQueryHook
 .text.vApplicationStackOverflowHook
                0x08011c34       0x1e Src\main.o
                0x08011c34                vApplicationStackOverflowHook
 *fill*         0x08011c52        0x2 
 .text.StartDefaultTask
                0x08011c54       0x24 Src\main.o
                0x08011c54                StartDefaultTask
 .text.HAL_TIM_PeriodElapsedCallback
                0x08011c78       0x24 Src\main.o
                0x08011c78                HAL_TIM_PeriodElapsedCallback
 .text._Error_Handler
                0x08011c9c        0xc Src\main.o
                0x08011c9c                _Error_Handler
 .text.HAL_MspInit
                0x08011ca8       0xa4 Src\stm32f4xx_hal_msp.o
                0x08011ca8                HAL_MspInit
 .text.HAL_InitTick
                0x08011d4c       0xb0 Src\stm32f4xx_hal_timebase_TIM.o
                0x08011d4c                HAL_InitTick
 .text.NMI_Handler
                0x08011dfc        0xe Src\stm32f4xx_it.o
                0x08011dfc                NMI_Handler
 .text.HardFault_Handler
                0x08011e0a        0x6 Src\stm32f4xx_it.o
                0x08011e0a                HardFault_Handler
 .text.MemManage_Handler
                0x08011e10        0x6 Src\stm32f4xx_it.o
                0x08011e10                MemManage_Handler
 .text.BusFault_Handler
                0x08011e16        0x6 Src\stm32f4xx_it.o
                0x08011e16                BusFault_Handler
 .text.UsageFault_Handler
                0x08011e1c        0x6 Src\stm32f4xx_it.o
                0x08011e1c                UsageFault_Handler
 .text.DebugMon_Handler
                0x08011e22        0xe Src\stm32f4xx_it.o
                0x08011e22                DebugMon_Handler
 .text.SysTick_Handler
                0x08011e30        0xc Src\stm32f4xx_it.o
                0x08011e30                SysTick_Handler
 .text.TIM1_UP_TIM10_IRQHandler
                0x08011e3c       0x14 Src\stm32f4xx_it.o
                0x08011e3c                TIM1_UP_TIM10_IRQHandler
 .text.SystemInit
                0x08011e50       0x6c Src\system_stm32f4xx.o
                0x08011e50                SystemInit
 .text.Reset_Handler
                0x08011ebc       0x50 startup\startup_stm32f411xe.o
                0x08011ebc                Reset_Handler
 .text.Default_Handler
                0x08011f0c        0x2 startup\startup_stm32f411xe.o
                0x08011f0c                RTC_Alarm_IRQHandler
                0x08011f0c                EXTI2_IRQHandler
                0x08011f0c                SPI4_IRQHandler
                0x08011f0c                TIM1_CC_IRQHandler
                0x08011f0c                DMA2_Stream5_IRQHandler
                0x08011f0c                DMA1_Stream5_IRQHandler
                0x08011f0c                PVD_IRQHandler
                0x08011f0c                SDIO_IRQHandler
                0x08011f0c                TAMP_STAMP_IRQHandler
                0x08011f0c                EXTI3_IRQHandler
                0x08011f0c                I2C3_ER_IRQHandler
                0x08011f0c                EXTI0_IRQHandler
                0x08011f0c                I2C2_EV_IRQHandler
                0x08011f0c                DMA1_Stream2_IRQHandler
                0x08011f0c                FPU_IRQHandler
                0x08011f0c                DMA2_Stream2_IRQHandler
                0x08011f0c                SPI1_IRQHandler
                0x08011f0c                TIM1_BRK_TIM9_IRQHandler
                0x08011f0c                DMA2_Stream3_IRQHandler
                0x08011f0c                USART6_IRQHandler
                0x08011f0c                DMA2_Stream0_IRQHandler
                0x08011f0c                TIM4_IRQHandler
                0x08011f0c                I2C1_EV_IRQHandler
                0x08011f0c                DMA1_Stream6_IRQHandler
                0x08011f0c                DMA1_Stream1_IRQHandler
                0x08011f0c                TIM3_IRQHandler
                0x08011f0c                RCC_IRQHandler
                0x08011f0c                Default_Handler
                0x08011f0c                EXTI15_10_IRQHandler
                0x08011f0c                ADC_IRQHandler
                0x08011f0c                DMA1_Stream7_IRQHandler
                0x08011f0c                SPI5_IRQHandler
                0x08011f0c                TIM5_IRQHandler
                0x08011f0c                DMA2_Stream7_IRQHandler
                0x08011f0c                I2C3_EV_IRQHandler
                0x08011f0c                EXTI9_5_IRQHandler
                0x08011f0c                RTC_WKUP_IRQHandler
                0x08011f0c                SPI2_IRQHandler
                0x08011f0c                DMA1_Stream0_IRQHandler
                0x08011f0c                EXTI4_IRQHandler
                0x08011f0c                WWDG_IRQHandler
                0x08011f0c                TIM2_IRQHandler
                0x08011f0c                OTG_FS_WKUP_IRQHandler
                0x08011f0c                TIM1_TRG_COM_TIM11_IRQHandler
                0x08011f0c                EXTI1_IRQHandler
                0x08011f0c                USART2_IRQHandler
                0x08011f0c                I2C2_ER_IRQHandler
                0x08011f0c                DMA2_Stream1_IRQHandler
                0x08011f0c                FLASH_IRQHandler
                0x08011f0c                DMA2_Stream4_IRQHandler
                0x08011f0c                USART1_IRQHandler
                0x08011f0c                SPI3_IRQHandler
                0x08011f0c                DMA1_Stream4_IRQHandler
                0x08011f0c                I2C1_ER_IRQHandler
                0x08011f0c                DMA2_Stream6_IRQHandler
                0x08011f0c                DMA1_Stream3_IRQHandler
 *fill*         0x08011f0e        0x2 
 .text.__libc_init_array
                0x08011f10       0x48 c:/program files (x86)/atollic/truestudio for stm32 9.0.0/armtools/bin/../lib/gcc/arm-atollic-eabi/6.3.1/../../../../arm-atollic-eabi/lib/armv7e-m/fpu\libc_nano.a(lib_a-init.o)
                0x08011f10                __libc_init_array
 .text.malloc   0x08011f58       0x10 c:/program files (x86)/atollic/truestudio for stm32 9.0.0/armtools/bin/../lib/gcc/arm-atollic-eabi/6.3.1/../../../../arm-atollic-eabi/lib/armv7e-m/fpu\libc_nano.a(lib_a-malloc.o)
                0x08011f58                malloc
 .text.free     0x08011f68       0x10 c:/program files (x86)/atollic/truestudio for stm32 9.0.0/armtools/bin/../lib/gcc/arm-atollic-eabi/6.3.1/../../../../arm-atollic-eabi/lib/armv7e-m/fpu\libc_nano.a(lib_a-malloc.o)
                0x08011f68                free
 .text.memcmp   0x08011f78       0x1e c:/program files (x86)/atollic/truestudio for stm32 9.0.0/armtools/bin/../lib/gcc/arm-atollic-eabi/6.3.1/../../../../arm-atollic-eabi/lib/armv7e-m/fpu\libc_nano.a(lib_a-memcmp.o)
                0x08011f78                memcmp
 .text.memcpy   0x08011f96       0x16 c:/program files (x86)/atollic/truestudio for stm32 9.0.0/armtools/bin/../lib/gcc/arm-atollic-eabi/6.3.1/../../../../arm-atollic-eabi/lib/armv7e-m/fpu\libc_nano.a(lib_a-memcpy-stub.o)
                0x08011f96                memcpy
 .text.memmove  0x08011fac       0x34 c:/program files (x86)/atollic/truestudio for stm32 9.0.0/armtools/bin/../lib/gcc/arm-atollic-eabi/6.3.1/../../../../arm-atollic-eabi/lib/armv7e-m/fpu\libc_nano.a(lib_a-memmove.o)
                0x08011fac                memmove
 .text.memset   0x08011fe0       0x10 c:/program files (x86)/atollic/truestudio for stm32 9.0.0/armtools/bin/../lib/gcc/arm-atollic-eabi/6.3.1/../../../../arm-atollic-eabi/lib/armv7e-m/fpu\libc_nano.a(lib_a-memset.o)
                0x08011fe0                memset
 .text._free_r  0x08011ff0       0x9c c:/program files (x86)/atollic/truestudio for stm32 9.0.0/armtools/bin/../lib/gcc/arm-atollic-eabi/6.3.1/../../../../arm-atollic-eabi/lib/armv7e-m/fpu\libc_nano.a(lib_a-nano-freer.o)
                0x08011ff0                _free_r
 .text._malloc_r
                0x0801208c       0xbc c:/program files (x86)/atollic/truestudio for stm32 9.0.0/armtools/bin/../lib/gcc/arm-atollic-eabi/6.3.1/../../../../arm-atollic-eabi/lib/armv7e-m/fpu\libc_nano.a(lib_a-nano-mallocr.o)
                0x0801208c                _malloc_r
 .text.rand     0x08012148       0x74 c:/program files (x86)/atollic/truestudio for stm32 9.0.0/armtools/bin/../lib/gcc/arm-atollic-eabi/6.3.1/../../../../arm-atollic-eabi/lib/armv7e-m/fpu\libc_nano.a(lib_a-rand.o)
                0x08012148                rand
 .text._sbrk_r  0x080121bc       0x20 c:/program files (x86)/atollic/truestudio for stm32 9.0.0/armtools/bin/../lib/gcc/arm-atollic-eabi/6.3.1/../../../../arm-atollic-eabi/lib/armv7e-m/fpu\libc_nano.a(lib_a-sbrkr.o)
                0x080121bc                _sbrk_r
 .text.strcasecmp
                0x080121dc       0x3c c:/program files (x86)/atollic/truestudio for stm32 9.0.0/armtools/bin/../lib/gcc/arm-atollic-eabi/6.3.1/../../../../arm-atollic-eabi/lib/armv7e-m/fpu\libc_nano.a(lib_a-strcasecmp.o)
                0x080121dc                strcasecmp
 .text.strcpy   0x08012218       0x10 c:/program files (x86)/atollic/truestudio for stm32 9.0.0/armtools/bin/../lib/gcc/arm-atollic-eabi/6.3.1/../../../../arm-atollic-eabi/lib/armv7e-m/fpu\libc_nano.a(lib_a-strcpy.o)
                0x08012218                strcpy
 .text.__locale_ctype_ptr
                0x08012228       0x1c c:/program files (x86)/atollic/truestudio for stm32 9.0.0/armtools/bin/../lib/gcc/arm-atollic-eabi/6.3.1/../../../../arm-atollic-eabi/lib/armv7e-m/fpu\libc_nano.a(lib_a-locale.o)
                0x08012228                __locale_ctype_ptr
 .text.__ascii_mbtowc
                0x08012244       0x24 c:/program files (x86)/atollic/truestudio for stm32 9.0.0/armtools/bin/../lib/gcc/arm-atollic-eabi/6.3.1/../../../../arm-atollic-eabi/lib/armv7e-m/fpu\libc_nano.a(lib_a-mbtowc_r.o)
                0x08012244                __ascii_mbtowc
 .text.__malloc_lock
                0x08012268        0x2 c:/program files (x86)/atollic/truestudio for stm32 9.0.0/armtools/bin/../lib/gcc/arm-atollic-eabi/6.3.1/../../../../arm-atollic-eabi/lib/armv7e-m/fpu\libc_nano.a(lib_a-mlock.o)
                0x08012268                __malloc_lock
 .text.__malloc_unlock
                0x0801226a        0x2 c:/program files (x86)/atollic/truestudio for stm32 9.0.0/armtools/bin/../lib/gcc/arm-atollic-eabi/6.3.1/../../../../arm-atollic-eabi/lib/armv7e-m/fpu\libc_nano.a(lib_a-mlock.o)
                0x0801226a                __malloc_unlock
 .text.__ascii_wctomb
                0x0801226c       0x1a c:/program files (x86)/atollic/truestudio for stm32 9.0.0/armtools/bin/../lib/gcc/arm-atollic-eabi/6.3.1/../../../../arm-atollic-eabi/lib/armv7e-m/fpu\libc_nano.a(lib_a-wctomb_r.o)
                0x0801226c                __ascii_wctomb
 *fill*         0x08012286        0x2 
 .text._sbrk    0x08012288       0x1c c:/program files (x86)/atollic/truestudio for stm32 9.0.0/armtools/bin/../lib/gcc/arm-atollic-eabi/6.3.1/../../../../arm-atollic-eabi/lib/armv7e-m/fpu\libnosys.a(sbrk.o)
                0x08012288                _sbrk
 *(.glue_7)
 .glue_7        0x080122a4        0x0 linker stubs
 *(.glue_7t)
 .glue_7t       0x080122a4        0x0 linker stubs
 *(.eh_frame)
 .eh_frame      0x080122a4        0x0 c:/program files (x86)/atollic/truestudio for stm32 9.0.0/armtools/bin/../lib/gcc/arm-atollic-eabi/6.3.1/armv7e-m/fpu/crtbegin.o
 *(.init)
 .init          0x080122a4        0x4 c:/program files (x86)/atollic/truestudio for stm32 9.0.0/armtools/bin/../lib/gcc/arm-atollic-eabi/6.3.1/armv7e-m/fpu/crti.o
                0x080122a4                _init
 .init          0x080122a8        0x8 c:/program files (x86)/atollic/truestudio for stm32 9.0.0/armtools/bin/../lib/gcc/arm-atollic-eabi/6.3.1/armv7e-m/fpu/crtn.o
 *(.fini)
 .fini          0x080122b0        0x4 c:/program files (x86)/atollic/truestudio for stm32 9.0.0/armtools/bin/../lib/gcc/arm-atollic-eabi/6.3.1/armv7e-m/fpu/crti.o
                0x080122b0                _fini
 .fini          0x080122b4        0x8 c:/program files (x86)/atollic/truestudio for stm32 9.0.0/armtools/bin/../lib/gcc/arm-atollic-eabi/6.3.1/armv7e-m/fpu/crtn.o
                0x080122bc                . = ALIGN (0x4)
                0x080122bc                _etext = .

.vfp11_veneer   0x080122bc        0x0
 .vfp11_veneer  0x080122bc        0x0 linker stubs

.v4_bx          0x080122bc        0x0
 .v4_bx         0x080122bc        0x0 linker stubs

.iplt           0x080122bc        0x0
 .iplt          0x080122bc        0x0 c:/program files (x86)/atollic/truestudio for stm32 9.0.0/armtools/bin/../lib/gcc/arm-atollic-eabi/6.3.1/armv7e-m/fpu/crtbegin.o

.rodata         0x080122bc      0x4b4
                0x080122bc                . = ALIGN (0x4)
 *(.rodata)
 .rodata        0x080122bc       0x3f Middlewares\ST\STM32_USB_Device_Library\App\Src\usbd_conf.o
 *fill*         0x080122fb        0x1 
 .rodata        0x080122fc       0x4b Middlewares\ST\STM32_USB_Device_Library\App\Src\usbd_desc.o
 *fill*         0x08012347        0x1 
 .rodata        0x08012348        0x5 Middlewares\ST\STM32_USB_Device_Library\App\Src\usbd_rndis_if.o
 *fill*         0x0801234d        0x3 
 .rodata        0x08012350        0x5 Middlewares\Third_Party\FreeRTOS\Source\tasks.o
 *fill*         0x08012355        0x3 
 .rodata        0x08012358       0x10 Middlewares\Third_Party\FreeRTOS-Plus-TCP\FreeRTOS_IP.o
 .rodata        0x08012368        0xa Middlewares\Third_Party\FreeRTOS-Plus-TCP\portable\BufferManagement\BufferAllocation_2.o
 *fill*         0x08012372        0x2 
 .rodata        0x08012374      0x1e6 Src\main.o
 *(.rodata*)
 *fill*         0x0801255a        0x2 
 .rodata.OID_GEN_SUPPORTED
                0x0801255c       0x64 Middlewares\ST\STM32_USB_Device_Library\App\Src\usbd_rndis_if.o
                0x0801255c                OID_GEN_SUPPORTED
 .rodata.response
                0x080125c0       0x20 Middlewares\ST\STM32_USB_Device_Library\App\Src\usbd_rndis_if.o
                0x080125c0                response
 .rodata.nome.11031
                0x080125e0        0xf Middlewares\ST\STM32_USB_Device_Library\App\Src\usbd_rndis_if.o
 *fill*         0x080125ef        0x1 
 .rodata.xDefaultPartARPPacketHeader