Archive member included to satisfy reference by file (symbol)

c:/program files (x86)/atollic/truestudio for stm32 9.0.0/armtools/bin/../lib/gcc/arm-atollic-eabi/6.3.1/../../../../arm-atollic-eabi/lib/armv7e-m/fpu\libc_nano.a(lib_a-init.o)
                              startup\startup_stm32f411xe.o (__libc_init_array)
c:/program files (x86)/atollic/truestudio for stm32 9.0.0/armtools/bin/../lib/gcc/arm-atollic-eabi/6.3.1/../../../../arm-atollic-eabi/lib/armv7e-m/fpu\libc_nano.a(lib_a-malloc.o)
                              Middlewares\ST\STM32_USB_Device_Library\Class\RNDIS\Src\usbd_rndis.o (malloc)
c:/program files (x86)/atollic/truestudio for stm32 9.0.0/armtools/bin/../lib/gcc/arm-atollic-eabi/6.3.1/../../../../arm-atollic-eabi/lib/armv7e-m/fpu\libc_nano.a(lib_a-memcmp.o)
                              Middlewares\Third_Party\FreeRTOS-Plus-TCP\FreeRTOS_ARP.o (memcmp)
c:/program files (x86)/atollic/truestudio for stm32 9.0.0/armtools/bin/../lib/gcc/arm-atollic-eabi/6.3.1/../../../../arm-atollic-eabi/lib/armv7e-m/fpu\libc_nano.a(lib_a-memcpy-stub.o)
                              Middlewares\ST\STM32_USB_Device_Library\App\Src\usbd_rndis_if.o (memcpy)
c:/program files (x86)/atollic/truestudio for stm32 9.0.0/armtools/bin/../lib/gcc/arm-atollic-eabi/6.3.1/../../../../arm-atollic-eabi/lib/armv7e-m/fpu\libc_nano.a(lib_a-memmove.o)
                              Middlewares\Third_Party\FreeRTOS-Plus-TCP\FreeRTOS_IP.o (memmove)
c:/program files (x86)/atollic/truestudio for stm32 9.0.0/armtools/bin/../lib/gcc/arm-atollic-eabi/6.3.1/../../../../arm-atollic-eabi/lib/armv7e-m/fpu\libc_nano.a(lib_a-memset.o)
                              Middlewares\Third_Party\FreeRTOS\Source\CMSIS_RTOS\cmsis_os.o (memset)
c:/program files (x86)/atollic/truestudio for stm32 9.0.0/armtools/bin/../lib/gcc/arm-atollic-eabi/6.3.1/../../../../arm-atollic-eabi/lib/armv7e-m/fpu\libc_nano.a(lib_a-nano-freer.o)
                              c:/program files (x86)/atollic/truestudio for stm32 9.0.0/armtools/bin/../lib/gcc/arm-atollic-eabi/6.3.1/../../../../arm-atollic-eabi/lib/armv7e-m/fpu\libc_nano.a(lib_a-malloc.o) (_free_r)
c:/program files (x86)/atollic/truestudio for stm32 9.0.0/armtools/bin/../lib/gcc/arm-atollic-eabi/6.3.1/../../../../arm-atollic-eabi/lib/armv7e-m/fpu\libc_nano.a(lib_a-nano-mallocr.o)
                              c:/program files (x86)/atollic/truestudio for stm32 9.0.0/armtools/bin/../lib/gcc/arm-atollic-eabi/6.3.1/../../../../arm-atollic-eabi/lib/armv7e-m/fpu\libc_nano.a(lib_a-malloc.o) (_malloc_r)
c:/program files (x86)/atollic/truestudio for stm32 9.0.0/armtools/bin/../lib/gcc/arm-atollic-eabi/6.3.1/../../../../arm-atollic-eabi/lib/armv7e-m/fpu\libc_nano.a(lib_a-rand.o)
                              Middlewares\Third_Party\FreeRTOS-Plus-TCP\FreeRTOS_DNS.o (rand)
c:/program files (x86)/atollic/truestudio for stm32 9.0.0/armtools/bin/../lib/gcc/arm-atollic-eabi/6.3.1/../../../../arm-atollic-eabi/lib/armv7e-m/fpu\libc_nano.a(lib_a-sbrkr.o)
                              c:/program files (x86)/atollic/truestudio for stm32 9.0.0/armtools/bin/../lib/gcc/arm-atollic-eabi/6.3.1/../../../../arm-atollic-eabi/lib/armv7e-m/fpu\libc_nano.a(lib_a-nano-mallocr.o) (_sbrk_r)
c:/program files (x86)/atollic/truestudio for stm32 9.0.0/armtools/bin/../lib/gcc/arm-atollic-eabi/6.3.1/../../../../arm-atollic-eabi/lib/armv7e-m/fpu\libc_nano.a(lib_a-strcasecmp.o)
                              Src\main.o (strcasecmp)
c:/program files (x86)/atollic/truestudio for stm32 9.0.0/armtools/bin/../lib/gcc/arm-atollic-eabi/6.3.1/../../../../arm-atollic-eabi/lib/armv7e-m/fpu\libc_nano.a(lib_a-strcmp.o)
                              Middlewares\Third_Party\FreeRTOS-Plus-TCP\FreeRTOS_DNS.o (strcmp)
c:/program files (x86)/atollic/truestudio for stm32 9.0.0/armtools/bin/../lib/gcc/arm-atollic-eabi/6.3.1/../../../../arm-atollic-eabi/lib/armv7e-m/fpu\libc_nano.a(lib_a-strcpy.o)
                              Middlewares\Third_Party\FreeRTOS-Plus-TCP\FreeRTOS_DNS.o (strcpy)
c:/program files (x86)/atollic/truestudio for stm32 9.0.0/armtools/bin/../lib/gcc/arm-atollic-eabi/6.3.1/../../../../arm-atollic-eabi/lib/armv7e-m/fpu\libc_nano.a(lib_a-strlen.o)
                              Middlewares\Third_Party\FreeRTOS-Plus-TCP\FreeRTOS_DNS.o (strlen)
c:/program files (x86)/atollic/truestudio for stm32 9.0.0/armtools/bin/../lib/gcc/arm-atollic-eabi/6.3.1/../../../../arm-atollic-eabi/lib/armv7e-m/fpu\libc_nano.a(lib_a-impure.o)
                              c:/program files (x86)/atollic/truestudio for stm32 9.0.0/armtools/bin/../lib/gcc/arm-atollic-eabi/6.3.1/../../../../arm-atollic-eabi/lib/armv7e-m/fpu\libc_nano.a(lib_a-malloc.o) (_impure_ptr)
c:/program files (x86)/atollic/truestudio for stm32 9.0.0/armtools/bin/../lib/gcc/arm-atollic-eabi/6.3.1/../../../../arm-atollic-eabi/lib/armv7e-m/fpu\libc_nano.a(lib_a-locale.o)
[...]
Memory Configuration

Name             Origin             Length             Attributes
RAM              0x20000000         0x00020000         xrw
FLASH            0x08000000         0x00080000         xr
*default*        0x00000000         0xffffffff

Linker script and memory map

LOAD c:/program files (x86)/atollic/truestudio for stm32 9.0.0/armtools/bin/../lib/gcc/arm-atollic-eabi/6.3.1/armv7e-m/fpu/crti.o
LOAD c:/program files (x86)/atollic/truestudio for stm32 9.0.0/armtools/bin/../lib/gcc/arm-atollic-eabi/6.3.1/armv7e-m/fpu/crtbegin.o
LOAD Drivers\STM32F4xx_HAL_Driver\Src\stm32f4xx_hal.o
LOAD Drivers\STM32F4xx_HAL_Driver\Src\stm32f4xx_hal_cortex.o
LOAD Drivers\STM32F4xx_HAL_Driver\Src\stm32f4xx_hal_dma.o
LOAD Drivers\STM32F4xx_HAL_Driver\Src\stm32f4xx_hal_dma_ex.o
LOAD Drivers\STM32F4xx_HAL_Driver\Src\stm32f4xx_hal_flash.o
LOAD Drivers\STM32F4xx_HAL_Driver\Src\stm32f4xx_hal_flash_ex.o
LOAD Drivers\STM32F4xx_HAL_Driver\Src\stm32f4xx_hal_flash_ramfunc.o
LOAD Drivers\STM32F4xx_HAL_Driver\Src\stm32f4xx_hal_gpio.o
LOAD Drivers\STM32F4xx_HAL_Driver\Src\stm32f4xx_hal_pcd.o
LOAD Drivers\STM32F4xx_HAL_Driver\Src\stm32f4xx_hal_pcd_ex.o
LOAD Drivers\STM32F4xx_HAL_Driver\Src\stm32f4xx_hal_pwr.o
LOAD Drivers\STM32F4xx_HAL_Driver\Src\stm32f4xx_hal_pwr_ex.o
LOAD Drivers\STM32F4xx_HAL_Driver\Src\stm32f4xx_hal_rcc.o
LOAD Drivers\STM32F4xx_HAL_Driver\Src\stm32f4xx_hal_rcc_ex.o
LOAD Drivers\STM32F4xx_HAL_Driver\Src\stm32f4xx_hal_tim.o
LOAD Drivers\STM32F4xx_HAL_Driver\Src\stm32f4xx_hal_tim_ex.o
LOAD Drivers\STM32F4xx_HAL_Driver\Src\stm32f4xx_ll_usb.o
LOAD Middlewares\ST\STM32_USB_Device_Library\App\Src\usb_device.o
LOAD Middlewares\ST\STM32_USB_Device_Library\App\Src\usbd_conf.o
LOAD Middlewares\ST\STM32_USB_Device_Library\App\Src\usbd_desc.o
LOAD Middlewares\ST\STM32_USB_Device_Library\App\Src\usbd_rndis_if.o
LOAD Middlewares\ST\STM32_USB_Device_Library\Class\Composite\Src\usbd_composite.o
LOAD Middlewares\ST\STM32_USB_Device_Library\Class\RNDIS\Src\usbd_rndis.o
LOAD Middlewares\ST\STM32_USB_Device_Library\Core\Src\usbd_core.o
LOAD Middlewares\ST\STM32_USB_Device_Library\Core\Src\usbd_ctlreq.o
LOAD Middlewares\ST\STM32_USB_Device_Library\Core\Src\usbd_ioreq.o
LOAD Middlewares\Third_Party\FreeRTOS\Source\CMSIS_RTOS\cmsis_os.o
LOAD Middlewares\Third_Party\FreeRTOS\Source\croutine.o
LOAD Middlewares\Third_Party\FreeRTOS\Source\event_groups.o
LOAD Middlewares\Third_Party\FreeRTOS\Source\list.o
LOAD Middlewares\Third_Party\FreeRTOS\Source\portable\GCC\ARM_CM4F\port.o
LOAD Middlewares\Third_Party\FreeRTOS\Source\portable\MemMang\heap_4.o
LOAD Middlewares\Third_Party\FreeRTOS\Source\queue.o
LOAD Middlewares\Third_Party\FreeRTOS\Source\tasks.o
LOAD Middlewares\Third_Party\FreeRTOS\Source\timers.o
LOAD Middlewares\Third_Party\FreeRTOS-Plus-TCP\FreeRTOS_ARP.o
LOAD Middlewares\Third_Party\FreeRTOS-Plus-TCP\FreeRTOS_DHCP.o
LOAD Middlewares\Third_Party\FreeRTOS-Plus-TCP\FreeRTOS_DNS.o
LOAD Middlewares\Third_Party\FreeRTOS-Plus-TCP\FreeRTOS_IP.o
LOAD Middlewares\Third_Party\FreeRTOS-Plus-TCP\FreeRTOS_Sockets.o
LOAD Middlewares\Third_Party\FreeRTOS-Plus-TCP\FreeRTOS_Stream_Buffer.o
LOAD Middlewares\Third_Party\FreeRTOS-Plus-TCP\FreeRTOS_TCP_IP.o
LOAD Middlewares\Third_Party\FreeRTOS-Plus-TCP\FreeRTOS_TCP_WIN.o
LOAD Middlewares\Third_Party\FreeRTOS-Plus-TCP\FreeRTOS_UDP_IP.o
LOAD Middlewares\Third_Party\FreeRTOS-Plus-TCP\portable\BufferManagement\BufferAllocation_2.o
LOAD Src\freertos.o
LOAD Src\main.o
LOAD Src\stm32f4xx_hal_msp.o
LOAD Src\stm32f4xx_hal_timebase_TIM.o
LOAD Src\stm32f4xx_it.o
LOAD Src\system_stm32f4xx.o
LOAD startup\startup_stm32f411xe.o
                0x00000080                malloc_getpagesize_P = 0x80
START GROUP
LOAD c:/program files (x86)/atollic/truestudio for stm32 9.0.0/armtools/bin/../lib/gcc/arm-atollic-eabi/6.3.1/../../../../arm-atollic-eabi/lib/armv7e-m/fpu\libc_nano.a
LOAD c:/program files (x86)/atollic/truestudio for stm32 9.0.0/armtools/bin/../lib/gcc/arm-atollic-eabi/6.3.1/../../../../arm-atollic-eabi/lib/armv7e-m/fpu\libm.a
END GROUP
START GROUP
LOAD c:/program files (x86)/atollic/truestudio for stm32 9.0.0/armtools/bin/../lib/gcc/arm-atollic-eabi/6.3.1/armv7e-m/fpu\libgcc.a
LOAD c:/program files (x86)/atollic/truestudio for stm32 9.0.0/armtools/bin/../lib/gcc/arm-atollic-eabi/6.3.1/../../../../arm-atollic-eabi/lib/armv7e-m/fpu\libc_nano.a
END GROUP
START GROUP
LOAD c:/program files (x86)/atollic/truestudio for stm32 9.0.0/armtools/bin/../lib/gcc/arm-atollic-eabi/6.3.1/armv7e-m/fpu\libgcc.a
LOAD c:/program files (x86)/atollic/truestudio for stm32 9.0.0/armtools/bin/../lib/gcc/arm-atollic-eabi/6.3.1/../../../../arm-atollic-eabi/lib/armv7e-m/fpu\libc_nano.a
LOAD c:/program files (x86)/atollic/truestudio for stm32 9.0.0/armtools/bin/../lib/gcc/arm-atollic-eabi/6.3.1/../../../../arm-atollic-eabi/lib/armv7e-m/fpu\libnosys.a
END GROUP
START GROUP
LOAD c:/program files (x86)/atollic/truestudio for stm32 9.0.0/armtools/bin/../lib/gcc/arm-atollic-eabi/6.3.1/armv7e-m/fpu\libgcc.a
LOAD c:/program files (x86)/atollic/truestudio for stm32 9.0.0/armtools/bin/../lib/gcc/arm-atollic-eabi/6.3.1/../../../../arm-atollic-eabi/lib/armv7e-m/fpu\libc_nano.a
LOAD c:/program files (x86)/atollic/truestudio for stm32 9.0.0/armtools/bin/../lib/gcc/arm-atollic-eabi/6.3.1/../../../../arm-atollic-eabi/lib/armv7e-m/fpu\libnosys.a
END GROUP
LOAD c:/program files (x86)/atollic/truestudio for stm32 9.0.0/armtools/bin/../lib/gcc/arm-atollic-eabi/6.3.1/armv7e-m/fpu/crtend.o
LOAD c:/program files (x86)/atollic/truestudio for stm32 9.0.0/armtools/bin/../lib/gcc/arm-atollic-eabi/6.3.1/armv7e-m/fpu/crtn.o
                0x20020000                _estack = 0x20020000
                0x00000200                _Min_Heap_Size = 0x200
                0x00000400                _Min_Stack_Size = 0x400

.isr_vector     0x08000000      0x198
                0x08000000                . = ALIGN (0x4)
 *(.isr_vector)
 .isr_vector    0x08000000      0x198 startup\startup_stm32f411xe.o
                0x08000000                g_pfnVectors
                0x08000198                . = ALIGN (0x4)

.text           0x080001a0    0x11154
                0x080001a0                . = ALIGN (0x4)
 *(.text)
 .text          0x080001a0       0x40 c:/program files (x86)/atollic/truestudio for stm32 9.0.0/armtools/bin/../lib/gcc/arm-atollic-eabi/6.3.1/armv7e-m/fpu/crtbegin.o
 .text          0x080001e0       0x14 c:/program files (x86)/atollic/truestudio for stm32 9.0.0/armtools/bin/../lib/gcc/arm-atollic-eabi/6.3.1/../../../../arm-atollic-eabi/lib/armv7e-m/fpu\libc_nano.a(lib_a-strcmp.o)
                0x080001e0                strcmp
 .text          0x080001f4       0x10 c:/program files (x86)/atollic/truestudio for stm32 9.0.0/armtools/bin/../lib/gcc/arm-atollic-eabi/6.3.1/../../../../arm-atollic-eabi/lib/armv7e-m/fpu\libc_nano.a(lib_a-strlen.o)
                0x080001f4                strlen
 .text          0x08000204       0x30 c:/program files (x86)/atollic/truestudio for stm32 9.0.0/armtools/bin/../lib/gcc/arm-atollic-eabi/6.3.1/armv7e-m/fpu\libgcc.a(_aeabi_uldivmod.o)
                0x08000204                __aeabi_uldivmod
 .text          0x08000234      0x2dc c:/program files (x86)/atollic/truestudio for stm32 9.0.0/armtools/bin/../lib/gcc/arm-atollic-eabi/6.3.1/armv7e-m/fpu\libgcc.a(_udivmoddi4.o)
                0x08000234                __udivmoddi4
 .text          0x08000510        0x4 c:/program files (x86)/atollic/truestudio for stm32 9.0.0/armtools/bin/../lib/gcc/arm-atollic-eabi/6.3.1/armv7e-m/fpu\libgcc.a(_dvmd_tls.o)
                0x08000510                __aeabi_idiv0
                0x08000510                __aeabi_ldiv0
 *(.text*)
 .text.HAL_Init
                0x08000514       0x44 Drivers\STM32F4xx_HAL_Driver\Src\stm32f4xx_hal.o
                0x08000514                HAL_Init
 .text.HAL_IncTick
                0x08000558       0x28 Drivers\STM32F4xx_HAL_Driver\Src\stm32f4xx_hal.o
                0x08000558                HAL_IncTick
 .text.HAL_GetTick
                0x08000580       0x18 Drivers\STM32F4xx_HAL_Driver\Src\stm32f4xx_hal.o
                0x08000580                HAL_GetTick
 .text.HAL_Delay
                0x08000598       0x44 Drivers\STM32F4xx_HAL_Driver\Src\stm32f4xx_hal.o
                0x08000598                HAL_Delay
 .text.NVIC_SetPriorityGrouping
                0x080005dc       0x48 Drivers\STM32F4xx_HAL_Driver\Src\stm32f4xx_hal_cortex.o
 .text.NVIC_GetPriorityGrouping
                0x08000624       0x1c Drivers\STM32F4xx_HAL_Driver\Src\stm32f4xx_hal_cortex.o
 .text.NVIC_EnableIRQ
                0x08000640       0x34 Drivers\STM32F4xx_HAL_Driver\Src\stm32f4xx_hal_cortex.o
 .text.NVIC_SetPriority
                0x08000674       0x54 Drivers\STM32F4xx_HAL_Driver\Src\stm32f4xx_hal_cortex.o
 .text.NVIC_EncodePriority
                0x080006c8       0x62 Drivers\STM32F4xx_HAL_Driver\Src\stm32f4xx_hal_cortex.o
 *fill*         0x0800072a        0x2 
 .text.SysTick_Config
                0x0800072c       0x44 Drivers\STM32F4xx_HAL_Driver\Src\stm32f4xx_hal_cortex.o
 .text.HAL_NVIC_SetPriorityGrouping
                0x08000770       0x16 Drivers\STM32F4xx_HAL_Driver\Src\stm32f4xx_hal_cortex.o
                0x08000770                HAL_NVIC_SetPriorityGrouping
 .text.HAL_NVIC_SetPriority
                0x08000786       0x38 Drivers\STM32F4xx_HAL_Driver\Src\stm32f4xx_hal_cortex.o
                0x08000786                HAL_NVIC_SetPriority
 .text.HAL_NVIC_EnableIRQ
                0x080007be       0x1c Drivers\STM32F4xx_HAL_Driver\Src\stm32f4xx_hal_cortex.o
                0x080007be                HAL_NVIC_EnableIRQ
 .text.HAL_SYSTICK_Config
                0x080007da       0x18 Drivers\STM32F4xx_HAL_Driver\Src\stm32f4xx_hal_cortex.o
                0x080007da                HAL_SYSTICK_Config
 *fill*         0x080007f2        0x2 
 .text.HAL_SYSTICK_CLKSourceConfig
                0x080007f4       0x38 Drivers\STM32F4xx_HAL_Driver\Src\stm32f4xx_hal_cortex.o
                0x080007f4                HAL_SYSTICK_CLKSourceConfig
 .text.HAL_GPIO_Init
                0x0800082c      0x304 Drivers\STM32F4xx_HAL_Driver\Src\stm32f4xx_hal_gpio.o
                0x0800082c                HAL_GPIO_Init
 .text.HAL_GPIO_WritePin
                0x08000b30       0x32 Drivers\STM32F4xx_HAL_Driver\Src\stm32f4xx_hal_gpio.o
                0x08000b30                HAL_GPIO_WritePin
 .text.HAL_GPIO_TogglePin
                0x08000b62       0x24 Drivers\STM32F4xx_HAL_Driver\Src\stm32f4xx_hal_gpio.o
                0x08000b62                HAL_GPIO_TogglePin
 .text.HAL_PCD_Init
                0x08000b86      0x20e Drivers\STM32F4xx_HAL_Driver\Src\stm32f4xx_hal_pcd.o
                0x08000b86                HAL_PCD_Init
 .text.HAL_PCD_Start
                0x08000d94       0x44 Drivers\STM32F4xx_HAL_Driver\Src\stm32f4xx_hal_pcd.o
                0x08000d94                HAL_PCD_Start
 .text.HAL_PCD_IRQHandler
                0x08000dd8      0x914 Drivers\STM32F4xx_HAL_Driver\Src\stm32f4xx_hal_pcd.o
                0x08000dd8                HAL_PCD_IRQHandler
 .text.HAL_PCD_SetAddress
                0x080016ec       0x42 Drivers\STM32F4xx_HAL_Driver\Src\stm32f4xx_hal_pcd.o
                0x080016ec                HAL_PCD_SetAddress
 .text.HAL_PCD_EP_Open
                0x0800172e       0xd0 Drivers\STM32F4xx_HAL_Driver\Src\stm32f4xx_hal_pcd.o
                0x0800172e                HAL_PCD_EP_Open
 .text.HAL_PCD_EP_Close
                0x080017fe       0x94 Drivers\STM32F4xx_HAL_Driver\Src\stm32f4xx_hal_pcd.o
                0x080017fe                HAL_PCD_EP_Close
 .text.HAL_PCD_EP_Receive
                0x08001892       0x94 Drivers\STM32F4xx_HAL_Driver\Src\stm32f4xx_hal_pcd.o
                0x08001892                HAL_PCD_EP_Receive
 .text.HAL_PCD_EP_GetRxCount
                0x08001926       0x32 Drivers\STM32F4xx_HAL_Driver\Src\stm32f4xx_hal_pcd.o
                0x08001926                HAL_PCD_EP_GetRxCount
 .text.HAL_PCD_EP_Transmit
                0x08001958       0x92 Drivers\STM32F4xx_HAL_Driver\Src\stm32f4xx_hal_pcd.o
                0x08001958                HAL_PCD_EP_Transmit
 .text.HAL_PCD_EP_SetStall
                0x080019ea       0xb6 Drivers\STM32F4xx_HAL_Driver\Src\stm32f4xx_hal_pcd.o
                0x080019ea                HAL_PCD_EP_SetStall
 .text.HAL_PCD_EP_ClrStall
                0x08001aa0       0x96 Drivers\STM32F4xx_HAL_Driver\Src\stm32f4xx_hal_pcd.o
                0x08001aa0                HAL_PCD_EP_ClrStall
 .text.PCD_WriteEmptyTxFifo
                0x08001b36      0x104 Drivers\STM32F4xx_HAL_Driver\Src\stm32f4xx_hal_pcd.o
 .text.HAL_PCDEx_SetTxFiFo
                0x08001c3a       0x96 Drivers\STM32F4xx_HAL_Driver\Src\stm32f4xx_hal_pcd_ex.o
                0x08001c3a                HAL_PCDEx_SetTxFiFo
 .text.HAL_PCDEx_SetRxFiFo
                0x08001cd0       0x22 Drivers\STM32F4xx_HAL_Driver\Src\stm32f4xx_hal_pcd_ex.o
                0x08001cd0                HAL_PCDEx_SetRxFiFo
 *fill*         0x08001cf2        0x2 
 .text.HAL_RCC_OscConfig
                0x08001cf4      0x484 Drivers\STM32F4xx_HAL_Driver\Src\stm32f4xx_hal_rcc.o
                0x08001cf4                HAL_RCC_OscConfig
 .text.HAL_RCC_ClockConfig
                0x08002178      0x1c4 Drivers\STM32F4xx_HAL_Driver\Src\stm32f4xx_hal_rcc.o
                0x08002178                HAL_RCC_ClockConfig
 .text.HAL_RCC_GetSysClockFreq
                0x0800233c      0x1b0 Drivers\STM32F4xx_HAL_Driver\Src\stm32f4xx_hal_rcc.o
                0x0800233c                HAL_RCC_GetSysClockFreq
 .text.HAL_RCC_GetHCLKFreq
                0x080024ec       0x18 Drivers\STM32F4xx_HAL_Driver\Src\stm32f4xx_hal_rcc.o
                0x080024ec                HAL_RCC_GetHCLKFreq
 .text.HAL_RCC_GetPCLK2Freq
                0x08002504       0x28 Drivers\STM32F4xx_HAL_Driver\Src\stm32f4xx_hal_rcc.o
                0x08002504                HAL_RCC_GetPCLK2Freq
 .text.HAL_RCC_GetClockConfig
                0x0800252c       0x64 Drivers\STM32F4xx_HAL_Driver\Src\stm32f4xx_hal_rcc.o
                0x0800252c                HAL_RCC_GetClockConfig
 .text.HAL_TIM_Base_Init
                0x08002590       0x56 Drivers\STM32F4xx_HAL_Driver\Src\stm32f4xx_hal_tim.o
                0x08002590                HAL_TIM_Base_Init
 .text.HAL_TIM_Base_MspInit
                0x080025e6       0x14 Drivers\STM32F4xx_HAL_Driver\Src\stm32f4xx_hal_tim.o
                0x080025e6                HAL_TIM_Base_MspInit
 .text.HAL_TIM_Base_Start_IT
                0x080025fa       0x36 Drivers\STM32F4xx_HAL_Driver\Src\stm32f4xx_hal_tim.o
                0x080025fa                HAL_TIM_Base_Start_IT
 .text.HAL_TIM_IRQHandler
                0x08002630      0x210 Drivers\STM32F4xx_HAL_Driver\Src\stm32f4xx_hal_tim.o
                0x08002630                HAL_TIM_IRQHandler
 .text.HAL_TIM_OC_DelayElapsedCallback
                0x08002840       0x14 Drivers\STM32F4xx_HAL_Driver\Src\stm32f4xx_hal_tim.o
                0x08002840                HAL_TIM_OC_DelayElapsedCallback
 .text.HAL_TIM_IC_CaptureCallback
                0x08002854       0x14 Drivers\STM32F4xx_HAL_Driver\Src\stm32f4xx_hal_tim.o
                0x08002854                HAL_TIM_IC_CaptureCallback
 .text.HAL_TIM_PWM_PulseFinishedCallback
                0x08002868       0x14 Drivers\STM32F4xx_HAL_Driver\Src\stm32f4xx_hal_tim.o
                0x08002868                HAL_TIM_PWM_PulseFinishedCallback
 .text.HAL_TIM_TriggerCallback
                0x0800287c       0x14 Drivers\STM32F4xx_HAL_Driver\Src\stm32f4xx_hal_tim.o
                0x0800287c                HAL_TIM_TriggerCallback
 .text.TIM_Base_SetConfig
                0x08002890      0x108 Drivers\STM32F4xx_HAL_Driver\Src\stm32f4xx_hal_tim.o
                0x08002890                TIM_Base_SetConfig
 .text.HAL_TIMEx_CommutationCallback
                0x08002998       0x14 Drivers\STM32F4xx_HAL_Driver\Src\stm32f4xx_hal_tim_ex.o
                0x08002998                HAL_TIMEx_CommutationCallback
 .text.HAL_TIMEx_BreakCallback
                0x080029ac       0x14 Drivers\STM32F4xx_HAL_Driver\Src\stm32f4xx_hal_tim_ex.o
                0x080029ac                HAL_TIMEx_BreakCallback
 .text.USB_CoreInit
                0x080029c0       0xa2 Drivers\STM32F4xx_HAL_Driver\Src\stm32f4xx_ll_usb.o
                0x080029c0                USB_CoreInit
 .text.USB_EnableGlobalInt
                0x08002a62       0x22 Drivers\STM32F4xx_HAL_Driver\Src\stm32f4xx_ll_usb.o
                0x08002a62                USB_EnableGlobalInt
 .text.USB_DisableGlobalInt
                0x08002a84       0x22 Drivers\STM32F4xx_HAL_Driver\Src\stm32f4xx_ll_usb.o
                0x08002a84                USB_DisableGlobalInt
 .text.USB_SetCurrentMode
                0x08002aa6       0x4e Drivers\STM32F4xx_HAL_Driver\Src\stm32f4xx_ll_usb.o
                0x08002aa6                USB_SetCurrentMode
 .text.USB_DevInit
                0x08002af4      0x264 Drivers\STM32F4xx_HAL_Driver\Src\stm32f4xx_ll_usb.o
                0x08002af4                USB_DevInit
 .text.USB_FlushTxFifo
                0x08002d58       0x4c Drivers\STM32F4xx_HAL_Driver\Src\stm32f4xx_ll_usb.o
                0x08002d58                USB_FlushTxFifo
 .text.USB_FlushRxFifo
                0x08002da4       0x44 Drivers\STM32F4xx_HAL_Driver\Src\stm32f4xx_ll_usb.o
                0x08002da4                USB_FlushRxFifo
 .text.USB_SetDevSpeed
                0x08002de8       0x30 Drivers\STM32F4xx_HAL_Driver\Src\stm32f4xx_ll_usb.o
                0x08002de8                USB_SetDevSpeed
 .text.USB_GetDevSpeed
                0x08002e18       0x6a Drivers\STM32F4xx_HAL_Driver\Src\stm32f4xx_ll_usb.o
                0x08002e18                USB_GetDevSpeed
 .text.USB_ActivateEndpoint
                0x08002e82      0x112 Drivers\STM32F4xx_HAL_Driver\Src\stm32f4xx_ll_usb.o
                0x08002e82                USB_ActivateEndpoint
 .text.USB_DeactivateEndpoint
                0x08002f94      0x184 Drivers\STM32F4xx_HAL_Driver\Src\stm32f4xx_ll_usb.o
                0x08002f94                USB_DeactivateEndpoint
 .text.USB_EPStartXfer
                0x08003118      0x484 Drivers\STM32F4xx_HAL_Driver\Src\stm32f4xx_ll_usb.o
                0x08003118                USB_EPStartXfer
 .text.USB_EP0StartXfer
                0x0800359c      0x2be Drivers\STM32F4xx_HAL_Driver\Src\stm32f4xx_ll_usb.o
                0x0800359c                USB_EP0StartXfer
 .text.USB_WritePacket
                0x0800385a       0x6a Drivers\STM32F4xx_HAL_Driver\Src\stm32f4xx_ll_usb.o
                0x0800385a                USB_WritePacket
 .text.USB_ReadPacket
                0x080038c4       0x4e Drivers\STM32F4xx_HAL_Driver\Src\stm32f4xx_ll_usb.o
                0x080038c4                USB_ReadPacket
 .text.USB_EPSetStall
                0x08003912       0xe2 Drivers\STM32F4xx_HAL_Driver\Src\stm32f4xx_ll_usb.o
                0x08003912                USB_EPSetStall
 .text.USB_EPClearStall
                0x080039f4       0xda Drivers\STM32F4xx_HAL_Driver\Src\stm32f4xx_ll_usb.o
                0x080039f4                USB_EPClearStall
 .text.USB_SetDevAddress
                0x08003ace       0x4c Drivers\STM32F4xx_HAL_Driver\Src\stm32f4xx_ll_usb.o
                0x08003ace                USB_SetDevAddress
 .text.USB_DevConnect
                0x08003b1a       0x2e Drivers\STM32F4xx_HAL_Driver\Src\stm32f4xx_ll_usb.o
                0x08003b1a                USB_DevConnect
 .text.USB_DevDisconnect
                0x08003b48       0x2e Drivers\STM32F4xx_HAL_Driver\Src\stm32f4xx_ll_usb.o
                0x08003b48                USB_DevDisconnect
 .text.USB_ReadInterrupts
                0x08003b76       0x2a Drivers\STM32F4xx_HAL_Driver\Src\stm32f4xx_ll_usb.o
                0x08003b76                USB_ReadInterrupts
 .text.USB_ReadDevAllOutEpInterrupt
                0x08003ba0       0x30 Drivers\STM32F4xx_HAL_Driver\Src\stm32f4xx_ll_usb.o
                0x08003ba0                USB_ReadDevAllOutEpInterrupt
 .text.USB_ReadDevAllInEpInterrupt
                0x08003bd0       0x30 Drivers\STM32F4xx_HAL_Driver\Src\stm32f4xx_ll_usb.o
                0x08003bd0                USB_ReadDevAllInEpInterrupt
 .text.USB_ReadDevOutEPInterrupt
                0x08003c00       0x38 Drivers\STM32F4xx_HAL_Driver\Src\stm32f4xx_ll_usb.o
                0x08003c00                USB_ReadDevOutEPInterrupt
 .text.USB_ReadDevInEPInterrupt
                0x08003c38       0x54 Drivers\STM32F4xx_HAL_Driver\Src\stm32f4xx_ll_usb.o
                0x08003c38                USB_ReadDevInEPInterrupt
 .text.USB_GetMode
                0x08003c8c       0x1c Drivers\STM32F4xx_HAL_Driver\Src\stm32f4xx_ll_usb.o
                0x08003c8c                USB_GetMode
 .text.USB_ActivateSetup
                0x08003ca8       0x6c Drivers\STM32F4xx_HAL_Driver\Src\stm32f4xx_ll_usb.o
                0x08003ca8                USB_ActivateSetup
 .text.USB_EP0_OutStart
                0x08003d14       0x8a Drivers\STM32F4xx_HAL_Driver\Src\stm32f4xx_ll_usb.o
                0x08003d14                USB_EP0_OutStart
 *fill*         0x08003d9e        0x2 
 .text.USB_CoreReset
                0x08003da0       0x68 Drivers\STM32F4xx_HAL_Driver\Src\stm32f4xx_ll_usb.o
 .text.MX_USB_DEVICE_Init
                0x08003e08       0x44 Middlewares\ST\STM32_USB_Device_Library\App\Src\usb_device.o
                0x08003e08                MX_USB_DEVICE_Init
 .text.HAL_PCD_MspInit
                0x08003e4c       0x98 Middlewares\ST\STM32_USB_Device_Library\App\Src\usbd_conf.o
                0x08003e4c                HAL_PCD_MspInit
 .text.HAL_PCD_SetupStageCallback
                0x08003ee4       0x24 Middlewares\ST\STM32_USB_Device_Library\App\Src\usbd_conf.o
                0x08003ee4                HAL_PCD_SetupStageCallback
 .text.HAL_PCD_DataOutStageCallback
                0x08003f08       0x36 Middlewares\ST\STM32_USB_Device_Library\App\Src\usbd_conf.o
                0x08003f08                HAL_PCD_DataOutStageCallback
 .text.HAL_PCD_DataInStageCallback
                0x08003f3e       0x34 Middlewares\ST\STM32_USB_Device_Library\App\Src\usbd_conf.o
                0x08003f3e                HAL_PCD_DataInStageCallback
 .text.HAL_PCD_SOFCallback
                0x08003f72       0x1c Middlewares\ST\STM32_USB_Device_Library\App\Src\usbd_conf.o
                0x08003f72                HAL_PCD_SOFCallback
 .text.HAL_PCD_ResetCallback
                0x08003f8e       0x50 Middlewares\ST\STM32_USB_Device_Library\App\Src\usbd_conf.o
                0x08003f8e                HAL_PCD_ResetCallback
 *fill*         0x08003fde        0x2 
 .text.HAL_PCD_SuspendCallback
                0x08003fe0       0x50 Middlewares\ST\STM32_USB_Device_Library\App\Src\usbd_conf.o
                0x08003fe0                HAL_PCD_SuspendCallback
 .text.HAL_PCD_ResumeCallback
                0x08004030       0x1c Middlewares\ST\STM32_USB_Device_Library\App\Src\usbd_conf.o
                0x08004030                HAL_PCD_ResumeCallback
 .text.HAL_PCD_ISOOUTIncompleteCallback
                0x0800404c       0x24 Middlewares\ST\STM32_USB_Device_Library\App\Src\usbd_conf.o
                0x0800404c                HAL_PCD_ISOOUTIncompleteCallback
 .text.HAL_PCD_ISOINIncompleteCallback
                0x08004070       0x24 Middlewares\ST\STM32_USB_Device_Library\App\Src\usbd_conf.o
                0x08004070                HAL_PCD_ISOINIncompleteCallback
 .text.HAL_PCD_ConnectCallback
                0x08004094       0x1c Middlewares\ST\STM32_USB_Device_Library\App\Src\usbd_conf.o
                0x08004094                HAL_PCD_ConnectCallback
 .text.HAL_PCD_DisconnectCallback
                0x080040b0       0x1c Middlewares\ST\STM32_USB_Device_Library\App\Src\usbd_conf.o
                0x080040b0                HAL_PCD_DisconnectCallback
 .text.USBD_LL_Init
                0x080040cc       0xbc Middlewares\ST\STM32_USB_Device_Library\App\Src\usbd_conf.o
                0x080040cc                USBD_LL_Init
 .text.USBD_LL_Start
                0x08004188       0x64 Middlewares\ST\STM32_USB_Device_Library\App\Src\usbd_conf.o
                0x08004188                USBD_LL_Start
 .text.USBD_LL_OpenEP
                0x080041ec       0x88 Middlewares\ST\STM32_USB_Device_Library\App\Src\usbd_conf.o
                0x080041ec                USBD_LL_OpenEP
 .text.USBD_LL_CloseEP
                0x08004274       0x7c Middlewares\ST\STM32_USB_Device_Library\App\Src\usbd_conf.o
                0x08004274                USBD_LL_CloseEP
 .text.USBD_LL_StallEP
                0x080042f0       0x6c Middlewares\ST\STM32_USB_Device_Library\App\Src\usbd_conf.o
                0x080042f0                USBD_LL_StallEP
 .text.USBD_LL_ClearStallEP
                0x0800435c       0x6c Middlewares\ST\STM32_USB_Device_Library\App\Src\usbd_conf.o
                0x0800435c                USBD_LL_ClearStallEP
 .text.USBD_LL_IsStallEP
                0x080043c8       0x58 Middlewares\ST\STM32_USB_Device_Library\App\Src\usbd_conf.o
                0x080043c8                USBD_LL_IsStallEP
 .text.USBD_LL_SetUSBAddress
                0x08004420       0x6c Middlewares\ST\STM32_USB_Device_Library\App\Src\usbd_conf.o
                0x08004420                USBD_LL_SetUSBAddress
 .text.USBD_LL_Transmit
                0x0800448c       0x84 Middlewares\ST\STM32_USB_Device_Library\App\Src\usbd_conf.o
                0x0800448c                USBD_LL_Transmit
 .text.USBD_LL_PrepareReceive
                0x08004510       0x84 Middlewares\ST\STM32_USB_Device_Library\App\Src\usbd_conf.o
                0x08004510                USBD_LL_PrepareReceive
 .text.USBD_LL_GetRxDataSize
                0x08004594       0x34 Middlewares\ST\STM32_USB_Device_Library\App\Src\usbd_conf.o
                0x08004594                USBD_LL_GetRxDataSize
 .text.OTG_FS_IRQHandler
                0x080045c8       0x14 Middlewares\ST\STM32_USB_Device_Library\App\Src\usbd_conf.o
                0x080045c8                OTG_FS_IRQHandler
 .text.USBD_FS_DeviceDescriptor
                0x080045dc       0x24 Middlewares\ST\STM32_USB_Device_Library\App\Src\usbd_desc.o
                0x080045dc                USBD_FS_DeviceDescriptor
 .text.USBD_FS_LangIDStrDescriptor
                0x08004600       0x24 Middlewares\ST\STM32_USB_Device_Library\App\Src\usbd_desc.o
                0x08004600                USBD_FS_LangIDStrDescriptor
 .text.USBD_FS_ProductStrDescriptor
                0x08004624       0x3c Middlewares\ST\STM32_USB_Device_Library\App\Src\usbd_desc.o
                0x08004624                USBD_FS_ProductStrDescriptor
 .text.USBD_FS_ManufacturerStrDescriptor
                0x08004660       0x28 Middlewares\ST\STM32_USB_Device_Library\App\Src\usbd_desc.o
                0x08004660                USBD_FS_ManufacturerStrDescriptor
 .text.USBD_FS_SerialStrDescriptor
                0x08004688       0x3c Middlewares\ST\STM32_USB_Device_Library\App\Src\usbd_desc.o
                0x08004688                USBD_FS_SerialStrDescriptor
 .text.USBD_FS_ConfigStrDescriptor
                0x080046c4       0x3c Middlewares\ST\STM32_USB_Device_Library\App\Src\usbd_desc.o
                0x080046c4                USBD_FS_ConfigStrDescriptor
 .text.USBD_FS_InterfaceStrDescriptor
                0x08004700       0x3c Middlewares\ST\STM32_USB_Device_Library\App\Src\usbd_desc.o
                0x08004700                USBD_FS_InterfaceStrDescriptor
 .text.RNDIS_Disconnect
                0x0800473c       0x3c Middlewares\ST\STM32_USB_Device_Library\App\Src\usbd_rndis_if.o
                0x0800473c                RNDIS_Disconnect
 .text.RNDIS_Init_FS
                0x08004778       0x28 Middlewares\ST\STM32_USB_Device_Library\App\Src\usbd_rndis_if.o
 .text.RNDIS_DeInit_FS
                0x080047a0        0xe Middlewares\ST\STM32_USB_Device_Library\App\Src\usbd_rndis_if.o
 *fill*         0x080047ae        0x2 
 .text.RNDIS_Control_FS
                0x080047b0      0x858 Middlewares\ST\STM32_USB_Device_Library\App\Src\usbd_rndis_if.o
 .text.RNDIS_Receive_FS
                0x08005008       0xec Middlewares\ST\STM32_USB_Device_Library\App\Src\usbd_rndis_if.o
 .text.RNDIS_Transmit_FS
                0x080050f4       0xec Middlewares\ST\STM32_USB_Device_Library\App\Src\usbd_rndis_if.o
                0x080050f4                RNDIS_Transmit_FS
 .text.xNetworkInterfaceInitialise
                0x080051e0       0x50 Middlewares\ST\STM32_USB_Device_Library\App\Src\usbd_rndis_if.o
                0x080051e0                xNetworkInterfaceInitialise
 .text.xNetworkInterfaceOutput
                0x08005230       0x36 Middlewares\ST\STM32_USB_Device_Library\App\Src\usbd_rndis_if.o
                0x08005230                xNetworkInterfaceOutput
 *fill*         0x08005266        0x2 
 .text.prvEMACHandlerTask
                0x08005268       0xa0 Middlewares\ST\STM32_USB_Device_Library\App\Src\usbd_rndis_if.o
 .text.USBD_COMPOSITE_Init
                0x08005308       0xc4 Middlewares\ST\STM32_USB_Device_Library\Class\Composite\Src\usbd_composite.o
 .text.USBD_COMPOSITE_DeInit
                0x080053cc       0xc4 Middlewares\ST\STM32_USB_Device_Library\Class\Composite\Src\usbd_composite.o
 .text.USBD_COMPOSITE_Setup
                0x08005490      0x1f4 Middlewares\ST\STM32_USB_Device_Library\Class\Composite\Src\usbd_composite.o
 .text.USBD_COMPOSITE_DataIn
                0x08005684      0x138 Middlewares\ST\STM32_USB_Device_Library\Class\Composite\Src\usbd_composite.o
 .text.USBD_COMPOSITE_DataOut
                0x080057bc      0x138 Middlewares\ST\STM32_USB_Device_Library\Class\Composite\Src\usbd_composite.o
 .text.USBD_COMPOSITE_EP0_RxReady
                0x080058f4       0xd0 Middlewares\ST\STM32_USB_Device_Library\Class\Composite\Src\usbd_composite.o
 .text.USBD_COMPOSITE_EP0_TxReady
                0x080059c4       0xd0 Middlewares\ST\STM32_USB_Device_Library\Class\Composite\Src\usbd_composite.o
 .text.USBD_COMPOSITE_SOF
                0x08005a94       0xd0 Middlewares\ST\STM32_USB_Device_Library\Class\Composite\Src\usbd_composite.o
 .text.USBD_COMPOSITE_IsoINIncomplete
                0x08005b64      0x138 Middlewares\ST\STM32_USB_Device_Library\Class\Composite\Src\usbd_composite.o
 .text.USBD_COMPOSITE_IsoOutIncomplete
                0x08005c9c      0x138 Middlewares\ST\STM32_USB_Device_Library\Class\Composite\Src\usbd_composite.o
 .text.USBD_COMPOSITE_GetFSCfgDesc
                0x08005dd4       0x28 Middlewares\ST\STM32_USB_Device_Library\Class\Composite\Src\usbd_composite.o
 .text.USBD_COMPOSITE_GetHSCfgDesc
                0x08005dfc       0x18 Middlewares\ST\STM32_USB_Device_Library\Class\Composite\Src\usbd_composite.o
 .text.USBD_COMPOSITE_GetOtherSpeedCfgDesc
                0x08005e14       0x18 Middlewares\ST\STM32_USB_Device_Library\Class\Composite\Src\usbd_composite.o
 .text.USBD_COMPOSITE_GetDeviceQualifierDescriptor
                0x08005e2c       0x20 Middlewares\ST\STM32_USB_Device_Library\Class\Composite\Src\usbd_composite.o
                0x08005e2c                USBD_COMPOSITE_GetDeviceQualifierDescriptor
 .text.USBD_COMPOSITE_RegisterClass
                0x08005e4c      0x514 Middlewares\ST\STM32_USB_Device_Library\Class\Composite\Src\usbd_composite.o
                0x08005e4c                USBD_COMPOSITE_RegisterClass
 .text.USBD_COMPOSITE_LL_EP_Conversion
                0x08006360      0x150 Middlewares\ST\STM32_USB_Device_Library\Class\Composite\Src\usbd_composite.o
                0x08006360                USBD_COMPOSITE_LL_EP_Conversion
 .text.USBD_RNDIS_Init
                0x080064b0       0xd4 Middlewares\ST\STM32_USB_Device_Library\Class\RNDIS\Src\usbd_rndis.o
 .text.USBD_RNDIS_DeInit
                0x08006584       0x5a Middlewares\ST\STM32_USB_Device_Library\Class\RNDIS\Src\usbd_rndis.o
 *fill*         0x080065de        0x2 
 .text.USBD_RNDIS_Setup
                0x080065e0       0xb0 Middlewares\ST\STM32_USB_Device_Library\Class\RNDIS\Src\usbd_rndis.o
 .text.USBD_RNDIS_DataIn
                0x08006690       0x38 Middlewares\ST\STM32_USB_Device_Library\Class\RNDIS\Src\usbd_rndis.o
 .text.USBD_RNDIS_DataOut
                0x080066c8       0x56 Middlewares\ST\STM32_USB_Device_Library\Class\RNDIS\Src\usbd_rndis.o
 .text.USBD_RNDIS_EP0_RxReady
                0x0800671e       0x50 Middlewares\ST\STM32_USB_Device_Library\Class\RNDIS\Src\usbd_rndis.o
 *fill*         0x0800676e        0x2 
 .text.USBD_RNDIS_GetFSCfgDesc
                0x08006770       0x20 Middlewares\ST\STM32_USB_Device_Library\Class\RNDIS\Src\usbd_rndis.o
 .text.USBD_RNDIS_GetHSCfgDesc
                0x08006790       0x20 Middlewares\ST\STM32_USB_Device_Library\Class\RNDIS\Src\usbd_rndis.o
 .text.USBD_RNDIS_GetOtherSpeedCfgDesc
                0x080067b0       0x20 Middlewares\ST\STM32_USB_Device_Library\Class\RNDIS\Src\usbd_rndis.o
 .text.USBD_RNDIS_GetDeviceQualifierDescriptor
                0x080067d0       0x20 Middlewares\ST\STM32_USB_Device_Library\Class\RNDIS\Src\usbd_rndis.o
                0x080067d0                USBD_RNDIS_GetDeviceQualifierDescriptor
 .text.USBD_RNDIS_RegisterInterface
                0x080067f0       0x2e Middlewares\ST\STM32_USB_Device_Library\Class\RNDIS\Src\usbd_rndis.o
                0x080067f0                USBD_RNDIS_RegisterInterface
 .text.USBD_RNDIS_SetTxBuffer
                0x0800681e       0x34 Middlewares\ST\STM32_USB_Device_Library\Class\RNDIS\Src\usbd_rndis.o
                0x0800681e                USBD_RNDIS_SetTxBuffer
 .text.USBD_RNDIS_SetRxBuffer
                0x08006852       0x28 Middlewares\ST\STM32_USB_Device_Library\Class\RNDIS\Src\usbd_rndis.o
                0x08006852                USBD_RNDIS_SetRxBuffer
 .text.USBD_RNDIS_TransmitPacket
                0x0800687a       0x54 Middlewares\ST\STM32_USB_Device_Library\Class\RNDIS\Src\usbd_rndis.o
                0x0800687a                USBD_RNDIS_TransmitPacket
 .text.USBD_RNDIS_ReceivePacket
                0x080068ce       0x54 Middlewares\ST\STM32_USB_Device_Library\Class\RNDIS\Src\usbd_rndis.o
                0x080068ce                USBD_RNDIS_ReceivePacket
 .text.USBD_RNDIS_TransmitControl
                0x08006922       0x24 Middlewares\ST\STM32_USB_Device_Library\Class\RNDIS\Src\usbd_rndis.o
                0x08006922                USBD_RNDIS_TransmitControl
 .text.USBD_Init
                0x08006946       0x56 Middlewares\ST\STM32_USB_Device_Library\Core\Src\usbd_core.o
                0x08006946                USBD_Init
 .text.USBD_RegisterClass
                0x0800699c       0x34 Middlewares\ST\STM32_USB_Device_Library\Core\Src\usbd_core.o
                0x0800699c                USBD_RegisterClass
 .text.USBD_Start
                0x080069d0       0x18 Middlewares\ST\STM32_USB_Device_Library\Core\Src\usbd_core.o
                0x080069d0                USBD_Start
 .text.USBD_RunTestMode
                0x080069e8       0x16 Middlewares\ST\STM32_USB_Device_Library\Core\Src\usbd_core.o
                0x080069e8                USBD_RunTestMode
 .text.USBD_SetClassConfig
                0x080069fe       0x3e Middlewares\ST\STM32_USB_Device_Library\Core\Src\usbd_core.o
                0x080069fe                USBD_SetClassConfig
 .text.USBD_ClrClassConfig
                0x08006a3c       0x26 Middlewares\ST\STM32_USB_Device_Library\Core\Src\usbd_core.o
                0x08006a3c                USBD_ClrClassConfig
 .text.USBD_LL_SetupStage
                0x08006a62       0x94 Middlewares\ST\STM32_USB_Device_Library\Core\Src\usbd_core.o
                0x08006a62                USBD_LL_SetupStage
 .text.USBD_LL_DataOutStage
                0x08006af6       0xb6 Middlewares\ST\STM32_USB_Device_Library\Core\Src\usbd_core.o
                0x08006af6                USBD_LL_DataOutStage
 .text.USBD_LL_DataInStage
                0x08006bac      0x11e Middlewares\ST\STM32_USB_Device_Library\Core\Src\usbd_core.o
                0x08006bac                USBD_LL_DataInStage
 .text.USBD_LL_Reset
                0x08006cca       0x5e Middlewares\ST\STM32_USB_Device_Library\Core\Src\usbd_core.o
                0x08006cca                USBD_LL_Reset
 .text.USBD_LL_SetSpeed
                0x08006d28       0x20 Middlewares\ST\STM32_USB_Device_Library\Core\Src\usbd_core.o
                0x08006d28                USBD_LL_SetSpeed
 .text.USBD_LL_Suspend
                0x08006d48       0x2a Middlewares\ST\STM32_USB_Device_Library\Core\Src\usbd_core.o
                0x08006d48                USBD_LL_Suspend
 .text.USBD_LL_Resume
                0x08006d72       0x22 Middlewares\ST\STM32_USB_Device_Library\Core\Src\usbd_core.o
                0x08006d72                USBD_LL_Resume
 .text.USBD_LL_SOF
                0x08006d94       0x34 Middlewares\ST\STM32_USB_Device_Library\Core\Src\usbd_core.o
                0x08006d94                USBD_LL_SOF
 .text.USBD_LL_IsoINIncomplete
                0x08006dc8       0x1a Middlewares\ST\STM32_USB_Device_Library\Core\Src\usbd_core.o
                0x08006dc8                USBD_LL_IsoINIncomplete
 .text.USBD_LL_IsoOUTIncomplete
                0x08006de2       0x1a Middlewares\ST\STM32_USB_Device_Library\Core\Src\usbd_core.o
                0x08006de2                USBD_LL_IsoOUTIncomplete
 .text.USBD_LL_DevConnected
                0x08006dfc       0x16 Middlewares\ST\STM32_USB_Device_Library\Core\Src\usbd_core.o
                0x08006dfc                USBD_LL_DevConnected
 .text.USBD_LL_DevDisconnected
                0x08006e12       0x2e Middlewares\ST\STM32_USB_Device_Library\Core\Src\usbd_core.o
                0x08006e12                USBD_LL_DevDisconnected
 .text.USBD_StdDevReq
                0x08006e40       0xa0 Middlewares\ST\STM32_USB_Device_Library\Core\Src\usbd_ctlreq.o
                0x08006e40                USBD_StdDevReq
 .text.USBD_StdItfReq
                0x08006ee0       0x66 Middlewares\ST\STM32_USB_Device_Library\Core\Src\usbd_ctlreq.o
                0x08006ee0                USBD_StdItfReq
 .text.USBD_StdEPReq
                0x08006f46      0x1b0 Middlewares\ST\STM32_USB_Device_Library\Core\Src\usbd_ctlreq.o
                0x08006f46                USBD_StdEPReq
 *fill*         0x080070f6        0x2 
 .text.USBD_GetDescriptor
                0x080070f8      0x1e8 Middlewares\ST\STM32_USB_Device_Library\Core\Src\usbd_ctlreq.o
 .text.USBD_SetAddress
                0x080072e0       0x7c Middlewares\ST\STM32_USB_Device_Library\Core\Src\usbd_ctlreq.o
 .text.USBD_SetConfig
                0x0800735c      0x110 Middlewares\ST\STM32_USB_Device_Library\Core\Src\usbd_ctlreq.o
 .text.USBD_GetConfig
                0x0800746c       0x64 Middlewares\ST\STM32_USB_Device_Library\Core\Src\usbd_ctlreq.o
 .text.USBD_GetStatus
                0x080074d0       0x54 Middlewares\ST\STM32_USB_Device_Library\Core\Src\usbd_ctlreq.o
 .text.USBD_SetFeature
                0x08007524       0x36 Middlewares\ST\STM32_USB_Device_Library\Core\Src\usbd_ctlreq.o
 .text.USBD_ClrFeature
                0x0800755a       0x50 Middlewares\ST\STM32_USB_Device_Library\Core\Src\usbd_ctlreq.o
 .text.USBD_ParseSetupRequest
                0x080075aa       0x7a Middlewares\ST\STM32_USB_Device_Library\Core\Src\usbd_ctlreq.o
                0x080075aa                USBD_ParseSetupRequest
 .text.USBD_CtlError
                0x08007624       0x22 Middlewares\ST\STM32_USB_Device_Library\Core\Src\usbd_ctlreq.o
                0x08007624                USBD_CtlError
 .text.USBD_GetString
                0x08007646       0x86 Middlewares\ST\STM32_USB_Device_Library\Core\Src\usbd_ctlreq.o
                0x08007646                USBD_GetString
 .text.USBD_GetLen
                0x080076cc       0x30 Middlewares\ST\STM32_USB_Device_Library\Core\Src\usbd_ctlreq.o
 .text.USBD_CtlSendData
                0x080076fc       0x38 Middlewares\ST\STM32_USB_Device_Library\Core\Src\usbd_ioreq.o
                0x080076fc                USBD_CtlSendData
 .text.USBD_CtlContinueSendData
                0x08007734       0x24 Middlewares\ST\STM32_USB_Device_Library\Core\Src\usbd_ioreq.o
                0x08007734                USBD_CtlContinueSendData
 .text.USBD_CtlPrepareRx
                0x08007758       0x3c Middlewares\ST\STM32_USB_Device_Library\Core\Src\usbd_ioreq.o
                0x08007758                USBD_CtlPrepareRx
 .text.USBD_CtlContinueRx
                0x08007794       0x24 Middlewares\ST\STM32_USB_Device_Library\Core\Src\usbd_ioreq.o
                0x08007794                USBD_CtlContinueRx
 .text.USBD_CtlSendStatus
                0x080077b8       0x26 Middlewares\ST\STM32_USB_Device_Library\Core\Src\usbd_ioreq.o
                0x080077b8                USBD_CtlSendStatus
 .text.USBD_CtlReceiveStatus
                0x080077de       0x26 Middlewares\ST\STM32_USB_Device_Library\Core\Src\usbd_ioreq.o
                0x080077de                USBD_CtlReceiveStatus
 .text.makeFreeRtosPriority
                0x08007804       0x30 Middlewares\Third_Party\FreeRTOS\Source\CMSIS_RTOS\cmsis_os.o
 .text.osKernelStart
                0x08007834        0xe Middlewares\Third_Party\FreeRTOS\Source\CMSIS_RTOS\cmsis_os.o
                0x08007834                osKernelStart
 .text.osThreadCreate
                0x08007842       0x4e Middlewares\Third_Party\FreeRTOS\Source\CMSIS_RTOS\cmsis_os.o
                0x08007842                osThreadCreate
 .text.osDelay  0x08007890       0x28 Middlewares\Third_Party\FreeRTOS\Source\CMSIS_RTOS\cmsis_os.o
                0x08007890                osDelay
 .text.osSystickHandler
                0x080078b8       0x16 Middlewares\Third_Party\FreeRTOS\Source\CMSIS_RTOS\cmsis_os.o
                0x080078b8                osSystickHandler
 .text.xEventGroupCreate
                0x080078ce       0x2e Middlewares\Third_Party\FreeRTOS\Source\event_groups.o
                0x080078ce                xEventGroupCreate
 .text.xEventGroupClearBits
                0x080078fc       0x6c Middlewares\Third_Party\FreeRTOS\Source\event_groups.o
                0x080078fc                xEventGroupClearBits
 .text.xEventGroupSetBits
                0x08007968      0x112 Middlewares\Third_Party\FreeRTOS\Source\event_groups.o
                0x08007968                xEventGroupSetBits
 .text.vEventGroupDelete
                0x08007a7a       0x60 Middlewares\Third_Party\FreeRTOS\Source\event_groups.o
                0x08007a7a                vEventGroupDelete
 .text.vListInitialise
                0x08007ada       0x40 Middlewares\Third_Party\FreeRTOS\Source\list.o
                0x08007ada                vListInitialise
 .text.vListInitialiseItem
                0x08007b1a       0x1a Middlewares\Third_Party\FreeRTOS\Source\list.o
                0x08007b1a                vListInitialiseItem
 .text.vListInsertEnd
                0x08007b34       0x48 Middlewares\Third_Party\FreeRTOS\Source\list.o
                0x08007b34                vListInsertEnd
 .text.vListInsert
                0x08007b7c       0x72 Middlewares\Third_Party\FreeRTOS\Source\list.o
                0x08007b7c                vListInsert
 .text.uxListRemove
                0x08007bee       0x54 Middlewares\Third_Party\FreeRTOS\Source\list.o
                0x08007bee                uxListRemove
 *fill*         0x08007c42        0x2 
 .text.pxPortInitialiseStack
                0x08007c44       0x68 Middlewares\Third_Party\FreeRTOS\Source\portable\GCC\ARM_CM4F\port.o
                0x08007c44                pxPortInitialiseStack
 .text.prvTaskExitError
                0x08007cac       0x3c Middlewares\Third_Party\FreeRTOS\Source\portable\GCC\ARM_CM4F\port.o
 *fill*         0x08007ce8        0x8 
 .text.SVC_Handler
                0x08007cf0       0x28 Middlewares\Third_Party\FreeRTOS\Source\portable\GCC\ARM_CM4F\port.o
                0x08007cf0                SVC_Handler
 .text.prvPortStartFirstTask
                0x08007d18       0x20 Middlewares\Third_Party\FreeRTOS\Source\portable\GCC\ARM_CM4F\port.o
 .text.xPortStartScheduler
                0x08007d38      0x118 Middlewares\Third_Party\FreeRTOS\Source\portable\GCC\ARM_CM4F\port.o
                0x08007d38                xPortStartScheduler
 .text.vPortEnterCritical
                0x08007e50       0x5c Middlewares\Third_Party\FreeRTOS\Source\portable\GCC\ARM_CM4F\port.o
                0x08007e50                vPortEnterCritical
 .text.vPortExitCritical
                0x08007eac       0x50 Middlewares\Third_Party\FreeRTOS\Source\portable\GCC\ARM_CM4F\port.o
                0x08007eac                vPortExitCritical
 *fill*         0x08007efc        0x4 
 .text.PendSV_Handler
                0x08007f00       0x68 Middlewares\Third_Party\FreeRTOS\Source\portable\GCC\ARM_CM4F\port.o
                0x08007f00                PendSV_Handler
 .text.xPortSysTickHandler
                0x08007f68       0x40 Middlewares\Third_Party\FreeRTOS\Source\portable\GCC\ARM_CM4F\port.o
                0x08007f68                xPortSysTickHandler
 .text.vPortSetupTimerInterrupt
                0x08007fa8       0x38 Middlewares\Third_Party\FreeRTOS\Source\portable\GCC\ARM_CM4F\port.o
                0x08007fa8                vPortSetupTimerInterrupt
 .text.vPortEnableVFP
                0x08007fe0       0x14 Middlewares\Third_Party\FreeRTOS\Source\portable\GCC\ARM_CM4F\port.o
 .text.vPortValidateInterruptPriority
                0x08007ff4       0x7c Middlewares\Third_Party\FreeRTOS\Source\portable\GCC\ARM_CM4F\port.o
                0x08007ff4                vPortValidateInterruptPriority
 .text.pvPortMalloc
                0x08008070      0x184 Middlewares\Third_Party\FreeRTOS\Source\portable\MemMang\heap_4.o
                0x08008070                pvPortMalloc
 .text.vPortFree
                0x080081f4       0xb0 Middlewares\Third_Party\FreeRTOS\Source\portable\MemMang\heap_4.o
                0x080081f4                vPortFree
 .text.prvHeapInit
                0x080082a4       0xc4 Middlewares\Third_Party\FreeRTOS\Source\portable\MemMang\heap_4.o
 .text.prvInsertBlockIntoFreeList
                0x08008368       0xb4 Middlewares\Third_Party\FreeRTOS\Source\portable\MemMang\heap_4.o
 .text.xQueueGenericReset
                0x0800841c       0xd0 Middlewares\Third_Party\FreeRTOS\Source\queue.o
                0x0800841c                xQueueGenericReset
 .text.xQueueGenericCreate
                0x080084ec       0x72 Middlewares\Third_Party\FreeRTOS\Source\queue.o
                0x080084ec                xQueueGenericCreate
 .text.prvInitialiseNewQueue
                0x0800855e       0x3e Middlewares\Third_Party\FreeRTOS\Source\queue.o
 .text.xQueueCreateCountingSemaphore
                0x0800859c       0x62 Middlewares\Third_Party\FreeRTOS\Source\queue.o
                0x0800859c                xQueueCreateCountingSemaphore
 *fill*         0x080085fe        0x2 
 .text.xQueueGenericSend
                0x08008600      0x1f4 Middlewares\Third_Party\FreeRTOS\Source\queue.o
                0x08008600                xQueueGenericSend
 .text.xQueueGenericSendFromISR
                0x080087f4      0x128 Middlewares\Third_Party\FreeRTOS\Source\queue.o
                0x080087f4                xQueueGenericSendFromISR
 .text.xQueueGenericReceive
                0x0800891c      0x224 Middlewares\Third_Party\FreeRTOS\Source\queue.o
                0x0800891c                xQueueGenericReceive
 .text.uxQueueMessagesWaiting
                0x08008b40       0x3a Middlewares\Third_Party\FreeRTOS\Source\queue.o
                0x08008b40                uxQueueMessagesWaiting
 .text.vQueueDelete
                0x08008b7a       0x3a Middlewares\Third_Party\FreeRTOS\Source\queue.o
                0x08008b7a                vQueueDelete
 .text.prvCopyDataToQueue
                0x08008bb4       0xd4 Middlewares\Third_Party\FreeRTOS\Source\queue.o
 .text.prvCopyDataFromQueue
                0x08008c88       0x4c Middlewares\Third_Party\FreeRTOS\Source\queue.o
 .text.prvUnlockQueue
                0x08008cd4       0xa4 Middlewares\Third_Party\FreeRTOS\Source\queue.o
 .text.prvIsQueueEmpty
                0x08008d78       0x2c Middlewares\Third_Party\FreeRTOS\Source\queue.o
 .text.prvIsQueueFull
                0x08008da4       0x30 Middlewares\Third_Party\FreeRTOS\Source\queue.o
 .text.vQueueAddToRegistry
                0x08008dd4       0x50 Middlewares\Third_Party\FreeRTOS\Source\queue.o
                0x08008dd4                vQueueAddToRegistry
 .text.vQueueUnregisterQueue
                0x08008e24       0x54 Middlewares\Third_Party\FreeRTOS\Source\queue.o
                0x08008e24                vQueueUnregisterQueue
 .text.xTaskCreate
                0x08008e78       0x82 Middlewares\Third_Party\FreeRTOS\Source\tasks.o
                0x08008e78                xTaskCreate
 .text.prvInitialiseNewTask
                0x08008efa      0x10c Middlewares\Third_Party\FreeRTOS\Source\tasks.o
 *fill*         0x08009006        0x2 
 .text.prvAddNewTaskToReadyList
                0x08009008       0xd4 Middlewares\Third_Party\FreeRTOS\Source\tasks.o
 .text.vTaskDelay
                0x080090dc       0x68 Middlewares\Third_Party\FreeRTOS\Source\tasks.o
                0x080090dc                vTaskDelay
 .text.vTaskStartScheduler
                0x08009144       0x8c Middlewares\Third_Party\FreeRTOS\Source\tasks.o
                0x08009144                vTaskStartScheduler
 .text.vTaskSuspendAll
                0x080091d0       0x1c Middlewares\Third_Party\FreeRTOS\Source\tasks.o
                0x080091d0                vTaskSuspendAll
 .text.xTaskResumeAll
                0x080091ec      0x138 Middlewares\Third_Party\FreeRTOS\Source\tasks.o
                0x080091ec                xTaskResumeAll
 .text.xTaskGetTickCount
                0x08009324       0x20 Middlewares\Third_Party\FreeRTOS\Source\tasks.o
                0x08009324                xTaskGetTickCount
 .text.xTaskIncrementTick
                0x08009344      0x178 Middlewares\Third_Party\FreeRTOS\Source\tasks.o
                0x08009344                xTaskIncrementTick
 .text.vTaskSwitchContext
                0x080094bc      0x100 Middlewares\Third_Party\FreeRTOS\Source\tasks.o
                0x080094bc                vTaskSwitchContext
 .text.vTaskPlaceOnEventList
                0x080095bc       0x48 Middlewares\Third_Party\FreeRTOS\Source\tasks.o
                0x080095bc                vTaskPlaceOnEventList
 .text.xTaskRemoveFromEventList
                0x08009604       0xc4 Middlewares\Third_Party\FreeRTOS\Source\tasks.o
                0x08009604                xTaskRemoveFromEventList
 .text.xTaskRemoveFromUnorderedEventList
                0x080096c8       0xcc Middlewares\Third_Party\FreeRTOS\Source\tasks.o
                0x080096c8                xTaskRemoveFromUnorderedEventList
 .text.vTaskSetTimeOutState
                0x08009794       0x48 Middlewares\Third_Party\FreeRTOS\Source\tasks.o
                0x08009794                vTaskSetTimeOutState
 .text.xTaskCheckForTimeOut
                0x080097dc       0xbc Middlewares\Third_Party\FreeRTOS\Source\tasks.o
                0x080097dc                xTaskCheckForTimeOut
 .text.vTaskMissedYield
                0x08009898       0x18 Middlewares\Third_Party\FreeRTOS\Source\tasks.o
                0x08009898                vTaskMissedYield
 .text.prvIdleTask
                0x080098b0       0x30 Middlewares\Third_Party\FreeRTOS\Source\tasks.o
 .text.prvInitialiseTaskLists
                0x080098e0       0x80 Middlewares\Third_Party\FreeRTOS\Source\tasks.o
 .text.prvCheckTasksWaitingTermination
                0x08009960       0x78 Middlewares\Third_Party\FreeRTOS\Source\tasks.o
 .text.prvDeleteTCB
                0x080099d8       0x20 Middlewares\Third_Party\FreeRTOS\Source\tasks.o
 .text.prvResetNextTaskUnblockTime
                0x080099f8       0x4c Middlewares\Third_Party\FreeRTOS\Source\tasks.o
 .text.xTaskGetCurrentTaskHandle
                0x08009a44       0x20 Middlewares\Third_Party\FreeRTOS\Source\tasks.o
                0x08009a44                xTaskGetCurrentTaskHandle
 .text.xTaskGetSchedulerState
                0x08009a64       0x3c Middlewares\Third_Party\FreeRTOS\Source\tasks.o
                0x08009a64                xTaskGetSchedulerState
 .text.vTaskPriorityInherit
                0x08009aa0       0xec Middlewares\Third_Party\FreeRTOS\Source\tasks.o
                0x08009aa0                vTaskPriorityInherit
 .text.xTaskPriorityDisinherit
                0x08009b8c      0x108 Middlewares\Third_Party\FreeRTOS\Source\tasks.o
                0x08009b8c                xTaskPriorityDisinherit
 .text.pvTaskIncrementMutexHeldCount
                0x08009c94       0x28 Middlewares\Third_Party\FreeRTOS\Source\tasks.o
                0x08009c94                pvTaskIncrementMutexHeldCount
 .text.ulTaskNotifyTake
                0x08009cbc       0x90 Middlewares\Third_Party\FreeRTOS\Source\tasks.o
                0x08009cbc                ulTaskNotifyTake
 .text.vTaskNotifyGiveFromISR
                0x08009d4c      0x120 Middlewares\Third_Party\FreeRTOS\Source\tasks.o
                0x08009d4c                vTaskNotifyGiveFromISR
 .text.prvAddCurrentTaskToDelayedList
                0x08009e6c       0xcc Middlewares\Third_Party\FreeRTOS\Source\tasks.o
 .text.eARPProcessPacket
                0x08009f38       0xf4 Middlewares\Third_Party\FreeRTOS-Plus-TCP\FreeRTOS_ARP.o
                0x08009f38                eARPProcessPacket
 .text.vARPRefreshCacheEntry
                0x0800a02c      0x1f4 Middlewares\Third_Party\FreeRTOS-Plus-TCP\FreeRTOS_ARP.o
                0x0800a02c                vARPRefreshCacheEntry
 .text.eARPGetCacheEntry
                0x0800a220       0xdc Middlewares\Third_Party\FreeRTOS-Plus-TCP\FreeRTOS_ARP.o
                0x0800a220                eARPGetCacheEntry
 .text.prvCacheLookup
                0x0800a2fc       0x80 Middlewares\Third_Party\FreeRTOS-Plus-TCP\FreeRTOS_ARP.o
 .text.vARPAgeCache
                0x0800a37c      0x11c Middlewares\Third_Party\FreeRTOS-Plus-TCP\FreeRTOS_ARP.o
                0x0800a37c                vARPAgeCache
 .text.FreeRTOS_OutputARPRequest
                0x0800a498       0x34 Middlewares\Third_Party\FreeRTOS-Plus-TCP\FreeRTOS_ARP.o
                0x0800a498                FreeRTOS_OutputARPRequest
 .text.vARPGenerateRequestPacket
                0x0800a4cc       0x84 Middlewares\Third_Party\FreeRTOS-Plus-TCP\FreeRTOS_ARP.o
                0x0800a4cc                vARPGenerateRequestPacket
 .text.usChar2u16
                0x0800a550       0x2a Middlewares\Third_Party\FreeRTOS-Plus-TCP\FreeRTOS_DNS.o
 .text.prvReadNameField
                0x0800a57a       0xfa Middlewares\Third_Party\FreeRTOS-Plus-TCP\FreeRTOS_DNS.o
 .text.prvSkipNameField
                0x0800a674       0x92 Middlewares\Third_Party\FreeRTOS-Plus-TCP\FreeRTOS_DNS.o
 .text.ulDNSHandlePacket
                0x0800a706       0x48 Middlewares\Third_Party\FreeRTOS-Plus-TCP\FreeRTOS_DNS.o
                0x0800a706                ulDNSHandlePacket
 *fill*         0x0800a74e        0x2 
 .text.prvParseDNSReply
                0x0800a750      0x470 Middlewares\Third_Party\FreeRTOS-Plus-TCP\FreeRTOS_DNS.o
 .text.prvReplyDNSMessage
                0x0800abc0      0x124 Middlewares\Third_Party\FreeRTOS-Plus-TCP\FreeRTOS_DNS.o
 .text.prvProcessDNSCache
                0x0800ace4      0x208 Middlewares\Third_Party\FreeRTOS-Plus-TCP\FreeRTOS_DNS.o
 .text.prvIPTask
                0x0800aeec      0x160 Middlewares\Third_Party\FreeRTOS-Plus-TCP\FreeRTOS_IP.o
 .text.xIsCallingFromIPTask
                0x0800b04c       0x2c Middlewares\Third_Party\FreeRTOS-Plus-TCP\FreeRTOS_IP.o
                0x0800b04c                xIsCallingFromIPTask
 .text.prvHandleEthernetPacket
                0x0800b078       0x16 Middlewares\Third_Party\FreeRTOS-Plus-TCP\FreeRTOS_IP.o
 *fill*         0x0800b08e        0x2 
 .text.prvCalculateSleepTime
                0x0800b090       0x50 Middlewares\Third_Party\FreeRTOS-Plus-TCP\FreeRTOS_IP.o
 .text.prvCheckNetworkTimers
                0x0800b0e0       0x80 Middlewares\Third_Party\FreeRTOS-Plus-TCP\FreeRTOS_IP.o
 .text.prvIPTimerStart
                0x0800b160       0x48 Middlewares\Third_Party\FreeRTOS-Plus-TCP\FreeRTOS_IP.o
 .text.prvIPTimerReload
                0x0800b1a8       0x20 Middlewares\Third_Party\FreeRTOS-Plus-TCP\FreeRTOS_IP.o
 .text.prvIPTimerCheck
                0x0800b1c8       0x60 Middlewares\Third_Party\FreeRTOS-Plus-TCP\FreeRTOS_IP.o
 .text.FreeRTOS_NetworkDown
                0x0800b228       0x38 Middlewares\Third_Party\FreeRTOS-Plus-TCP\FreeRTOS_IP.o
                0x0800b228                FreeRTOS_NetworkDown
 .text.FreeRTOS_NetworkDownFromISR
                0x0800b260       0x44 Middlewares\Third_Party\FreeRTOS-Plus-TCP\FreeRTOS_IP.o
                0x0800b260                FreeRTOS_NetworkDownFromISR
 .text.pxDuplicateNetworkBufferWithDescriptor
                0x0800b2a4       0x56 Middlewares\Third_Party\FreeRTOS-Plus-TCP\FreeRTOS_IP.o
                0x0800b2a4                pxDuplicateNetworkBufferWithDescriptor
 .text.pxUDPPayloadBuffer_to_NetworkBuffer
                0x0800b2fa       0x42 Middlewares\Third_Party\FreeRTOS-Plus-TCP\FreeRTOS_IP.o
                0x0800b2fa                pxUDPPayloadBuffer_to_NetworkBuffer
 .text.FreeRTOS_IPInit
                0x0800b33c      0x208 Middlewares\Third_Party\FreeRTOS-Plus-TCP\FreeRTOS_IP.o
                0x0800b33c                FreeRTOS_IPInit
 .text.xSendEventToIPTask
                0x0800b544       0x2c Middlewares\Third_Party\FreeRTOS-Plus-TCP\FreeRTOS_IP.o
                0x0800b544                xSendEventToIPTask
 .text.xSendEventStructToIPTask
                0x0800b570       0x94 Middlewares\Third_Party\FreeRTOS-Plus-TCP\FreeRTOS_IP.o
                0x0800b570                xSendEventStructToIPTask
 .text.eConsiderFrameForProcessing
                0x0800b604       0xa0 Middlewares\Third_Party\FreeRTOS-Plus-TCP\FreeRTOS_IP.o
                0x0800b604                eConsiderFrameForProcessing
 .text.prvProcessNetworkDownEvent
                0x0800b6a4       0x34 Middlewares\Third_Party\FreeRTOS-Plus-TCP\FreeRTOS_IP.o
 .text.vIPNetworkUpCalls
                0x0800b6d8       0x20 Middlewares\Third_Party\FreeRTOS-Plus-TCP\FreeRTOS_IP.o
                0x0800b6d8                vIPNetworkUpCalls
 .text.prvProcessEthernetPacket
                0x0800b6f8       0xba Middlewares\Third_Party\FreeRTOS-Plus-TCP\FreeRTOS_IP.o
 *fill*         0x0800b7b2        0x2 
 .text.prvAllowIPPacket
                0x0800b7b4       0x94 Middlewares\Third_Party\FreeRTOS-Plus-TCP\FreeRTOS_IP.o
 .text.prvProcessIPPacket
                0x0800b848      0x1dc Middlewares\Third_Party\FreeRTOS-Plus-TCP\FreeRTOS_IP.o
 .text.prvProcessICMPEchoRequest
                0x0800ba24       0xb0 Middlewares\Third_Party\FreeRTOS-Plus-TCP\FreeRTOS_IP.o
 .text.prvProcessICMPPacket
                0x0800bad4       0x34 Middlewares\Third_Party\FreeRTOS-Plus-TCP\FreeRTOS_IP.o
 .text.usGenerateProtocolChecksum
                0x0800bb08      0x1d0 Middlewares\Third_Party\FreeRTOS-Plus-TCP\FreeRTOS_IP.o
                0x0800bb08                usGenerateProtocolChecksum
 .text.usGenerateChecksum
                0x0800bcd8      0x1a8 Middlewares\Third_Party\FreeRTOS-Plus-TCP\FreeRTOS_IP.o
                0x0800bcd8                usGenerateChecksum
 .text.vReturnEthernetFrame
                0x0800be80       0x40 Middlewares\Third_Party\FreeRTOS-Plus-TCP\FreeRTOS_IP.o
                0x0800be80                vReturnEthernetFrame
 .text.xIPIsNetworkTaskReady
                0x0800bec0       0x18 Middlewares\Third_Party\FreeRTOS-Plus-TCP\FreeRTOS_IP.o
                0x0800bec0                xIPIsNetworkTaskReady
 .text.FreeRTOS_max_uint32
                0x0800bed8       0x20 Middlewares\Third_Party\FreeRTOS-Plus-TCP\FreeRTOS_Sockets.o
 .text.FreeRTOS_round_up
                0x0800bef8       0x2a Middlewares\Third_Party\FreeRTOS-Plus-TCP\FreeRTOS_Sockets.o
 .text.uxStreamBufferSpace
                0x0800bf22       0x3e Middlewares\Third_Party\FreeRTOS-Plus-TCP\FreeRTOS_Sockets.o
 .text.uxStreamBufferDistance
                0x0800bf60       0x3c Middlewares\Third_Party\FreeRTOS-Plus-TCP\FreeRTOS_Sockets.o
 .text.uxStreamBufferGetSpace
                0x0800bf9c       0x28 Middlewares\Third_Party\FreeRTOS-Plus-TCP\FreeRTOS_Sockets.o
 .text.uxStreamBufferFrontSpace
                0x0800bfc4       0x28 Middlewares\Third_Party\FreeRTOS-Plus-TCP\FreeRTOS_Sockets.o
 .text.uxStreamBufferGetSize
                0x0800bfec       0x28 Middlewares\Third_Party\FreeRTOS-Plus-TCP\FreeRTOS_Sockets.o
 .text.vNetworkSocketsInit
                0x0800c014       0x20 Middlewares\Third_Party\FreeRTOS-Plus-TCP\FreeRTOS_Sockets.o
                0x0800c014                vNetworkSocketsInit
 .text.prvDetermineSocketSize
                0x0800c034      0x110 Middlewares\Third_Party\FreeRTOS-Plus-TCP\FreeRTOS_Sockets.o
 .text.FreeRTOS_socket
                0x0800c144      0x130 Middlewares\Third_Party\FreeRTOS-Plus-TCP\FreeRTOS_Sockets.o
                0x0800c144                FreeRTOS_socket
 .text.vSocketBind
                0x0800c274      0x130 Middlewares\Third_Party\FreeRTOS-Plus-TCP\FreeRTOS_Sockets.o
                0x0800c274                vSocketBind
 .text.FreeRTOS_closesocket
                0x0800c3a4       0x4c Middlewares\Third_Party\FreeRTOS-Plus-TCP\FreeRTOS_Sockets.o
                0x0800c3a4                FreeRTOS_closesocket
 .text.vSocketClose
                0x0800c3f0       0xc0 Middlewares\Third_Party\FreeRTOS-Plus-TCP\FreeRTOS_Sockets.o
                0x0800c3f0                vSocketClose
 .text.prvTCPSetSocketCount
                0x0800c4b0       0x70 Middlewares\Third_Party\FreeRTOS-Plus-TCP\FreeRTOS_Sockets.o
 .text.prvGetPrivatePortNumber
                0x0800c520       0xc0 Middlewares\Third_Party\FreeRTOS-Plus-TCP\FreeRTOS_Sockets.o
 .text.pxListFindListItemWithValue
                0x0800c5e0       0x54 Middlewares\Third_Party\FreeRTOS-Plus-TCP\FreeRTOS_Sockets.o
 .text.pxUDPSocketLookup
                0x0800c634       0x4c Middlewares\Third_Party\FreeRTOS-Plus-TCP\FreeRTOS_Sockets.o
                0x0800c634                pxUDPSocketLookup
 .text.vSocketWakeUpUser
                0x0800c680       0x76 Middlewares\Third_Party\FreeRTOS-Plus-TCP\FreeRTOS_Sockets.o
                0x0800c680                vSocketWakeUpUser
 *fill*         0x0800c6f6        0x2 
 .text.xTCPTimerCheck
                0x0800c6f8       0xe8 Middlewares\Third_Party\FreeRTOS-Plus-TCP\FreeRTOS_Sockets.o
                0x0800c6f8                xTCPTimerCheck
 .text.pxTCPSocketLookup
                0x0800c7e0       0x8c Middlewares\Third_Party\FreeRTOS-Plus-TCP\FreeRTOS_Sockets.o
                0x0800c7e0                pxTCPSocketLookup
 .text.prvTCPCreateStream
                0x0800c86c       0xbc Middlewares\Third_Party\FreeRTOS-Plus-TCP\FreeRTOS_Sockets.o
 .text.lTCPAddRxdata
                0x0800c928       0xc4 Middlewares\Third_Party\FreeRTOS-Plus-TCP\FreeRTOS_Sockets.o
                0x0800c928                lTCPAddRxdata
 .text.FreeRTOS_tx_space
                0x0800c9ec       0x46 Middlewares\Third_Party\FreeRTOS-Plus-TCP\FreeRTOS_Sockets.o
                0x0800c9ec                FreeRTOS_tx_space
 .text.FreeRTOS_rx_size
                0x0800ca32       0x44 Middlewares\Third_Party\FreeRTOS-Plus-TCP\FreeRTOS_Sockets.o
                0x0800ca32                FreeRTOS_rx_size
 *fill*         0x0800ca76        0x2 
 .text.vSocketSelect
                0x0800ca78      0x23c Middlewares\Third_Party\FreeRTOS-Plus-TCP\FreeRTOS_Sockets.o
                0x0800ca78                vSocketSelect
 .text.FreeRTOS_min_uint32
                0x0800ccb4       0x20 Middlewares\Third_Party\FreeRTOS-Plus-TCP\FreeRTOS_Stream_Buffer.o
 .text.uxStreamBufferSpace
                0x0800ccd4       0x3e Middlewares\Third_Party\FreeRTOS-Plus-TCP\FreeRTOS_Stream_Buffer.o
 .text.uxStreamBufferDistance
                0x0800cd12       0x3c Middlewares\Third_Party\FreeRTOS-Plus-TCP\FreeRTOS_Stream_Buffer.o
 .text.uxStreamBufferGetSpace
                0x0800cd4e       0x28 Middlewares\Third_Party\FreeRTOS-Plus-TCP\FreeRTOS_Stream_Buffer.o
 .text.uxStreamBufferGetSize
                0x0800cd76       0x28 Middlewares\Third_Party\FreeRTOS-Plus-TCP\FreeRTOS_Stream_Buffer.o
 .text.xStreamBufferLessThenEqual
                0x0800cd9e       0x6a Middlewares\Third_Party\FreeRTOS-Plus-TCP\FreeRTOS_Stream_Buffer.o
 .text.uxStreamBufferAdd
                0x0800ce08       0xfc Middlewares\Third_Party\FreeRTOS-Plus-TCP\FreeRTOS_Stream_Buffer.o
                0x0800ce08                uxStreamBufferAdd
 .text.uxStreamBufferGet
                0x0800cf04       0xe8 Middlewares\Third_Party\FreeRTOS-Plus-TCP\FreeRTOS_Stream_Buffer.o
                0x0800cf04                uxStreamBufferGet
 .text.FreeRTOS_max_int32
                0x0800cfec       0x20 Middlewares\Third_Party\FreeRTOS-Plus-TCP\FreeRTOS_TCP_IP.o
 .text.FreeRTOS_min_int32
                0x0800d00c       0x20 Middlewares\Third_Party\FreeRTOS-Plus-TCP\FreeRTOS_TCP_IP.o
 .text.FreeRTOS_min_uint32
                0x0800d02c       0x20 Middlewares\Third_Party\FreeRTOS-Plus-TCP\FreeRTOS_TCP_IP.o
 .text.uxStreamBufferSpace
                0x0800d04c       0x3e Middlewares\Third_Party\FreeRTOS-Plus-TCP\FreeRTOS_TCP_IP.o
 .text.uxStreamBufferDistance
                0x0800d08a       0x3c Middlewares\Third_Party\FreeRTOS-Plus-TCP\FreeRTOS_TCP_IP.o
 .text.uxStreamBufferGetSpace
                0x0800d0c6       0x28 Middlewares\Third_Party\FreeRTOS-Plus-TCP\FreeRTOS_TCP_IP.o
 .text.uxStreamBufferFrontSpace
                0x0800d0ee       0x28 Middlewares\Third_Party\FreeRTOS-Plus-TCP\FreeRTOS_TCP_IP.o
 .text.uxStreamBufferMidSpace
                0x0800d116       0x28 Middlewares\Third_Party\FreeRTOS-Plus-TCP\FreeRTOS_TCP_IP.o
 .text.vStreamBufferMoveMid
                0x0800d13e       0x4c Middlewares\Third_Party\FreeRTOS-Plus-TCP\FreeRTOS_TCP_IP.o
 .text.ulChar2u32
                0x0800d18a       0x36 Middlewares\Third_Party\FreeRTOS-Plus-TCP\FreeRTOS_TCP_IP.o
 .text.usChar2u16
                0x0800d1c0       0x2a Middlewares\Third_Party\FreeRTOS-Plus-TCP\FreeRTOS_TCP_IP.o
 *fill*         0x0800d1ea        0x2 
 .text.prvTCPSocketIsActive
                0x0800d1ec       0x58 Middlewares\Third_Party\FreeRTOS-Plus-TCP\FreeRTOS_TCP_IP.o
 .text.prvTCPStatusAgeCheck
                0x0800d244       0xac Middlewares\Third_Party\FreeRTOS-Plus-TCP\FreeRTOS_TCP_IP.o
 .text.xTCPSocketCheck
                0x0800d2f0       0xc4 Middlewares\Third_Party\FreeRTOS-Plus-TCP\FreeRTOS_TCP_IP.o
                0x0800d2f0                xTCPSocketCheck
 .text.prvTCPSendPacket
                0x0800d3b4       0xb6 Middlewares\Third_Party\FreeRTOS-Plus-TCP\FreeRTOS_TCP_IP.o
 .text.prvTCPSendRepeated
                0x0800d46a       0x5a Middlewares\Third_Party\FreeRTOS-Plus-TCP\FreeRTOS_TCP_IP.o
 .text.prvTCPReturnPacket
                0x0800d4c4      0x3c0 Middlewares\Third_Party\FreeRTOS-Plus-TCP\FreeRTOS_TCP_IP.o
 .text.prvTCPCreateWindow
                0x0800d884       0x50 Middlewares\Third_Party\FreeRTOS-Plus-TCP\FreeRTOS_TCP_IP.o
 .text.prvTCPPrepareConnect
                0x0800d8d4      0x1b4 Middlewares\Third_Party\FreeRTOS-Plus-TCP\FreeRTOS_TCP_IP.o
 .text.prvCheckOptions
                0x0800da88      0x24c Middlewares\Third_Party\FreeRTOS-Plus-TCP\FreeRTOS_TCP_IP.o
 .text.prvWinScaleFactor
                0x0800dcd4       0x42 Middlewares\Third_Party\FreeRTOS-Plus-TCP\FreeRTOS_TCP_IP.o
 .text.prvSetSynAckOptions
                0x0800dd16       0xa8 Middlewares\Third_Party\FreeRTOS-Plus-TCP\FreeRTOS_TCP_IP.o
 .text.prvTCPTouchSocket
                0x0800ddbe       0x48 Middlewares\Third_Party\FreeRTOS-Plus-TCP\FreeRTOS_TCP_IP.o
 .text.vTCPStateChange
                0x0800de06      0x1b6 Middlewares\Third_Party\FreeRTOS-Plus-TCP\FreeRTOS_TCP_IP.o
                0x0800de06                vTCPStateChange
 .text.prvTCPBufferResize
                0x0800dfbc       0xc8 Middlewares\Third_Party\FreeRTOS-Plus-TCP\FreeRTOS_TCP_IP.o
 .text.prvTCPPrepareSend
                0x0800e084      0x2ce Middlewares\Third_Party\FreeRTOS-Plus-TCP\FreeRTOS_TCP_IP.o
 *fill*         0x0800e352        0x2 
 .text.prvTCPNextTimeout
                0x0800e354      0x100 Middlewares\Third_Party\FreeRTOS-Plus-TCP\FreeRTOS_TCP_IP.o
 .text.prvTCPAddTxData
                0x0800e454       0x54 Middlewares\Third_Party\FreeRTOS-Plus-TCP\FreeRTOS_TCP_IP.o
 .text.prvTCPHandleFin
                0x0800e4a8      0x14a Middlewares\Third_Party\FreeRTOS-Plus-TCP\FreeRTOS_TCP_IP.o
 .text.prvCheckRxData
                0x0800e5f2       0xce Middlewares\Third_Party\FreeRTOS-Plus-TCP\FreeRTOS_TCP_IP.o
 .text.prvStoreRxData
                0x0800e6c0       0xe8 Middlewares\Third_Party\FreeRTOS-Plus-TCP\FreeRTOS_TCP_IP.o
 .text.prvSetOptions
                0x0800e7a8       0xbc Middlewares\Third_Party\FreeRTOS-Plus-TCP\FreeRTOS_TCP_IP.o
 .text.prvHandleSynReceived
                0x0800e864      0x182 Middlewares\Third_Party\FreeRTOS-Plus-TCP\FreeRTOS_TCP_IP.o
 .text.prvHandleEstablished
                0x0800e9e6      0x22c Middlewares\Third_Party\FreeRTOS-Plus-TCP\FreeRTOS_TCP_IP.o
 *fill*         0x0800ec12        0x2 
 .text.prvSendData
                0x0800ec14      0x17c Middlewares\Third_Party\FreeRTOS-Plus-TCP\FreeRTOS_TCP_IP.o
 .text.prvTCPHandleState
                0x0800ed90      0x220 Middlewares\Third_Party\FreeRTOS-Plus-TCP\FreeRTOS_TCP_IP.o
 .text.prvTCPSendReset
                0x0800efb0       0x38 Middlewares\Third_Party\FreeRTOS-Plus-TCP\FreeRTOS_TCP_IP.o
 .text.prvSocketSetMSS
                0x0800efe8       0x78 Middlewares\Third_Party\FreeRTOS-Plus-TCP\FreeRTOS_TCP_IP.o
 .text.xProcessReceivedTCPPacket
                0x0800f060      0x242 Middlewares\Third_Party\FreeRTOS-Plus-TCP\FreeRTOS_TCP_IP.o
                0x0800f060                xProcessReceivedTCPPacket
 .text.prvHandleListen
                0x0800f2a2      0x166 Middlewares\Third_Party\FreeRTOS-Plus-TCP\FreeRTOS_TCP_IP.o
 .text.prvTCPSocketCopy
                0x0800f408       0xec Middlewares\Third_Party\FreeRTOS-Plus-TCP\FreeRTOS_TCP_IP.o
 .text.xTCPCheckNewClient
                0x0800f4f4       0x88 Middlewares\Third_Party\FreeRTOS-Plus-TCP\FreeRTOS_TCP_IP.o
                0x0800f4f4                xTCPCheckNewClient
 .text.FreeRTOS_min_int32
                0x0800f57c       0x20 Middlewares\Third_Party\FreeRTOS-Plus-TCP\FreeRTOS_TCP_WIN.o
 .text.FreeRTOS_min_uint32
                0x0800f59c       0x20 Middlewares\Third_Party\FreeRTOS-Plus-TCP\FreeRTOS_TCP_WIN.o
 .text.xSequenceLessThanOrEqual
                0x0800f5bc       0x22 Middlewares\Third_Party\FreeRTOS-Plus-TCP\FreeRTOS_TCP_WIN.o
 .text.xSequenceLessThan
                0x0800f5de       0x24 Middlewares\Third_Party\FreeRTOS-Plus-TCP\FreeRTOS_TCP_WIN.o
 .text.xSequenceGreaterThan
                0x0800f602       0x24 Middlewares\Third_Party\FreeRTOS-Plus-TCP\FreeRTOS_TCP_WIN.o
 .text.xSequenceGreaterThanOrEqual
                0x0800f626       0x22 Middlewares\Third_Party\FreeRTOS-Plus-TCP\FreeRTOS_TCP_WIN.o
 .text.vListInsertFifo
                0x0800f648       0x20 Middlewares\Third_Party\FreeRTOS-Plus-TCP\FreeRTOS_TCP_WIN.o
 .text.vTCPTimerSet
                0x0800f668       0x1a Middlewares\Third_Party\FreeRTOS-Plus-TCP\FreeRTOS_TCP_WIN.o
 .text.ulTimerGetAge
                0x0800f682       0x1c Middlewares\Third_Party\FreeRTOS-Plus-TCP\FreeRTOS_TCP_WIN.o
 .text.vListInsertGeneric
                0x0800f69e       0x44 Middlewares\Third_Party\FreeRTOS-Plus-TCP\FreeRTOS_TCP_WIN.o
                0x0800f69e                vListInsertGeneric
 *fill*         0x0800f6e2        0x2 
 .text.prvCreateSectors
                0x0800f6e4       0xa0 Middlewares\Third_Party\FreeRTOS-Plus-TCP\FreeRTOS_TCP_WIN.o
 .text.xTCPWindowRxFind
                0x0800f784       0x4e Middlewares\Third_Party\FreeRTOS-Plus-TCP\FreeRTOS_TCP_WIN.o
 *fill*         0x0800f7d2        0x2 
 .text.xTCPWindowNew
                0x0800f7d4       0xcc Middlewares\Third_Party\FreeRTOS-Plus-TCP\FreeRTOS_TCP_WIN.o
 .text.xTCPWindowRxEmpty
                0x0800f8a0       0x42 Middlewares\Third_Party\FreeRTOS-Plus-TCP\FreeRTOS_TCP_WIN.o
                0x0800f8a0                xTCPWindowRxEmpty
 .text.xTCPWindowGetHead
                0x0800f8e2       0x3c Middlewares\Third_Party\FreeRTOS-Plus-TCP\FreeRTOS_TCP_WIN.o
 .text.xTCPWindowPeekHead
                0x0800f91e       0x3a Middlewares\Third_Party\FreeRTOS-Plus-TCP\FreeRTOS_TCP_WIN.o
 .text.vTCPWindowFree
                0x0800f958       0x58 Middlewares\Third_Party\FreeRTOS-Plus-TCP\FreeRTOS_TCP_WIN.o
 .text.vTCPWindowDestroy
                0x0800f9b0       0x62 Middlewares\Third_Party\FreeRTOS-Plus-TCP\FreeRTOS_TCP_WIN.o
                0x0800f9b0                vTCPWindowDestroy
 *fill*         0x0800fa12        0x2 
 .text.vTCPWindowCreate
                0x0800fa14       0x70 Middlewares\Third_Party\FreeRTOS-Plus-TCP\FreeRTOS_TCP_WIN.o
                0x0800fa14                vTCPWindowCreate
 .text.vTCPWindowInit
                0x0800fa84       0xb6 Middlewares\Third_Party\FreeRTOS-Plus-TCP\FreeRTOS_TCP_WIN.o
                0x0800fa84                vTCPWindowInit
 .text.xTCPWindowRxConfirm
                0x0800fb3a       0x96 Middlewares\Third_Party\FreeRTOS-Plus-TCP\FreeRTOS_TCP_WIN.o
 .text.lTCPWindowRxCheck
                0x0800fbd0      0x1b8 Middlewares\Third_Party\FreeRTOS-Plus-TCP\FreeRTOS_TCP_WIN.o
                0x0800fbd0                lTCPWindowRxCheck
 .text.lTCPIncrementTxPosition
                0x0800fd88       0x32 Middlewares\Third_Party\FreeRTOS-Plus-TCP\FreeRTOS_TCP_WIN.o
 *fill*         0x0800fdba        0x2 
 .text.lTCPWindowTxAdd
                0x0800fdbc      0x168 Middlewares\Third_Party\FreeRTOS-Plus-TCP\FreeRTOS_TCP_WIN.o
                0x0800fdbc                lTCPWindowTxAdd
 .text.xTCPWindowTxDone
                0x0800ff24       0x24 Middlewares\Third_Party\FreeRTOS-Plus-TCP\FreeRTOS_TCP_WIN.o
                0x0800ff24                xTCPWindowTxDone
 .text.prvTCPWindowTxHasSpace
                0x0800ff48       0x8c Middlewares\Third_Party\FreeRTOS-Plus-TCP\FreeRTOS_TCP_WIN.o
 .text.xTCPWindowTxHasData
                0x0800ffd4       0xc0 Middlewares\Third_Party\FreeRTOS-Plus-TCP\FreeRTOS_TCP_WIN.o
                0x0800ffd4                xTCPWindowTxHasData
 .text.ulTCPWindowTxGet
                0x08010094      0x1a8 Middlewares\Third_Party\FreeRTOS-Plus-TCP\FreeRTOS_TCP_WIN.o
                0x08010094                ulTCPWindowTxGet
 .text.prvTCPWindowTxCheckAck
                0x0801023c      0x188 Middlewares\Third_Party\FreeRTOS-Plus-TCP\FreeRTOS_TCP_WIN.o
 .text.prvTCPWindowFastRetransmit
                0x080103c4       0xac Middlewares\Third_Party\FreeRTOS-Plus-TCP\FreeRTOS_TCP_WIN.o
 .text.ulTCPWindowTxAck
                0x08010470       0x3a Middlewares\Third_Party\FreeRTOS-Plus-TCP\FreeRTOS_TCP_WIN.o
                0x08010470                ulTCPWindowTxAck
 *fill*         0x080104aa        0x2 
 .text.ulTCPWindowTxSack
                0x080104ac       0x48 Middlewares\Third_Party\FreeRTOS-Plus-TCP\FreeRTOS_TCP_WIN.o
                0x080104ac                ulTCPWindowTxSack
 .text.vProcessGeneratedUDPPacket
                0x080104f4      0x1c4 Middlewares\Third_Party\FreeRTOS-Plus-TCP\FreeRTOS_UDP_IP.o
                0x080104f4                vProcessGeneratedUDPPacket
 .text.xProcessReceivedUDPPacket
                0x080106b8       0xde Middlewares\Third_Party\FreeRTOS-Plus-TCP\FreeRTOS_UDP_IP.o
                0x080106b8                xProcessReceivedUDPPacket
 *fill*         0x08010796        0x2 
 .text.xNetworkBuffersInitialise
                0x08010798       0xf8 Middlewares\Third_Party\FreeRTOS-Plus-TCP\portable\BufferManagement\BufferAllocation_2.o
                0x08010798                xNetworkBuffersInitialise
 .text.vReleaseNetworkBuffer
                0x08010890       0x22 Middlewares\Third_Party\FreeRTOS-Plus-TCP\portable\BufferManagement\BufferAllocation_2.o
                0x08010890                vReleaseNetworkBuffer
 *fill*         0x080108b2        0x2 
 .text.pxGetNetworkBufferWithDescriptor
                0x080108b4       0xf0 Middlewares\Third_Party\FreeRTOS-Plus-TCP\portable\BufferManagement\BufferAllocation_2.o
                0x080108b4                pxGetNetworkBufferWithDescriptor
 .text.vReleaseNetworkBufferAndDescriptor
                0x080109a4       0x68 Middlewares\Third_Party\FreeRTOS-Plus-TCP\portable\BufferManagement\BufferAllocation_2.o
                0x080109a4                vReleaseNetworkBufferAndDescriptor
 .text.main     0x08010a0c       0x64 Src\main.o
                0x08010a0c                main
 .text.SystemClock_Config
                0x08010a70       0xf0 Src\main.o
                0x08010a70                SystemClock_Config
 .text.MX_GPIO_Init
                0x08010b60       0xb0 Src\main.o
 .text.pcApplicationHostnameHook
                0x08010c10       0x14 Src\main.o
                0x08010c10                pcApplicationHostnameHook
 .text.xApplicationDNSQueryHook
                0x08010c24       0x48 Src\main.o
                0x08010c24                xApplicationDNSQueryHook
 .text.vApplicationStackOverflowHook
                0x08010c6c       0x1e Src\main.o
                0x08010c6c                vApplicationStackOverflowHook
 *fill*         0x08010c8a        0x2 
 .text.StartDefaultTask
                0x08010c8c       0x24 Src\main.o
                0x08010c8c                StartDefaultTask
 .text.HAL_TIM_PeriodElapsedCallback
                0x08010cb0       0x24 Src\main.o
                0x08010cb0                HAL_TIM_PeriodElapsedCallback
 .text._Error_Handler
                0x08010cd4        0xc Src\main.o
                0x08010cd4                _Error_Handler
 .text.HAL_MspInit
                0x08010ce0       0xa4 Src\stm32f4xx_hal_msp.o
                0x08010ce0                HAL_MspInit
 .text.HAL_InitTick
                0x08010d84       0xb0 Src\stm32f4xx_hal_timebase_TIM.o
                0x08010d84                HAL_InitTick
 .text.NMI_Handler
                0x08010e34        0xe Src\stm32f4xx_it.o
                0x08010e34                NMI_Handler
 .text.HardFault_Handler
                0x08010e42        0x6 Src\stm32f4xx_it.o
                0x08010e42                HardFault_Handler
 .text.MemManage_Handler
                0x08010e48        0x6 Src\stm32f4xx_it.o
                0x08010e48                MemManage_Handler
 .text.BusFault_Handler
                0x08010e4e        0x6 Src\stm32f4xx_it.o
                0x08010e4e                BusFault_Handler
 .text.UsageFault_Handler
                0x08010e54        0x6 Src\stm32f4xx_it.o
                0x08010e54                UsageFault_Handler
 .text.DebugMon_Handler
                0x08010e5a        0xe Src\stm32f4xx_it.o
                0x08010e5a                DebugMon_Handler
 .text.SysTick_Handler
                0x08010e68        0xc Src\stm32f4xx_it.o
                0x08010e68                SysTick_Handler
 .text.TIM1_UP_TIM10_IRQHandler
                0x08010e74       0x14 Src\stm32f4xx_it.o
                0x08010e74                TIM1_UP_TIM10_IRQHandler
 .text.SystemInit
                0x08010e88       0x6c Src\system_stm32f4xx.o
                0x08010e88                SystemInit
 .text.Reset_Handler
                0x08010ef4       0x50 startup\startup_stm32f411xe.o
                0x08010ef4                Reset_Handler
 .text.Default_Handler
                0x08010f44        0x2 startup\startup_stm32f411xe.o
                0x08010f44                RTC_Alarm_IRQHandler
                0x08010f44                EXTI2_IRQHandler
                0x08010f44                SPI4_IRQHandler
                0x08010f44                TIM1_CC_IRQHandler
                0x08010f44                DMA2_Stream5_IRQHandler
                0x08010f44                DMA1_Stream5_IRQHandler
                0x08010f44                PVD_IRQHandler
                0x08010f44                SDIO_IRQHandler
                0x08010f44                TAMP_STAMP_IRQHandler
                0x08010f44                EXTI3_IRQHandler
                0x08010f44                I2C3_ER_IRQHandler
                0x08010f44                EXTI0_IRQHandler
                0x08010f44                I2C2_EV_IRQHandler
                0x08010f44                DMA1_Stream2_IRQHandler
                0x08010f44                FPU_IRQHandler
                0x08010f44                DMA2_Stream2_IRQHandler
                0x08010f44                SPI1_IRQHandler
                0x08010f44                TIM1_BRK_TIM9_IRQHandler
                0x08010f44                DMA2_Stream3_IRQHandler
                0x08010f44                USART6_IRQHandler
                0x08010f44                DMA2_Stream0_IRQHandler
                0x08010f44                TIM4_IRQHandler
                0x08010f44                I2C1_EV_IRQHandler
                0x08010f44                DMA1_Stream6_IRQHandler
                0x08010f44                DMA1_Stream1_IRQHandler
                0x08010f44                TIM3_IRQHandler
                0x08010f44                RCC_IRQHandler
                0x08010f44                Default_Handler
                0x08010f44                EXTI15_10_IRQHandler
                0x08010f44                ADC_IRQHandler
                0x08010f44                DMA1_Stream7_IRQHandler
                0x08010f44                SPI5_IRQHandler
                0x08010f44                TIM5_IRQHandler
                0x08010f44                DMA2_Stream7_IRQHandler
                0x08010f44                I2C3_EV_IRQHandler
                0x08010f44                EXTI9_5_IRQHandler
                0x08010f44                RTC_WKUP_IRQHandler
                0x08010f44                SPI2_IRQHandler
                0x08010f44                DMA1_Stream0_IRQHandler
                0x08010f44                EXTI4_IRQHandler
                0x08010f44                WWDG_IRQHandler
                0x08010f44                TIM2_IRQHandler
                0x08010f44                OTG_FS_WKUP_IRQHandler
                0x08010f44                TIM1_TRG_COM_TIM11_IRQHandler
                0x08010f44                EXTI1_IRQHandler
                0x08010f44                USART2_IRQHandler
                0x08010f44                I2C2_ER_IRQHandler
                0x08010f44                DMA2_Stream1_IRQHandler
                0x08010f44                FLASH_IRQHandler
                0x08010f44                DMA2_Stream4_IRQHandler
                0x08010f44                USART1_IRQHandler
                0x08010f44                SPI3_IRQHandler
                0x08010f44                DMA1_Stream4_IRQHandler
                0x08010f44                I2C1_ER_IRQHandler
                0x08010f44                DMA2_Stream6_IRQHandler
                0x08010f44                DMA1_Stream3_IRQHandler
 *fill*         0x08010f46        0x2 
 .text.__libc_init_array
                0x08010f48       0x48 c:/program files (x86)/atollic/truestudio for stm32 9.0.0/armtools/bin/../lib/gcc/arm-atollic-eabi/6.3.1/../../../../arm-atollic-eabi/lib/armv7e-m/fpu\libc_nano.a(lib_a-init.o)
                0x08010f48                __libc_init_array
 .text.malloc   0x08010f90       0x10 c:/program files (x86)/atollic/truestudio for stm32 9.0.0/armtools/bin/../lib/gcc/arm-atollic-eabi/6.3.1/../../../../arm-atollic-eabi/lib/armv7e-m/fpu\libc_nano.a(lib_a-malloc.o)
                0x08010f90                malloc
 .text.free     0x08010fa0       0x10 c:/program files (x86)/atollic/truestudio for stm32 9.0.0/armtools/bin/../lib/gcc/arm-atollic-eabi/6.3.1/../../../../arm-atollic-eabi/lib/armv7e-m/fpu\libc_nano.a(lib_a-malloc.o)
                0x08010fa0                free
 .text.memcmp   0x08010fb0       0x1e c:/program files (x86)/atollic/truestudio for stm32 9.0.0/armtools/bin/../lib/gcc/arm-atollic-eabi/6.3.1/../../../../arm-atollic-eabi/lib/armv7e-m/fpu\libc_nano.a(lib_a-memcmp.o)
                0x08010fb0                memcmp
 .text.memcpy   0x08010fce       0x16 c:/program files (x86)/atollic/truestudio for stm32 9.0.0/armtools/bin/../lib/gcc/arm-atollic-eabi/6.3.1/../../../../arm-atollic-eabi/lib/armv7e-m/fpu\libc_nano.a(lib_a-memcpy-stub.o)
                0x08010fce                memcpy
 .text.memmove  0x08010fe4       0x34 c:/program files (x86)/atollic/truestudio for stm32 9.0.0/armtools/bin/../lib/gcc/arm-atollic-eabi/6.3.1/../../../../arm-atollic-eabi/lib/armv7e-m/fpu\libc_nano.a(lib_a-memmove.o)
                0x08010fe4                memmove
 .text.memset   0x08011018       0x10 c:/program files (x86)/atollic/truestudio for stm32 9.0.0/armtools/bin/../lib/gcc/arm-atollic-eabi/6.3.1/../../../../arm-atollic-eabi/lib/armv7e-m/fpu\libc_nano.a(lib_a-memset.o)
                0x08011018                memset
 .text._free_r  0x08011028       0x9c c:/program files (x86)/atollic/truestudio for stm32 9.0.0/armtools/bin/../lib/gcc/arm-atollic-eabi/6.3.1/../../../../arm-atollic-eabi/lib/armv7e-m/fpu\libc_nano.a(lib_a-nano-freer.o)
                0x08011028                _free_r
 .text._malloc_r
                0x080110c4       0xbc c:/program files (x86)/atollic/truestudio for stm32 9.0.0/armtools/bin/../lib/gcc/arm-atollic-eabi/6.3.1/../../../../arm-atollic-eabi/lib/armv7e-m/fpu\libc_nano.a(lib_a-nano-mallocr.o)
                0x080110c4                _malloc_r
 .text.rand     0x08011180       0x74 c:/program files (x86)/atollic/truestudio for stm32 9.0.0/armtools/bin/../lib/gcc/arm-atollic-eabi/6.3.1/../../../../arm-atollic-eabi/lib/armv7e-m/fpu\libc_nano.a(lib_a-rand.o)
                0x08011180                rand
 .text._sbrk_r  0x080111f4       0x20 c:/program files (x86)/atollic/truestudio for stm32 9.0.0/armtools/bin/../lib/gcc/arm-atollic-eabi/6.3.1/../../../../arm-atollic-eabi/lib/armv7e-m/fpu\libc_nano.a(lib_a-sbrkr.o)
                0x080111f4                _sbrk_r
 .text.strcasecmp
                0x08011214       0x3c c:/program files (x86)/atollic/truestudio for stm32 9.0.0/armtools/bin/../lib/gcc/arm-atollic-eabi/6.3.1/../../../../arm-atollic-eabi/lib/armv7e-m/fpu\libc_nano.a(lib_a-strcasecmp.o)
                0x08011214                strcasecmp
 .text.strcpy   0x08011250       0x10 c:/program files (x86)/atollic/truestudio for stm32 9.0.0/armtools/bin/../lib/gcc/arm-atollic-eabi/6.3.1/../../../../arm-atollic-eabi/lib/armv7e-m/fpu\libc_nano.a(lib_a-strcpy.o)
                0x08011250                strcpy
 .text.__locale_ctype_ptr
                0x08011260       0x1c c:/program files (x86)/atollic/truestudio for stm32 9.0.0/armtools/bin/../lib/gcc/arm-atollic-eabi/6.3.1/../../../../arm-atollic-eabi/lib/armv7e-m/fpu\libc_nano.a(lib_a-locale.o)
                0x08011260                __locale_ctype_ptr
 .text.__ascii_mbtowc
                0x0801127c       0x24 c:/program files (x86)/atollic/truestudio for stm32 9.0.0/armtools/bin/../lib/gcc/arm-atollic-eabi/6.3.1/../../../../arm-atollic-eabi/lib/armv7e-m/fpu\libc_nano.a(lib_a-mbtowc_r.o)
                0x0801127c                __ascii_mbtowc
 .text.__malloc_lock
                0x080112a0        0x2 c:/program files (x86)/atollic/truestudio for stm32 9.0.0/armtools/bin/../lib/gcc/arm-atollic-eabi/6.3.1/../../../../arm-atollic-eabi/lib/armv7e-m/fpu\libc_nano.a(lib_a-mlock.o)
                0x080112a0                __malloc_lock
 .text.__malloc_unlock
                0x080112a2        0x2 c:/program files (x86)/atollic/truestudio for stm32 9.0.0/armtools/bin/../lib/gcc/arm-atollic-eabi/6.3.1/../../../../arm-atollic-eabi/lib/armv7e-m/fpu\libc_nano.a(lib_a-mlock.o)
                0x080112a2                __malloc_unlock
 .text.__ascii_wctomb
                0x080112a4       0x1a c:/program files (x86)/atollic/truestudio for stm32 9.0.0/armtools/bin/../lib/gcc/arm-atollic-eabi/6.3.1/../../../../arm-atollic-eabi/lib/armv7e-m/fpu\libc_nano.a(lib_a-wctomb_r.o)
                0x080112a4                __ascii_wctomb
 *fill*         0x080112be        0x2 
 .text._sbrk    0x080112c0       0x1c c:/program files (x86)/atollic/truestudio for stm32 9.0.0/armtools/bin/../lib/gcc/arm-atollic-eabi/6.3.1/../../../../arm-atollic-eabi/lib/armv7e-m/fpu\libnosys.a(sbrk.o)
                0x080112c0                _sbrk
 *(.glue_7)
 .glue_7        0x080112dc        0x0 linker stubs
 *(.glue_7t)
 .glue_7t       0x080112dc        0x0 linker stubs
 *(.eh_frame)
 .eh_frame      0x080112dc        0x0 c:/program files (x86)/atollic/truestudio for stm32 9.0.0/armtools/bin/../lib/gcc/arm-atollic-eabi/6.3.1/armv7e-m/fpu/crtbegin.o
 *(.init)
 .init          0x080112dc        0x4 c:/program files (x86)/atollic/truestudio for stm32 9.0.0/armtools/bin/../lib/gcc/arm-atollic-eabi/6.3.1/armv7e-m/fpu/crti.o
                0x080112dc                _init
 .init          0x080112e0        0x8 c:/program files (x86)/atollic/truestudio for stm32 9.0.0/armtools/bin/../lib/gcc/arm-atollic-eabi/6.3.1/armv7e-m/fpu/crtn.o
 *(.fini)
 .fini          0x080112e8        0x4 c:/program files (x86)/atollic/truestudio for stm32 9.0.0/armtools/bin/../lib/gcc/arm-atollic-eabi/6.3.1/armv7e-m/fpu/crti.o
                0x080112e8                _fini
 .fini          0x080112ec        0x8 c:/program files (x86)/atollic/truestudio for stm32 9.0.0/armtools/bin/../lib/gcc/arm-atollic-eabi/6.3.1/armv7e-m/fpu/crtn.o
                0x080112f4                . = ALIGN (0x4)
                0x080112f4                _etext = .

.vfp11_veneer   0x080112f4        0x0
 .vfp11_veneer  0x080112f4        0x0 linker stubs

.v4_bx          0x080112f4        0x0
 .v4_bx         0x080112f4        0x0 linker stubs

.iplt           0x080112f4        0x0
 .iplt          0x080112f4        0x0 c:/program files (x86)/atollic/truestudio for stm32 9.0.0/armtools/bin/../lib/gcc/arm-atollic-eabi/6.3.1/armv7e-m/fpu/crtbegin.o

.rodata         0x080112f4      0x310
                0x080112f4                . = ALIGN (0x4)
 *(.rodata)
 .rodata        0x080112f4       0x3f Middlewares\ST\STM32_USB_Device_Library\App\Src\usbd_conf.o
 *fill*         0x08011333        0x1 
 .rodata        0x08011334       0x4b Middlewares\ST\STM32_USB_Device_Library\App\Src\usbd_desc.o
 *fill*         0x0801137f        0x1 
 .rodata        0x08011380        0x5 Middlewares\ST\STM32_USB_Device_Library\App\Src\usbd_rndis_if.o
 *fill*         0x08011385        0x3 
 .rodata        0x08011388        0x5 Middlewares\Third_Party\FreeRTOS\Source\tasks.o
 *fill*         0x0801138d        0x3 
 .rodata        0x08011390       0x10 Middlewares\Third_Party\FreeRTOS-Plus-TCP\FreeRTOS_IP.o
 .rodata        0x080113a0        0xa Middlewares\Third_Party\FreeRTOS-Plus-TCP\portable\BufferManagement\BufferAllocation_2.o
 *fill*         0x080113aa        0x2 
 .rodata        0x080113ac       0x42 Src\main.o
 *(.rodata*)
 *fill*         0x080113ee        0x2 
 .rodata.OID_GEN_SUPPORTED
                0x080113f0       0x64 Middlewares\ST\STM32_USB_Device_Library\App\Src\usbd_rndis_if.o
                0x080113f0                OID_GEN_SUPPORTED
 .rodata.response
                0x08011454       0x20 Middlewares\ST\STM32_USB_Device_Library\App\Src\usbd_rndis_if.o
                0x08011454                response
 .rodata.nome.11031
                0x08011474        0xf Middlewares\ST\STM32_USB_Device_Library\App\Src\usbd_rndis_if.o
 *fill*         0x08011483        0x1 
 .rodata.xDefaultPartARPPacketHeader
                0x08011484       0x26 Middlewares\Third_Party\FreeRTOS-Plus-TCP\FreeRTOS_ARP.o
 *fill*         0x080114aa        0x2 
 .rodata.xLLMNR_MacAdress
                0x080114ac        0x6 Middlewares\Third_Party\FreeRTOS-Plus-TCP\FreeRTOS_DNS.o
                0x080114ac                xLLMNR_MacAdress
 *fill*         0x080114b2        0x2 
 .rodata.xBroadcastMACAddress
                0x080114b4        0x6 Middlewares\Third_Party\FreeRTOS-Plus-TCP\FreeRTOS_IP.o
                0x080114b4                xBroadcastMACAddress
 *fill*         0x080114ba        0x2 
 .rodata.xNetworkDownEvent.8455
                0x080114bc        0x8 Middlewares\Third_Party\FreeRTOS-Plus-TCP\FreeRTOS_IP.o
 .rodata.xNetworkDownEvent.8460
                0x080114c4        0x8 Middlewares\Third_Party\FreeRTOS-Plus-TCP\FreeRTOS_IP.o
 .rodata.xBufferAllocFixedSize
                0x080114cc        0x4 Middlewares\Third_Party\FreeRTOS-Plus-TCP\portable\BufferManagement\BufferAllocation_2.o
                0x080114cc                xBufferAllocFixedSize
 .rodata.ucIPAddress
                0x080114d0        0x4 Src\main.o
 .rodata.ucNetMask
                0x080114d4        0x4 Src\main.o
 .rodata.ucGatewayAddress
                0x080114d8        0x4 Src\main.o
 .rodata.ucDNSServerAddress
                0x080114dc        0x4 Src\main.o
 .rodata.AHBPrescTable
                0x080114e0       0x10 Src\system_stm32f4xx.o
                0x080114e0                AHBPrescTable
 .rodata.APBPrescTable
                0x080114f0        0x8 Src\system_stm32f4xx.o
                0x080114f0                APBPrescTable
 .rodata._setlocale_r.str1.1
                0x080114f8        0x8 c:/program files (x86)/atollic/truestudio for stm32 9.0.0/armtools/bin/../lib/gcc/arm-atollic-eabi/6.3.1/../../../../arm-atollic-eabi/lib/armv7e-m/fpu\libc_nano.a(lib_a-locale.o)
                                  0x9 (size before relaxing)
 .rodata.str1.1
                0x08011500        0x2 c:/program files (x86)/atollic/truestudio for stm32 9.0.0/armtools/bin/../lib/gcc/arm-atollic-eabi/6.3.1/../../../../arm-atollic-eabi/lib/armv7e-m/fpu\libc_nano.a(lib_a-locale.o)
 .rodata._ctype_
                0x08011502      0x101 c:/program files (x86)/atollic/truestudio for stm32 9.0.0/armtools/bin/../lib/gcc/arm-atollic-eabi/6.3.1/../../../../arm-atollic-eabi/lib/armv7e-m/fpu\libc_nano.a(lib_a-ctype_.o)
                0x08011502                _ctype_
                0x08011604                . = ALIGN (0x4)
 *fill*         0x08011603        0x1 

.ARM.extab
 *(.ARM.extab* .gnu.linkonce.armextab.*)

.ARM            0x08011604        0x8
                0x08011604                __exidx_start = .
 *(.ARM.exidx*)
 .ARM.exidx     0x08011604        0x8 c:/program files (x86)/atollic/truestudio for stm32 9.0.0/armtools/bin/../lib/gcc/arm-atollic-eabi/6.3.1/armv7e-m/fpu\libgcc.a(_udivmoddi4.o)
                0x0801160c                __exidx_end = .

.rel.dyn        0x0801160c        0x0
 .rel.iplt      0x0801160c        0x0 c:/program files (x86)/atollic/truestudio for stm32 9.0.0/armtools/bin/../lib/gcc/arm-atollic-eabi/6.3.1/armv7e-m/fpu/crtbegin.o
