usbd_conf.c:75:6:HAL_PCD_MspInit	40	static
usbd_conf.c:114:6:HAL_PCD_MspDeInit	16	static
usbd_conf.c:146:6:HAL_PCD_SetupStageCallback	16	static
usbd_conf.c:157:6:HAL_PCD_DataOutStageCallback	16	static
usbd_conf.c:168:6:HAL_PCD_DataInStageCallback	16	static
usbd_conf.c:178:6:HAL_PCD_SOFCallback	16	static
usbd_conf.c:188:6:HAL_PCD_ResetCallback	24	static
usbd_conf.c:218:6:HAL_PCD_SuspendCallback	16	static
usbd_conf.c:239:6:HAL_PCD_ResumeCallback	16	static
usbd_conf.c:253:6:HAL_PCD_ISOOUTIncompleteCallback	16	static
usbd_conf.c:264:6:HAL_PCD_ISOINIncompleteCallback	16	static
usbd_conf.c:274:6:HAL_PCD_ConnectCallback	16	static
usbd_conf.c:284:6:HAL_PCD_DisconnectCallback	16	static
usbd_conf.c:297:21:USBD_LL_Init	16	static
usbd_conf.c:335:21:USBD_LL_DeInit	24	static
usbd_conf.c:367:21:USBD_LL_Start	24	static
usbd_conf.c:399:21:USBD_LL_Stop	24	static
usbd_conf.c:434:21:USBD_LL_OpenEP	24	static
usbd_conf.c:476:21:USBD_LL_CloseEP	24	static
usbd_conf.c:511:21:USBD_LL_FlushEP	24	static
usbd_conf.c:546:21:USBD_LL_StallEP	24	static
usbd_conf.c:579:21:USBD_LL_ClearStallEP	24	static
usbd_conf.c:612:9:USBD_LL_IsStallEP	24	static
usbd_conf.c:631:21:USBD_LL_SetUSBAddress	24	static
usbd_conf.c:666:21:USBD_LL_Transmit	32	static
usbd_conf.c:706:21:USBD_LL_PrepareReceive	32	static
usbd_conf.c:744:10:USBD_LL_GetRxDataSize	16	static
usbd_conf.c:792:7:USBD_LL_Delay	16	static
usbd_conf.c:801:6:OTG_FS_IRQHandler	8	static
