FreeRTOS_IP.c:314:13:prvIPTask	40	static
FreeRTOS_IP.c:517:12:xIsCallingFromIPTask	16	static
FreeRTOS_IP.c:534:13:prvHandleEthernetPacket	16	static
FreeRTOS_IP.c:571:19:prvCalculateSleepTime	16	static
FreeRTOS_IP.c:624:13:prvCheckNetworkTimers	24	static
FreeRTOS_IP.c:692:13:prvIPTimerStart	16	static
FreeRTOS_IP.c:710:13:prvIPTimerReload	16	static
FreeRTOS_IP.c:717:19:prvIPTimerCheck	24	static
FreeRTOS_IP.c:746:6:FreeRTOS_NetworkDown	16	static
FreeRTOS_IP.c:767:12:FreeRTOS_NetworkDownFromISR	16	static
FreeRTOS_IP.c:788:7:FreeRTOS_GetUDPPayloadBuffer	24	static
FreeRTOS_IP.c:822:28:pxDuplicateNetworkBufferWithDescriptor	24	static
FreeRTOS_IP.c:887:28:pxUDPPayloadBuffer_to_NetworkBuffer	24	static
FreeRTOS_IP.c:925:6:FreeRTOS_ReleaseUDPPayloadBuffer	16	static
FreeRTOS_IP.c:935:12:FreeRTOS_IPInit	64	static
FreeRTOS_IP.c:1024:6:FreeRTOS_GetAddressConfiguration	24	static
FreeRTOS_IP.c:1050:6:FreeRTOS_SetAddressConfiguration	24	static
FreeRTOS_IP.c:1142:12:xSendEventToIPTask	32	static
FreeRTOS_IP.c:1154:12:xSendEventStructToIPTask	24	static
FreeRTOS_IP.c:1217:26:eConsiderFrameForProcessing	32	static
FreeRTOS_IP.c:1271:13:prvProcessNetworkDownEvent	8	static
FreeRTOS_IP.c:1321:6:vIPNetworkUpCalls	8	static
FreeRTOS_IP.c:1345:13:prvProcessEthernetPacket	32	static
FreeRTOS_IP.c:1422:33:prvAllowIPPacket	40	static
FreeRTOS_IP.c:1509:33:prvProcessIPPacket	56	static
FreeRTOS_IP.c:1713:34:prvProcessICMPEchoRequest	32	static
FreeRTOS_IP.c:1761:34:prvProcessICMPPacket	24	static
FreeRTOS_IP.c:1794:10:usGenerateProtocolChecksum	56	static
FreeRTOS_IP.c:2031:10:usGenerateChecksum	56	static
FreeRTOS_IP.c:2147:6:vReturnEthernetFrame	24	static
FreeRTOS_IP.c:2195:10:FreeRTOS_GetIPAddress	4	static
FreeRTOS_IP.c:2202:6:FreeRTOS_SetIPAddress	16	static
FreeRTOS_IP.c:2209:10:FreeRTOS_GetGatewayAddress	4	static
FreeRTOS_IP.c:2215:10:FreeRTOS_GetDNSServerAddress	4	static
FreeRTOS_IP.c:2221:10:FreeRTOS_GetNetmask	4	static
FreeRTOS_IP.c:2227:6:FreeRTOS_UpdateMACAddress	16	static
FreeRTOS_IP.c:2234:17:FreeRTOS_GetMACAddress	4	static
FreeRTOS_IP.c:2240:6:FreeRTOS_SetNetmask	16	static
FreeRTOS_IP.c:2246:6:FreeRTOS_SetGatewayAddress	16	static
FreeRTOS_IP.c:2298:12:xIPIsNetworkTaskReady	4	static
FreeRTOS_IP.c:2304:12:FreeRTOS_IsNetworkUp	4	static
